******************************************************************************
                  TI ARM Linker PC v20.2.7                     
******************************************************************************
>> Linked Fri Aug 16 21:31:25 2024

OUTPUT FILE NAME:   <FINALPROJECT_gpiointerrupt_CC3220S_LAUNCHXL_nortos_ccs.out>
ENTRY POINT SYMBOL: "resetISR"  address: 2001203d


MEMORY CONFIGURATION

         name            origin    length      used     unused   attr    fill
----------------------  --------  ---------  --------  --------  ----  --------
  SRAM2                 20000000   00004000  0000130c  00002cf4  RW X
  SRAM                  20004000   0003c000  0000f556  0002caaa  RW X
  LOG_DATA              90000000   00040000  00000000  00040000  R   


SEGMENT ALLOCATION MAP

run origin  load origin   length   init length attrs members
----------  ----------- ---------- ----------- ----- -------
20003000    20003000    00001000   00000000    rw-
  20003000    20003000    00001000   00000000    rw- .stack
20004000    20004000    00000040   00000040    r--
  20004000    20004000    00000040   00000040    r-- .resetVecs
20004040    20004040    00008000   00000000    rw-
  20004040    20004040    00008000   00000000    rw- .sysmem
2000c040    2000c040    0000656c   0000656c    r-x
  2000c040    2000c040    0000656c   0000656c    r-x .text
200125ac    200125ac    000005cc   00000000    rw-
  200125ac    200125ac    000005cc   00000000    rw- .data
20012b78    20012b78    0000051a   0000051a    r--
  20012b78    20012b78    0000051a   0000051a    r-- .const
20013098    20013098    000003d4   00000000    rw-
  20013098    20013098    000003d4   00000000    rw- .bss
20013470    20013470    000000f0   000000f0    r--
  20013470    20013470    000000f0   000000f0    r-- .cinit


SECTION ALLOCATION MAP

 output                                  attributes/
section   page    origin      length       input sections
--------  ----  ----------  ----------   ----------------
.text      0    2000c040    0000656c     
                  2000c040    00000a4e     rtsv7M4_T_le_eabi.lib : _printfi.c.obj (.text:__TI_printfi)
                  2000ca8e    00000002     ti_drivers_config.obj (.text:Board_initHook)
                  2000ca90    0000042c     driverlib.a : prcm.obj (.text:PRCMCC3200MCUInit)
                  2000cebc    00000288     drivers_cc32xx.a : UARTCC32XX.oem4 (.text:UARTCC32XX_open)
                  2000d144    00000268     rtsv7M4_T_le_eabi.lib : _printfi.c.obj (.text:_pconv_a)
                  2000d3ac    00000250     gpiointerrupt.obj (.text:initI2C)
                  2000d5fc    000001e4     drivers_cc32xx.a : GPIOCC32XX.oem4 (.text:GPIO_setConfig)
                  2000d7e0    000001cc     rtsv7M4_T_le_eabi.lib : _printfi.c.obj (.text:_pconv_g)
                  2000d9ac    000001b6                           : fd_add_t2.asm.obj (.text)
                  2000db62    00000002     drivers_cc32xx.a : I2C.oem4 (.text:I2C_init)
                  2000db64    0000019c     nortos_cc32xx.a : PowerCC32XX_nortos.oem4 (.text:PowerCC32XX_sleepPolicy)
                  2000dd00    00000154     gpiointerrupt.obj (.text:mainThread)
                  2000de54    00000148     drivers_cc32xx.a : I2CCC32XX.oem4 (.text:I2CCC32XX_hwiFxn)
                  2000df9c    00000148                      : PowerCC32XX.oem4 (.text:parkPins)
                  2000e0e4    0000013c     rtsv7M4_T_le_eabi.lib : _printfi.c.obj (.text:_pconv_e)
                  2000e220    00000138     drivers_cc32xx.a : PowerCC32XX.oem4 (.text:Power_sleep)
                  2000e358    00000136     rtsv7M4_T_le_eabi.lib : fd_div_t2.asm.obj (.text)
                  2000e48e    00000002     nortos_cc32xx.a : PowerCC32XX_nortos.oem4 (.text:PowerCC32XX_initPolicy)
                  2000e490    00000128     drivers_cc32xx.a : TimerCC32XX.oem4 (.text:TimerCC32XX_open)
                  2000e5b8    00000122                      : I2C.oem4 (.text:I2C_transferTimeout)
                  2000e6da    00000002                      : TimerCC32XX.oem4 (.text:TimerCC32XX_init)
                  2000e6dc    00000120                      : UARTCC32XX.oem4 (.text:UARTCC32XX_close)
                  2000e7fc    00000120     rtsv7M4_T_le_eabi.lib : _printfi.c.obj (.text:fcvt)
                  2000e91c    00000120     gpiointerrupt.obj (.text:readTemp)
                  2000ea3c    00000100     rtsv7M4_T_le_eabi.lib : memory.c.obj (.text:aligned_alloc)
                  2000eb3c    000000fc     drivers_cc32xx.a : I2CCC32XX.oem4 (.text:I2C_open)
                  2000ec38    000000fc     rtsv7M4_T_le_eabi.lib : fd_mul_t2.asm.obj (.text)
                  2000ed34    000000f2     drivers_cc32xx.a : UARTCC32XX.oem4 (.text:UARTCC32XX_control)
                  2000ee26    00000002                      : UARTCC32XX.oem4 (.text:UARTCC32XX_init)
                  2000ee28    000000e4     rtsv7M4_T_le_eabi.lib : memory.c.obj (.text:free)
                  2000ef0c    000000d0                           : s_scalbn.c.obj (.text:scalbn)
                  2000efdc    000000ca     drivers_cc32xx.a : UARTCC32XX.oem4 (.text:UARTCC32XX_write)
                  2000f0a6    00000002     rtsv7M4_T_le_eabi.lib : _lock.c.obj (.text:_nop)
                  2000f0a8    000000c4     drivers_cc32xx.a : GPIOCC32XX.oem4 (.text:GPIO_init)
                  2000f16c    000000c0                      : PowerCC32XX.oem4 (.text:restoreParkedPins)
                  2000f22c    000000ba                      : UARTCC32XX.oem4 (.text:UARTCC32XX_readPolling)
                  2000f2e6    00000002     nortos_cc32xx.a : startup_cc32xx_ccs.oem4 (.text:busFaultHandler)
                  2000f2e8    000000b8     drivers_cc32xx.a : UARTCC32XX.oem4 (.text:initHw)
                  2000f3a0    000000b6                      : UARTCC32XX.oem4 (.text:readTaskCallback)
                  2000f456    000000b2                      : I2CCC32XX.oem4 (.text:I2CCC32XX_completeTransfer)
                  2000f508    000000b1     rtsv7M4_T_le_eabi.lib : _printfi.c.obj (.text:_ltostr)
                  2000f5b9    00000001     --HOLE-- [fill = 0]
                  2000f5ba    000000b0     drivers_cc32xx.a : UARTCC32XX.oem4 (.text:readTaskBlocking)
                  2000f66a    000000ae                      : UARTCC32XX.oem4 (.text:readIsrTextBlocking)
                  2000f718    000000a8                      : I2CCC32XX.oem4 (.text:I2CCC32XX_primeWriteBurst)
                  2000f7c0    000000a8     driverlib.a : interrupt.obj (.text:IntEnable)
                  2000f868    000000a8     drivers_cc32xx.a : PowerCC32XX.oem4 (.text:PowerCC32XX_configureWakeup)
                  2000f910    000000a2                      : UARTCC32XX.oem4 (.text:readIsrTextCallback)
                  2000f9b2    000000a2                      : UARTCC32XX.oem4 (.text:writeData)
                  2000fa54    000000a0     nortos_cc32xx.a : SemaphoreP_nortos.oem4 (.text:SemaphoreP_pend)
                  2000faf4    0000009c     drivers_cc32xx.a : I2CCC32XX.oem4 (.text:I2CCC32XX_initHw)
                  2000fb90    0000009c     rtsv7M4_T_le_eabi.lib : memcpy_t2.asm.obj (.text)
                  2000fc2c    00000098     drivers_cc32xx.a : GPIOCC32XX.oem4 (.text:powerNotifyFxn)
                  2000fcc4    00000096     rtsv7M4_T_le_eabi.lib : ull_div_t2.asm.obj (.text)
                  2000fd5a    00000002     nortos_cc32xx.a : SemaphoreP_nortos.oem4 (.text:clkFxn)
                  2000fd5c    00000090     drivers_cc32xx.a : PowerCC32XX.oem4 (.text:restoreNVICRegs)
                  2000fdec    0000008c     nortos_cc32xx.a : HwiPCC32XX_nortos.oem4 (.text:HwiP_construct)
                  2000fe78    00000088     driverlib.a : interrupt.obj (.text:IntPendSet)
                  2000ff00    00000088                 : pin.obj (.text:PinConfigSet)
                  2000ff88    00000088     drivers_cc32xx.a : TimerCC32XX.oem4 (.text:TimerCC32XX_setPeriod)
                  20010010    00000086     rtsv7M4_T_le_eabi.lib : fd_cmp_t2.asm.obj (.text:__aeabi_cdcmple)
                  20010096    00000086                           : fd_cmp_t2.asm.obj (.text:__aeabi_cdrcmple)
                  2001011c    00000084     drivers_cc32xx.a : PowerCC32XX.oem4 (.text:Power_init)
                  200101a0    00000084                      : PowerCC32XX.oem4 (.text:saveNVICRegs)
                  20010224    00000080                      : PowerCC32XX.oem4 (.text:Power_setDependency)
                  200102a4    0000007c                      : UARTCC32XX.oem4 (.text:readIsrBinaryBlocking)
                  20010320    0000007a                      : I2CCC32XX.oem4 (.text:I2CCC32XX_primeReadBurst)
                  2001039a    0000007a     rtsv7M4_T_le_eabi.lib : fs_mul_t2.asm.obj (.text)
                  20010414    0000007a                           : memset_t2.asm.obj (.text)
                  2001048e    00000002     nortos_cc32xx.a : startup_cc32xx_ccs.oem4 (.text:defaultHandler)
                  20010490    00000078     drivers_cc32xx.a : GPIOCC32XX.oem4 (.text:GPIO_hwiIntFxn)
                  20010508    00000078                      : TimerCC32XX.oem4 (.text:TimerCC32XX_start)
                  20010580    00000078                      : UARTCC32XX.oem4 (.text:readIsrBinaryCallback)
                  200105f8    00000074                      : UARTCC32XX.oem4 (.text:UARTCC32XX_hwiIntFxn)
                  2001066c    00000070     rtsv7M4_T_le_eabi.lib : memory.c.obj (.text:split)
                  200106dc    0000006e                           : _printfi.c.obj (.text:_mcpy)
                  2001074a    0000006a     drivers_cc32xx.a : I2CCC32XX.oem4 (.text:I2CSupport_primeTransfer)
                  200107b4    00000068     rtsv7M4_T_le_eabi.lib : copy_decompress_lzss.c.obj (.text:decompress:lzss:__TI_decompress_lzss)
                  2001081c    00000066     drivers_cc32xx.a : UARTCC32XX.oem4 (.text:UARTCC32XX_writeCancel)
                  20010882    00000002     nortos_cc32xx.a : startup_cc32xx_ccs.oem4 (.text:faultISR)
                  20010884    00000064     drivers_cc32xx.a : PowerCC32XX.oem4 (.text:PowerCC32XX_setParkState)
                  200108e8    00000062                      : UARTCC32XX.oem4 (.text:UARTCC32XX_writePolling)
                  2001094a    00000002     nortos_cc32xx.a : startup_cc32xx_ccs.oem4 (.text:nmiISR)
                  2001094c    00000060     driverlib.a : prcm.obj (.text:PRCMSysResetCauseGet)
                  200109ac    0000005c     drivers_cc32xx.a : GPIOCC32XX.oem4 (.text:GPIO_setCallback)
                  20010a08    0000005c     rtsv7M4_T_le_eabi.lib : s_frexp.c.obj (.text:frexp)
                  20010a64    0000005c     nortos_cc32xx.a : ClockPSysTick_nortos.oem4 (.text:sysTickInit)
                  20010ac0    00000058     drivers_cc32xx.a : GPIOCC32XX.oem4 (.text:GPIO_write)
                  20010b18    00000058     driverlib.a : prcm.obj (.text:PRCMPeripheralReset)
                  20010b70    00000058     drivers_cc32xx.a : PowerCC32XX.oem4 (.text:Power_releaseDependency)
                  20010bc8    00000056                      : TimerCC32XX.oem4 (.text:TimerCC32XX_stop)
                  20010c1e    00000056     rtsv7M4_T_le_eabi.lib : _printfi.c.obj (.text:_pconv_f)
                  20010c74    00000054                           : _ltoa.c.obj (.text:__TI_ltoa)
                  20010cc8    00000054     gpiointerrupt.obj (.text:initTimer)
                  20010d1c    00000054     drivers_cc32xx.a : UARTCC32XX.oem4 (.text:ringBufGet)
                  20010d70    00000052                      : PowerCC32XX_asm.oem4 (.text:PowerCC32XX_resumeLPDS)
                  20010dc2    00000052     rtsv7M4_T_le_eabi.lib : _printfi.c.obj (.text:_ecpy)
                  20010e14    00000052     drivers_cc32xx.a : TimerCC32XX.oem4 (.text:initHw)
                  20010e66    00000002     rtsv7M4_T_le_eabi.lib : div0.asm.obj (.text)
                  20010e68    00000050     nortos_cc32xx.a : ClockPSysTick_nortos.oem4 (.text:ClockP_sysTickHandler)
                  20010eb8    00000050                     : SemaphoreP_nortos.oem4 (.text:SemaphoreP_construct)
                  20010f08    00000050     drivers_cc32xx.a : TimerCC32XX.oem4 (.text:TimerCC32XX_allocateTimerResource)
                  20010f58    0000004c                      : GPIOCC32XX.oem4 (.text:GPIO_enableInt)
                  20010fa4    0000004c                      : I2CCC32XX.oem4 (.text:I2CCC32XX_readRecieveFifo)
                  20010ff0    0000004c                      : PowerCC32XX.oem4 (.text:PowerCC32XX_parkPin)
                  2001103c    0000004c     rtsv7M4_T_le_eabi.lib : atoi.c.obj (.text:atoi)
                  20011088    0000004c     drivers_cc32xx.a : PowerCC32XX.oem4 (.text:restorePeriphClocks)
                  200110d4    0000004c     rtsv7M4_T_le_eabi.lib : snprintf.c.obj (.text:snprintf)
                  20011120    00000048     driverlib.a : flash.obj (.text:FlashDisable)
                  20011168    00000048                 : prcm.obj (.text:PRCMLPDSEnter)
                  200111b0    00000048                 : prcm.obj (.text:PRCMPeripheralClkEnable)
                  200111f8    00000048     drivers_cc32xx.a : PowerCC32XX.oem4 (.text:Power_releaseConstraint)
                  20011240    00000048     rtsv7M4_T_le_eabi.lib : fd_toi_t2.asm.obj (.text)
                  20011288    00000046     drivers_cc32xx.a : RingBuf.oem4 (.text:RingBuf_put)
                  200112ce    00000046                      : TimerCC32XX.oem4 (.text:getPrescaler)
                  20011314    00000044     nortos_cc32xx.a : ClockPSysTick_nortos.oem4 (.text:ClockP_stop)
                  20011358    00000044     driverlib.a : prcm.obj (.text:PRCMLPDSRestoreInfoSet)
                  2001139c    00000044     drivers_cc32xx.a : PowerCC32XX_asm.oem4 (.text:PowerCC32XX_enterLPDS)
                  200113e0    00000044     nortos_cc32xx.a : SemaphoreP_nortos.oem4 (.text:SemaphoreP_post)
                  20011424    00000044                     : SwiP_nortos.oem4 (.text:SwiP_restore)
                  20011468    00000044     drivers_cc32xx.a : Timer.oem4 (.text:Timer_init)
                  200114ac    00000044                      : UART.oem4 (.text:UART_init)
                  200114f0    00000044     rtsv7M4_T_le_eabi.lib : autoinit.c.obj (.text:__TI_auto_init_nobinit_nopinit:__TI_auto_init_nobinit_nopinit)
                  20011534    00000044     gpiointerrupt.obj (.text:initUART)
                  20011578    00000040     nortos_cc32xx.a : ClockPSysTick_nortos.oem4 (.text:ClockP_construct)
                  200115b8    00000040     driverlib.a : pin.obj (.text:PinModeSet)
                  200115f8    00000040     drivers_cc32xx.a : RingBuf.oem4 (.text:RingBuf_get)
                  20011638    00000040                      : Timer.oem4 (.text:Timer_open)
                  20011678    00000040                      : UARTCC32XX.oem4 (.text:UARTCC32XX_read)
                  200116b8    00000040                      : UART.oem4 (.text:UART_open)
                  200116f8    0000003e     rtsv7M4_T_le_eabi.lib : _printfi.c.obj (.text:_fcpy)
                  20011736    00000002     --HOLE-- [fill = 0]
                  20011738    0000003c     nortos_cc32xx.a : ClockPSysTick_nortos.oem4 (.text:ClockP_destruct)
                  20011774    0000003c     drivers_cc32xx.a : PowerCC32XX.oem4 (.text:Power_setConstraint)
                  200117b0    0000003a                      : TimerCC32XX.oem4 (.text:TimerCC32XX_close)
                  200117ea    0000003a     nortos_cc32xx.a : PowerCC32XX_nortos.oem4 (.text:getCountsRTC)
                  20011824    00000038     driverlib.a : prcm.obj (.text:PRCMLPDSEnterKeepDebugIf)
                  2001185c    00000038     drivers_cc32xx.a : TimerCC32XX.oem4 (.text:TimerCC32XX_hwiIntFunction)
                  20011894    00000038     nortos_cc32xx.a : ClockPSysTick_nortos.oem4 (.text:addToList)
                  200118cc    00000038                     : startup_cc32xx_ccs.oem4 (.text:initVectors)
                  20011904    00000038     drivers_cc32xx.a : PowerCC32XX.oem4 (.text:notify)
                  2001193c    00000038     rtsv7M4_T_le_eabi.lib : fs_toi_t2.asm.obj (.text)
                  20011974    00000038                           : i_tofs_t2.asm.obj (.text)
                  200119ac    00000036     driverlib.a : timer.obj (.text:TimerControlStall)
                  200119e2    00000036     drivers_cc32xx.a : UARTCC32XX.oem4 (.text:UARTCC32XX_readCancel)
                  20011a18    00000034     nortos_cc32xx.a : ClockPSysTick_nortos.oem4 (.text:ClockP_getTicksUntilInterrupt)
                  20011a4c    00000034                     : ClockPSysTick_nortos.oem4 (.text:ClockP_startup)
                  20011a80    00000034     driverlib.a : pin.obj (.text:PinModeGet)
                  20011ab4    00000034     drivers_cc32xx.a : PowerCC32XX.oem4 (.text:PowerCC32XX_restoreParkState)
                  20011ae8    00000034                      : TimerCC32XX.oem4 (.text:TimerCC32XX_freeTimerResource)
                  20011b1c    00000034                      : TimerCC32XX.oem4 (.text:getPowerMgrId)
                  20011b50    00000030     nortos_cc32xx.a : ClockPSysTick_nortos.oem4 (.text:ClockP_start)
                  20011b80    00000030     drivers_cc32xx.a : PowerCC32XX.oem4 (.text:PowerCC32XX_restoreParkedPin)
                  20011bb0    00000030     rtsv7M4_T_le_eabi.lib : snprintf.c.obj (.text:_outs)
                  20011be0    0000002e                           : i_tofd_t2.asm.obj (.text)
                  20011c0e    00000002     --HOLE-- [fill = 0]
                  20011c10    0000002c     drivers_cc32xx.a : PowerCC32XX.oem4 (.text:PowerCC32XX_getParkState)
                  20011c3c    0000002a     nortos_cc32xx.a : HwiPCC32XX_nortos.oem4 (.text:HwiP_create)
                  20011c66    0000002a     driverlib.a : timer.obj (.text:TimerLoadSet)
                  20011c90    0000002a                 : timer.obj (.text:TimerPrescaleSet)
                  20011cba    00000028                 : i2c.obj (.text:I2CFIFODataPutNonBlocking)
                  20011ce2    00000002     --HOLE-- [fill = 0]
                  20011ce4    00000028                 : prcm.obj (.text:PRCMPeripheralClkDisable)
                  20011d0c    00000028     drivers_cc32xx.a : PowerCC32XX.oem4 (.text:Power_registerNotify)
                  20011d34    00000028     rtsv7M4_T_le_eabi.lib : memory.c.obj (.text:free_list_insert)
                  20011d5c    00000026     driverlib.a : i2c.obj (.text:I2CFIFODataGetNonBlocking)
                  20011d82    00000026     drivers_cc32xx.a : I2C.oem4 (.text:I2C_cancel)
                  20011da8    00000026                      : List.oem4 (.text:List_put)
                  20011dce    00000026                      : List.oem4 (.text:List_remove)
                  20011df4    00000024     nortos_cc32xx.a : HwiPCC32XX_nortos.oem4 (.text:HwiP_dispatch)
                  20011e18    00000024     drivers_cc32xx.a : PowerCC32XX.oem4 (.text:PowerCC32XX_reset)
                  20011e3c    00000024     rtsv7M4_T_le_eabi.lib : boot_cortex_m.c.obj (.text:_c_int00_noargs:_c_int00_noargs)
                  20011e60    00000022     driverlib.a : i2c.obj (.text:I2CMasterSlaveAddrSet)
                  20011e82    00000020     nortos_cc32xx.a : HwiPCC32XX_nortos.oem4 (.text:HwiP_destruct)
                  20011ea2    00000002     --HOLE-- [fill = 0]
                  20011ea4    00000020     drivers_cc32xx.a : PowerCC32XX.oem4 (.text:Power_unregisterNotify)
                  20011ec4    00000020                      : RingBuf.oem4 (.text:RingBuf_peek)
                  20011ee4    00000020                      : UARTCC32XX.oem4 (.text:getPowerMgrId)
                  20011f04    0000001e     driverlib.a : i2c.obj (.text:I2CMasterIntStatusEx)
                  20011f22    0000001e     nortos_cc32xx.a : SemaphoreP_nortos.oem4 (.text:SemaphoreP_constructBinary)
                  20011f40    0000001e     driverlib.a : timer.obj (.text:TimerDisable)
                  20011f5e    0000001e                 : timer.obj (.text:TimerEnable)
                  20011f7c    0000001c                 : pin.obj (.text:PinToPadGet)
                  20011f98    0000001c     nortos_cc32xx.a : SwiP_nortos.oem4 (.text:SwiP_disable)
                  20011fb4    0000001c     rtsv7M4_T_le_eabi.lib : copy_zero_init.c.obj (.text:decompress:ZI:__TI_zero_init_nomemset:__TI_zero_init_nomemset)
                  20011fd0    0000001c                           : memory.c.obj (.text:free_list_remove)
                  20011fec    0000001c                           : memccpy.c.obj (.text:memccpy)
                  20012008    0000001a     nortos_cc32xx.a : ClockPSysTick_nortos.oem4 (.text:ClockP_create)
                  20012022    0000001a                     : SemaphoreP_nortos.oem4 (.text:SemaphoreP_createBinary)
                  2001203c    0000001a                     : startup_cc32xx_ccs.oem4 (.text:resetISR)
                  20012056    00000018     driverlib.a : i2c.obj (.text:I2CMasterBusBusy)
                  2001206e    00000018                 : i2c.obj (.text:I2CMasterIntDisableEx)
                  20012086    00000018                 : i2c.obj (.text:I2CMasterIntEnableEx)
                  2001209e    00000018                 : i2c.obj (.text:I2CRxFIFOFlush)
                  200120b6    00000018                 : i2c.obj (.text:I2CTxFIFOFlush)
                  200120ce    00000002     --HOLE-- [fill = 0]
                  200120d0    00000018     drivers_cc32xx.a : PowerCC32XX.oem4 (.text:Power_getTransitionLatency)
                  200120e8    00000018                      : PowerCC32XX.oem4 (.text:Power_idleFunc)
                  20012100    00000018                      : TimerCC32XX.oem4 (.text:TimerCC32XX_getCount)
                  20012118    00000018     driverlib.a : timer.obj (.text:TimerIntDisable)
                  20012130    00000018                 : timer.obj (.text:TimerIntEnable)
                  20012148    00000018                 : uart.obj (.text:UARTBusy)
                  20012160    00000018                 : uart.obj (.text:UARTIntEnable)
                  20012178    00000018     drivers_cc32xx.a : UART.oem4 (.text:UART_Params_init)
                  20012190    00000018     rtsv7M4_T_le_eabi.lib : snprintf.c.obj (.text:_outc)
                  200121a8    00000018     gpiointerrupt.obj (.text:gpioButtonFxn0)
                  200121c0    00000018     gpiointerrupt.obj (.text:gpioButtonFxn1)
                  200121d8    00000018     rtsv7M4_T_le_eabi.lib : ll_mul_t2.asm.obj (.text)
                  200121f0    00000018     gpiointerrupt.obj (.text:timerCallback)
                  20012208    00000016     driverlib.a : i2c.obj (.text:I2CMasterBurstLengthSet)
                  2001221e    00000016                 : prcm.obj (.text:PRCMHIBRegRead)
                  20012234    00000016                 : prcm.obj (.text:PRCMHIBRegWrite)
                  2001224a    00000016     nortos_cc32xx.a : SemaphoreP_nortos.oem4 (.text:SemaphoreP_create)
                  20012260    00000016     rtsv7M4_T_le_eabi.lib : strchr.c.obj (.text:strchr)
                  20012276    00000014     driverlib.a : cpu.obj (.text:CPUcpsid)
                  2001228a    00000002     --HOLE-- [fill = 0]
                  2001228c    00000014     nortos_cc32xx.a : HwiPCC32XX_nortos.oem4 (.text:HwiP_inISR)
                  200122a0    00000014     drivers_cc32xx.a : I2CCC32XX.oem4 (.text:I2CSupport_masterFinish)
                  200122b4    00000014                      : I2C.oem4 (.text:I2C_transfer)
                  200122c8    00000014     driverlib.a : interrupt.obj (.text:IntVTableBaseSet)
                  200122dc    00000014     drivers_cc32xx.a : PowerCC32XX.oem4 (.text:Power_disablePolicy)
                  200122f0    00000014                      : PowerCC32XX.oem4 (.text:Power_getDependencyCount)
                  20012304    00000014                      : UARTCC32XX.oem4 (.text:releasePowerConstraint)
                  20012318    00000014     rtsv7M4_T_le_eabi.lib : strlen.c.obj (.text:strlen)
                  2001232c    00000012     nortos_cc32xx.a : HwiPCC32XX_nortos.oem4 (.text:HwiP_Params_init)
                  2001233e    00000012     driverlib.a : i2c.obj (.text:I2CMasterIntClearEx)
                  20012350    00000012     drivers_cc32xx.a : RingBuf.oem4 (.text:RingBuf_construct)
                  20012362    00000012     driverlib.a : timer.obj (.text:TimerIntClear)
                  20012374    00000012     main_nortos.obj (.text:main)
                  20012386    00000012     rtsv7M4_T_le_eabi.lib : wcslen.c.obj (.text:wcslen)
                  20012398    00000010     ti_drivers_config.obj (.text:Board_init)
                  200123a8    00000010     nortos_cc32xx.a : ClockPSysTick_nortos.oem4 (.text:ClockP_add)
                  200123b8    00000010                     : ClockPSysTick_nortos.oem4 (.text:ClockP_delete)
                  200123c8    00000010                     : ClockPSysTick_nortos.oem4 (.text:ClockP_getCpuFreq)
                  200123d8    00000010                     : ClockPSysTick_nortos.oem4 (.text:ClockP_getSystemTicks)
                  200123e8    00000010                     : ClockPSysTick_nortos.oem4 (.text:ClockP_setTicks)
                  200123f8    00000010                     : HwiPCC32XX_nortos.oem4 (.text:HwiP_delete)
                  20012408    00000010                     : HwiPCC32XX_nortos.oem4 (.text:HwiP_restore)
                  20012418    00000010     driverlib.a : i2c.obj (.text:I2CFIFOStatus)
                  20012428    00000010     drivers_cc32xx.a : I2C.oem4 (.text:I2C_Params_init)
                  20012438    00000010                      : PowerCC32XX.oem4 (.text:Power_enablePolicy)
                  20012448    00000010     nortos_cc32xx.a : SemaphoreP_nortos.oem4 (.text:SemaphoreP_Params_init)
                  20012458    00000010     drivers_cc32xx.a : Timer.oem4 (.text:Timer_Params_init)
                  20012468    00000010                      : UARTCC32XX.oem4 (.text:readBlockingTimeout)
                  20012478    0000000e     nortos_cc32xx.a : HwiPCC32XX_nortos.oem4 (.text:HwiP_clearInterrupt)
                  20012486    0000000e                     : HwiPCC32XX_nortos.oem4 (.text:HwiP_disable)
                  20012494    0000000e                     : HwiPCC32XX_nortos.oem4 (.text:HwiP_disableInterrupt)
                  200124a2    0000000e                     : HwiPCC32XX_nortos.oem4 (.text:HwiP_enable)
                  200124b0    0000000e                     : HwiPCC32XX_nortos.oem4 (.text:HwiP_enableInterrupt)
                  200124be    0000000e     drivers_cc32xx.a : I2CCC32XX.oem4 (.text:I2CCC32XX_updateReg)
                  200124cc    0000000e                      : RingBuf.oem4 (.text:RingBuf_isFull)
                  200124da    0000000e     rtsv7M4_T_le_eabi.lib : copy_decompress_none.c.obj (.text:decompress:none:__TI_decompress_none)
                  200124e8    0000000c     drivers_cc32xx.a : I2CCC32XX.oem4 (.text:I2CCC32XX_postNotify)
                  200124f4    0000000c                      : PowerCC32XX.oem4 (.text:Power_getConstraintMask)
                  20012500    0000000c     rtsv7M4_T_le_eabi.lib : s_copysign.c.obj (.text:copysign)
                  2001250c    0000000c     drivers_cc32xx.a : TimerCC32XX.oem4 (.text:postNotifyFxn)
                  20012518    0000000c                      : UARTCC32XX.oem4 (.text:postNotifyFxn)
                  20012524    0000000a     nortos_cc32xx.a : ClockPSysTick_nortos.oem4 (.text:ClockP_Params_init)
                  2001252e    0000000a                     : ClockPSysTick_nortos.oem4 (.text:ClockP_isActive)
                  20012538    0000000a     driverlib.a : interrupt.obj (.text:IntMasterDisable)
                  20012542    0000000a     drivers_cc32xx.a : Timer.oem4 (.text:Timer_start)
                  2001254c    0000000a                      : UART.oem4 (.text:UART_write)
                  20012556    00000008                      : I2CCC32XX.oem4 (.text:I2CCC32XX_blockingCallback)
                  2001255e    00000002     --HOLE-- [fill = 0]
                  20012560    00000008     rtsv7M4_T_le_eabi.lib : errno.c.obj (.text:__aeabi_errno_addr)
                  20012568    00000008                           : memory.c.obj (.text:malloc)
                  20012570    00000008     drivers_cc32xx.a : UARTCC32XX.oem4 (.text:readSemCallback)
                  20012578    00000008                      : UARTCC32XX.oem4 (.text:writeSemCallback)
                  20012580    00000006                      : I2CCC32XX.oem4 (.text:I2CSupport_powerRelConstraint)
                  20012586    00000006                      : I2CCC32XX.oem4 (.text:I2CSupport_powerSetConstraint)
                  2001258c    00000006                      : TimerCC32XX.oem4 (.text:TimerCC32XX_control)
                  20012592    00000006     driverlib.a : utils.obj (.text:UtilsDelay)
                  20012598    00000004     nortos_cc32xx.a : ClockPSysTick_nortos.oem4 (.text:ClockP_setTimeout)
                  2001259c    00000004                     : HwiPCC32XX_nortos.oem4 (.text:HwiP_post)
                  200125a0    00000004                     : SemaphoreP_nortos.oem4 (.text:SemaphoreP_delete)
                  200125a4    00000004     rtsv7M4_T_le_eabi.lib : pre_init.c.obj (.text:_system_pre_init)
                  200125a8    00000004                           : exit.c.obj (.text:abort:abort)

.const     0    20012b78    0000051a     
                  20012b78    00000101     rtsv7M4_T_le_eabi.lib : ctype.c.obj (.const:.string:_ctypes_)
                  20012c79    00000003     --HOLE-- [fill = 0]
                  20012c7c    00000100     driverlib.a : pin.obj (.const:g_ulPinToPadMap)
                  20012d7c    000000a8                 : prcm.obj (.const:PRCM_PeriphRegsList)
                  20012e24    00000044     ti_drivers_config.obj (.const:PowerCC32XX_config)
                  20012e68    00000028     drivers_cc32xx.a : UARTCC32XX.oem4 (.const:UARTCC32XX_fxnTable)
                  20012e90    00000024                      : UART.oem4 (.const:UART_defaultParams)
                  20012eb4    00000024     ti_drivers_config.obj (.const:uartCC32XXHWAttrs0)
                  20012ed8    00000021     drivers_cc32xx.a : GPIOCC32XX.oem4 (.const:.string:pinTable)
                  20012ef9    00000003     --HOLE-- [fill = 0]
                  20012efc    00000020                      : TimerCC32XX.oem4 (.const:TimerCC32XX_fxnTable)
                  20012f1c    00000020                      : UARTCC32XX.oem4 (.const:staticFxnTable)
                  20012f3c    00000018     driverlib.a : interrupt.obj (.const:g_pulEnRegs)
                  20012f54    00000018                 : interrupt.obj (.const:g_pulPendRegs)
                  20012f6c    00000018     gpiointerrupt.obj (.const:sensors)
                  20012f84    00000014     ti_drivers_config.obj (.const:GPIOCC32XX_config)
                  20012f98    00000014     drivers_cc32xx.a : GPIOCC32XX.oem4 (.const:gpioBaseAddresses)
                  20012fac    00000014     ti_drivers_config.obj (.const:i2cCC32XXHWAttrs)
                  20012fc0    00000014     drivers_cc32xx.a : UARTCC32XX.oem4 (.const:parityType)
                  20012fd4    00000014                      : GPIOCC32XX.oem4 (.const:powerResources)
                  20012fe8    00000010                      : I2C.oem4 (.const:I2C_defaultParams)
                  20012ff8    00000010                      : I2CCC32XX.oem4 (.const:I2C_defaultParams)
                  20013008    00000010                      : UARTCC32XX.oem4 (.const:dataLength)
                  20013018    00000010     ti_drivers_config.obj (.const:timerCC32XXHWAttrs)
                  20013028    0000000c     gpiointerrupt.obj (.const:.string)
                  20013034    0000000c     ti_drivers_config.obj (.const:Timer_config)
                  20013040    0000000c     ti_drivers_config.obj (.const:UART_config)
                  2001304c    0000000c     drivers_cc32xx.a : Timer.oem4 (.const:defaultParams)
                  20013058    00000009     ti_drivers_config.obj (.const)
                  20013061    00000003     --HOLE-- [fill = 0]
                  20013064    00000008     ti_drivers_config.obj (.const:I2C_config)
                  2001306c    00000008     drivers_cc32xx.a : GPIOCC32XX.oem4 (.const:outPinTypes)
                  20013074    00000008                      : UARTCC32XX.oem4 (.const:stopBits)
                  2001307c    00000006                      : GPIOCC32XX.oem4 (.const:.string:interruptType)
                  20013082    00000006                      : GPIOCC32XX.oem4 (.const:inPinTypes)
                  20013088    00000006                      : GPIOCC32XX.oem4 (.const:outPinStrengths)
                  2001308e    00000004                      : GPIOCC32XX.oem4 (.const:.string:portInterruptIds)

.cinit     0    20013470    000000f0     
                  20013470    000000cb     (.cinit..data.load) [load image, compression = lzss]
                  2001353b    00000001     --HOLE-- [fill = 0]
                  2001353c    0000000c     (__TI_handler_table)
                  20013548    00000008     (.cinit..bss.load) [load image, compression = zero_init]
                  20013550    00000010     (__TI_cinit_table)

.init_array 
*          0    20004000    00000000     UNINITIALIZED

.ramVecs   0    20000000    0000030c     NOLOAD SECTION
                  20000000    0000030c     nortos_cc32xx.a : startup_cc32xx_ccs.oem4 (.ramVecs)

.stack     0    20003000    00001000     UNINITIALIZED
                  20003000    00000004     rtsv7M4_T_le_eabi.lib : boot_cortex_m.c.obj (.stack)
                  20003004    00000ffc     --HOLE--

.resetVecs 
*          0    20004000    00000040     
                  20004000    00000040     nortos_cc32xx.a : startup_cc32xx_ccs.oem4 (.resetVecs:retain)

.sysmem    0    20004040    00008000     UNINITIALIZED
                  20004040    00000010     rtsv7M4_T_le_eabi.lib : memory.c.obj (.sysmem)
                  20004050    00007ff0     --HOLE--

.data      0    200125ac    000005cc     UNINITIALIZED
                  200125ac    0000030c     nortos_cc32xx.a : HwiPCC32XX_nortos.oem4 (.data:HwiP_dispatchTable)
                  200128b8    0000016c     drivers_cc32xx.a : PowerCC32XX.oem4 (.data:PowerCC32XX_module)
                  20012a24    000000f8     ti_drivers_config.obj (.data:parkInfo)
                  20012b1c    0000000c     ti_drivers_config.obj (.data:gpioCallbackFunctions)
                  20012b28    0000000c     ti_drivers_config.obj (.data:gpioPinConfigs)
                  20012b34    00000009     drivers_cc32xx.a : GPIOCC32XX.oem4 (.data)
                  20012b3d    00000003     nortos_cc32xx.a : SemaphoreP_nortos.oem4 (.data)
                  20012b40    00000009     gpiointerrupt.obj (.data)
                  20012b49    00000001     drivers_cc32xx.a : Timer.oem4 (.data)
                  20012b4a    00000001                      : UART.oem4 (.data)
                  20012b4b    00000001     --HOLE--
                  20012b4c    00000008     rtsv7M4_T_le_eabi.lib : _lock.c.obj (.data:$O1$$)
                  20012b54    00000008                           : memory.c.obj (.data:$O1$$)
                  20012b5c    00000008     nortos_cc32xx.a : SemaphoreP_nortos.oem4 (.data:SemaphoreP_defaultParams)
                  20012b64    00000008                     : HwiPCC32XX_nortos.oem4 (.data)
                  20012b6c    00000005                     : ClockPSysTick_nortos.oem4 (.data)
                  20012b71    00000003     --HOLE--
                  20012b74    00000004     rtsv7M4_T_le_eabi.lib : errno.c.obj (.data)

.bss       0    20013098    000003d4     UNINITIALIZED
                  20013098    0000012c     (.common:PowerCC32XX_contextSave)
                  200131c4    000000fc     (.common:i2cCC32XXObjects)
                  200132c0    00000084     (.common:uartCC32XXObjects0)
                  20013344    00000040     (.common:output)
                  20013384    00000034     (.common:timerCC32XXObjects)
                  200133b8    00000020     drivers_cc32xx.a : GPIOCC32XX.oem4 (.bss:gpioCallbackInfo)
                  200133d8    00000020     ti_drivers_config.obj (.bss:uartCC32XXRingBuffer0)
                  200133f8    00000020     (.common:i2cTransaction)
                  20013418    00000014     drivers_cc32xx.a : GPIOCC32XX.oem4 (.bss:powerNotifyObj)
                  2001342c    00000004                      : GPIOCC32XX.oem4 (.bss)
                  20013430    00000010     (.common:ClockP_ctrl)
                  20013440    0000000d     nortos_cc32xx.a : SwiP_nortos.oem4 (.bss)
                  2001344d    00000003     --HOLE--
                  20013450    00000004                     : ClockPSysTick_nortos.oem4 (.bss)
                  20013454    00000004     drivers_cc32xx.a : TimerCC32XX.oem4 (.bss:timerState)
                  20013458    00000004     (.common:i2c)
                  2001345c    00000004     (.common:rxBuffer)
                  20013460    00000004     (.common:timer0)
                  20013464    00000004     (.common:txBuffer)
                  20013468    00000004     (.common:uart)

.log_data 
*          0    90000000    00000000     COPY SECTION

__llvm_prf_cnts 
*          0    20004000    00000000     UNINITIALIZED

MODULE SUMMARY

       Module                       code    ro data   rw data
       ------                       ----    -------   -------
    .\
       gpiointerrupt.obj            1444    36        125    
       main_nortos.obj              18      0         0      
    +--+----------------------------+-------+---------+---------+
       Total:                       1462    36        125    
                                                             
    .\syscfg\
       ti_drivers_config.obj        18      201       740    
    +--+----------------------------+-------+---------+---------+
       Total:                       18      201       740    
                                                             
    C:/ti/simplelink_cc32xx_sdk_4_30_00_06/kernel/nortos/lib/ccs/m4/nortos_cc32xx.a
       HwiPCC32XX_nortos.oem4       394     0         788    
       startup_cc32xx_ccs.oem4      90      64        780    
       ClockPSysTick_nortos.oem4    702     0         25     
       PowerCC32XX_nortos.oem4      472     0         0      
       SemaphoreP_nortos.oem4       408     0         11     
       SwiP_nortos.oem4             96      0         13     
    +--+----------------------------+-------+---------+---------+
       Total:                       2162    64        1617   
                                                             
    C:/ti/simplelink_cc32xx_sdk_4_30_00_06/source/ti/devices/cc32xx/driverlib/ccs/Release/driverlib.a
       prcm.obj                     1604    168       0      
       pin.obj                      280     256       0      
       interrupt.obj                334     48        0      
       i2c.obj                      318     0         0      
       timer.obj                    264     0         0      
       flash.obj                    72      0         0      
       uart.obj                     48      0         0      
       cpu.obj                      20      0         0      
       utils.obj                    6       0         0      
    +--+----------------------------+-------+---------+---------+
       Total:                       2946    472       0      
                                                             
    C:/ti/simplelink_cc32xx_sdk_4_30_00_06/source/ti/drivers/lib/ccs/m4/drivers_cc32xx.a
       UARTCC32XX.oem4              3466    116       0      
       PowerCC32XX.oem4             2432    0         664    
       I2CCC32XX.oem4               1452    16        0      
       GPIOCC32XX.oem4              1208    103       65     
       TimerCC32XX.oem4             1132    32        4      
       I2C.oem4                     366     16        0      
       UART.oem4                    166     36        1      
       RingBuf.oem4                 198     0         0      
       Timer.oem4                   158     12        1      
       PowerCC32XX_asm.oem4         150     0         0      
       List.oem4                    76      0         0      
    +--+----------------------------+-------+---------+---------+
       Total:                       10804   331       735    
                                                             
    C:\ti\ccs1011\ccs\tools\compiler\ti-cgt-arm_20.2.7.LTS\lib\rtsv7M4_T_le_eabi.lib
       _printfi.c.obj               4835    0         0      
       memory.c.obj                 672     0         8      
       fd_add_t2.asm.obj            438     0         0      
       fd_div_t2.asm.obj            310     0         0      
       fd_cmp_t2.asm.obj            268     0         0      
       ctype.c.obj                  0       257       0      
       fd_mul_t2.asm.obj            252     0         0      
       s_scalbn.c.obj               208     0         0      
       memcpy_t2.asm.obj            156     0         0      
       ull_div_t2.asm.obj           150     0         0      
       snprintf.c.obj               148     0         0      
       fs_mul_t2.asm.obj            122     0         0      
       memset_t2.asm.obj            122     0         0      
       copy_decompress_lzss.c.obj   104     0         0      
       s_frexp.c.obj                92      0         0      
       _ltoa.c.obj                  84      0         0      
       atoi.c.obj                   76      0         0      
       fd_toi_t2.asm.obj            72      0         0      
       autoinit.c.obj               68      0         0      
       fs_toi_t2.asm.obj            56      0         0      
       i_tofs_t2.asm.obj            56      0         0      
       i_tofd_t2.asm.obj            46      0         0      
       boot_cortex_m.c.obj          36      0         0      
       copy_zero_init.c.obj         28      0         0      
       memccpy.c.obj                28      0         0      
       ll_mul_t2.asm.obj            24      0         0      
       strchr.c.obj                 22      0         0      
       strlen.c.obj                 20      0         0      
       wcslen.c.obj                 18      0         0      
       copy_decompress_none.c.obj   14      0         0      
       errno.c.obj                  8       0         4      
       s_copysign.c.obj             12      0         0      
       _lock.c.obj                  2       0         8      
       exit.c.obj                   4       0         0      
       pre_init.c.obj               4       0         0      
       div0.asm.obj                 2       0         0      
    +--+----------------------------+-------+---------+---------+
       Total:                       8557    257       20     
                                                             
       Heap:                        0       0         32768  
       Stack:                       0       0         4096   
       Linker Generated:            0       239       0      
    +--+----------------------------+-------+---------+---------+
       Grand Total:                 25949   1600      40101  


LINKER GENERATED COPY TABLES

__TI_cinit_table @ 20013550 records: 2, size/record: 8, table size: 16
	.data: load addr=20013470, load size=000000cb bytes, run addr=200125ac, run size=000005cc bytes, compression=lzss
	.bss: load addr=20013548, load size=00000008 bytes, run addr=20013098, run size=000003d4 bytes, compression=zero_init


LINKER GENERATED HANDLER TABLE

__TI_handler_table @ 2001353c records: 3, size/record: 4, table size: 12
	index: 0, handler: __TI_decompress_lzss
	index: 1, handler: __TI_decompress_none
	index: 2, handler: __TI_zero_init


GLOBAL SYMBOLS: SORTED ALPHABETICALLY BY Name 

address   name                             
-------   ----                             
20012399  Board_init                       
2000ca8f  Board_initHook                   
200125a9  C$$EXIT                          
20013058  CONFIG_GPIO_BUTTON_0_CONST       
20013059  CONFIG_GPIO_BUTTON_1_CONST       
2001305a  CONFIG_GPIO_LED_0_CONST          
2001305b  CONFIG_I2C_0_CONST               
2001305d  CONFIG_TIMER_0_CONST             
2001305f  CONFIG_UART_0_CONST              
20012277  CPUcpsid                         
20012525  ClockP_Params_init               
200123a9  ClockP_add                       
20011579  ClockP_construct                 
20012009  ClockP_create                    
20013430  ClockP_ctrl                      
200123b9  ClockP_delete                    
20011739  ClockP_destruct                  
20010e69  ClockP_doTick                    
200123c9  ClockP_getCpuFreq                
200123d9  ClockP_getSystemTicks            
20011a19  ClockP_getTicksUntilInterrupt    
2001252f  ClockP_isActive                  
200123e9  ClockP_setTicks                  
20012599  ClockP_setTimeout                
20011b51  ClockP_start                     
20011a4d  ClockP_startup                   
20011315  ClockP_stop                      
20010e69  ClockP_sysTickHandler            
20012b6c  ClockP_tickPeriod                
20011121  FlashDisable                     
20012f84  GPIOCC32XX_config                
20010f59  GPIO_enableInt                   
20010491  GPIO_hwiIntFxn                   
2000f0a9  GPIO_init                        
200109ad  GPIO_setCallback                 
2000d5fd  GPIO_setConfig                   
20010ac1  GPIO_write                       
2001232d  HwiP_Params_init                 
20012479  HwiP_clearInterrupt              
2000fded  HwiP_construct                   
20011c3d  HwiP_create                      
200123f9  HwiP_delete                      
20011e83  HwiP_destruct                    
20012487  HwiP_disable                     
20012495  HwiP_disableInterrupt            
20011df5  HwiP_dispatch                    
200124a3  HwiP_enable                      
200124b1  HwiP_enableInterrupt             
2001228d  HwiP_inISR                       
20012b64  HwiP_key                         
2001259d  HwiP_post                        
20012409  HwiP_restore                     
20012b68  HwiP_swiPIntNum                  
20011d5d  I2CFIFODataGetNonBlocking        
20011cbb  I2CFIFODataPutNonBlocking        
20012419  I2CFIFOStatus                    
20012209  I2CMasterBurstLengthSet          
20012057  I2CMasterBusBusy                 
2001233f  I2CMasterIntClearEx              
2001206f  I2CMasterIntDisableEx            
20012087  I2CMasterIntEnableEx             
20011f05  I2CMasterIntStatusEx             
20011e61  I2CMasterSlaveAddrSet            
2001209f  I2CRxFIFOFlush                   
200122a1  I2CSupport_masterFinish          
20012581  I2CSupport_powerRelConstraint    
20012587  I2CSupport_powerSetConstraint    
2001074b  I2CSupport_primeTransfer         
200120b7  I2CTxFIFOFlush                   
20012429  I2C_Params_init                  
20011d83  I2C_cancel                       
20013064  I2C_config                       
2001305c  I2C_count                        
20012fe8  I2C_defaultParams                
2000db63  I2C_init                         
2000eb3d  I2C_open                         
200122b5  I2C_transfer                     
2000e5b9  I2C_transferTimeout              
UNDEFED   ITM_flush                        
UNDEFED   ITM_restore                      
2000f7c1  IntEnable                        
20012539  IntMasterDisable                 
2000fe79  IntPendSet                       
200122c9  IntVTableBaseSet                 
20011da9  List_put                         
20011dcf  List_remove                      
200124a3  NoRTOS_start                     
2000ca91  PRCMCC3200MCUInit                
2001221f  PRCMHIBRegRead                   
20012235  PRCMHIBRegWrite                  
20011169  PRCMLPDSEnter                    
20011825  PRCMLPDSEnterKeepDebugIf         
20011359  PRCMLPDSRestoreInfoSet           
20011ce5  PRCMPeripheralClkDisable         
200111b1  PRCMPeripheralClkEnable          
20010b19  PRCMPeripheralReset              
2001094d  PRCMSysResetCauseGet             
2000ff01  PinConfigSet                     
20011a81  PinModeGet                       
200115b9  PinModeSet                       
20011f7d  PinToPadGet                      
20012e24  PowerCC32XX_config               
2000f869  PowerCC32XX_configureWakeup      
20013098  PowerCC32XX_contextSave          
2001139d  PowerCC32XX_enterLPDS            
20011c11  PowerCC32XX_getParkState         
2000e48f  PowerCC32XX_initPolicy           
200128b8  PowerCC32XX_module               
20010ff1  PowerCC32XX_parkPin              
20011e19  PowerCC32XX_reset                
20011ab5  PowerCC32XX_restoreParkState     
20011b81  PowerCC32XX_restoreParkedPin     
20010d71  PowerCC32XX_resumeLPDS           
20010885  PowerCC32XX_setParkState         
2000db65  PowerCC32XX_sleepPolicy          
200122dd  Power_disablePolicy              
20012439  Power_enablePolicy               
200124f5  Power_getConstraintMask          
200122f1  Power_getDependencyCount         
200120d1  Power_getTransitionLatency       
200120e9  Power_idleFunc                   
2001011d  Power_init                       
20011d0d  Power_registerNotify             
200111f9  Power_releaseConstraint          
20010b71  Power_releaseDependency          
20011775  Power_setConstraint              
20010225  Power_setDependency              
2000e221  Power_sleep                      
20011ea5  Power_unregisterNotify           
20012351  RingBuf_construct                
200115f9  RingBuf_get                      
200124cd  RingBuf_isFull                   
20011ec5  RingBuf_peek                     
20011289  RingBuf_put                      
20012449  SemaphoreP_Params_init           
20010eb9  SemaphoreP_construct             
20011f23  SemaphoreP_constructBinary       
2001224b  SemaphoreP_create                
20012023  SemaphoreP_createBinary          
20012b5c  SemaphoreP_defaultParams         
200125a1  SemaphoreP_delete                
2000fa55  SemaphoreP_pend                  
200113e1  SemaphoreP_post                  
20011f99  SwiP_disable                     
20011425  SwiP_restore                     
20010f09  TimerCC32XX_allocateTimerResource
200117b1  TimerCC32XX_close                
2001258d  TimerCC32XX_control              
20011ae9  TimerCC32XX_freeTimerResource    
20012efc  TimerCC32XX_fxnTable             
20012101  TimerCC32XX_getCount             
2000e6db  TimerCC32XX_init                 
2000e491  TimerCC32XX_open                 
2000ff89  TimerCC32XX_setPeriod            
20010509  TimerCC32XX_start                
20010bc9  TimerCC32XX_stop                 
200119ad  TimerControlStall                
20011f41  TimerDisable                     
20011f5f  TimerEnable                      
20012b48  TimerFlag                        
20012363  TimerIntClear                    
20012119  TimerIntDisable                  
20012131  TimerIntEnable                   
20011c67  TimerLoadSet                     
20011c91  TimerPrescaleSet                 
20012459  Timer_Params_init                
20013034  Timer_config                     
2001305e  Timer_count                      
20011469  Timer_init                       
20011639  Timer_open                       
20012543  Timer_start                      
20012149  UARTBusy                         
2000e6dd  UARTCC32XX_close                 
2000ed35  UARTCC32XX_control               
20012e68  UARTCC32XX_fxnTable              
2000ee27  UARTCC32XX_init                  
2000cebd  UARTCC32XX_open                  
20011679  UARTCC32XX_read                  
200119e3  UARTCC32XX_readCancel            
2000f22d  UARTCC32XX_readPolling           
2000efdd  UARTCC32XX_write                 
2001081d  UARTCC32XX_writeCancel           
200108e9  UARTCC32XX_writePolling          
20012161  UARTIntEnable                    
20012179  UART_Params_init                 
20013040  UART_config                      
20013060  UART_count                       
20012e90  UART_defaultParams               
200114ad  UART_init                        
200116b9  UART_open                        
2001254d  UART_write                       
20012593  UtilsDelay                       
20004000  __STACK_END                      
00001000  __STACK_SIZE                     
00008000  __SYSMEM_SIZE                    
20013550  __TI_CINIT_Base                  
20013560  __TI_CINIT_Limit                 
2001353c  __TI_Handler_Table_Base          
20013548  __TI_Handler_Table_Limit         
200114f1  __TI_auto_init_nobinit_nopinit   
200107b5  __TI_decompress_lzss             
200124db  __TI_decompress_none             
20010c75  __TI_ltoa                        
ffffffff  __TI_pprof_out_hndl              
2000c041  __TI_printfi                     
ffffffff  __TI_prof_data_size              
ffffffff  __TI_prof_data_start             
20013470  __TI_static_base__               
20011fb5  __TI_zero_init_nomemset          
20010011  __aeabi_cdcmpeq                  
20010011  __aeabi_cdcmple                  
20010097  __aeabi_cdrcmple                 
20011241  __aeabi_d2iz                     
2000d9b7  __aeabi_dadd                     
2000e359  __aeabi_ddiv                     
2000ec39  __aeabi_dmul                     
2000d9ad  __aeabi_dsub                     
20012561  __aeabi_errno_addr               
2001193d  __aeabi_f2iz                     
2001039b  __aeabi_fmul                     
20011be1  __aeabi_i2d                      
20011975  __aeabi_i2f                      
20010e67  __aeabi_idiv0                    
20010e67  __aeabi_ldiv0                    
200121d9  __aeabi_lmul                     
20010415  __aeabi_memclr                   
20010415  __aeabi_memclr4                  
20010415  __aeabi_memclr8                  
2000fb91  __aeabi_memcpy                   
2000fb91  __aeabi_memcpy4                  
2000fb91  __aeabi_memcpy8                  
20010417  __aeabi_memset                   
20010417  __aeabi_memset4                  
20010417  __aeabi_memset8                  
2000fcc5  __aeabi_uldivmod                 
ffffffff  __binit__                        
ffffffff  __c_args__                       
UNDEFED   __mpu_init                       
20003000  __stack                          
20004000  __start___llvm_prf_cnts          
20004000  __stop___llvm_prf_cnts           
20011e3d  _c_int00_noargs                  
20012b78  _ctypes_                         
20012b4c  _lock                            
2000f0a7  _nop                             
20004040  _sys_memory                      
UNDEFED   _system_post_cinit               
200125a5  _system_pre_init                 
20012b50  _unlock                          
200125a9  abort                            
2000ea3d  aligned_alloc                    
2001103d  atoi                             
ffffffff  binit                            
2000fd5b  clkFxn                           
20012501  copysign                         
20012501  copysignl                        
20012b74  errno                            
2000ee29  free                             
20010a09  frexp                            
20010a09  frexpl                           
200121a9  gpioButtonFxn0                   
200121c1  gpioButtonFxn1                   
20012b1c  gpioCallbackFunctions            
20012b28  gpioPinConfigs                   
20013458  i2c                              
20012fac  i2cCC32XXHWAttrs                 
200131c4  i2cCC32XXObjects                 
200133f8  i2cTransaction                   
20013082  inPinTypes                       
2000d3ad  initI2C                          
20010cc9  initTimer                        
20011535  initUART                         
200118cd  initVectors                      
20012b40  lButton                          
2000ef0d  ldexp                            
2000ef0d  ldexpl                           
20012375  main                             
2000dd01  mainThread                       
20012569  malloc                           
2000ea3d  memalign                         
20011fed  memccpy                          
2000fb91  memcpy                           
2001041d  memset                           
20013088  outPinStrengths                  
2001306c  outPinTypes                      
20013344  output                           
20012a24  parkInfo                         
20012b44  rButton                          
2000e91d  readTemp                         
2001203d  resetISR                         
20012050  resetVectorAddr                  
20004000  resetVectors                     
2001345c  rxBuffer                         
2000ef0d  scalbn                           
2000ef0d  scalbnl                          
200110d5  snprintf                         
20012261  strchr                           
20012319  strlen                           
20013460  timer0                           
20013018  timerCC32XXHWAttrs               
20013384  timerCC32XXObjects               
200121f1  timerCallback                    
20013464  txBuffer                         
20013468  uart                             
200132c0  uartCC32XXObjects0               
20012387  wcslen                           


GLOBAL SYMBOLS: SORTED BY Symbol Address 

address   name                             
-------   ----                             
00001000  __STACK_SIZE                     
00008000  __SYSMEM_SIZE                    
20003000  __stack                          
20004000  __STACK_END                      
20004000  __start___llvm_prf_cnts          
20004000  __stop___llvm_prf_cnts           
20004000  resetVectors                     
20004040  _sys_memory                      
2000c041  __TI_printfi                     
2000ca8f  Board_initHook                   
2000ca91  PRCMCC3200MCUInit                
2000cebd  UARTCC32XX_open                  
2000d3ad  initI2C                          
2000d5fd  GPIO_setConfig                   
2000d9ad  __aeabi_dsub                     
2000d9b7  __aeabi_dadd                     
2000db63  I2C_init                         
2000db65  PowerCC32XX_sleepPolicy          
2000dd01  mainThread                       
2000e221  Power_sleep                      
2000e359  __aeabi_ddiv                     
2000e48f  PowerCC32XX_initPolicy           
2000e491  TimerCC32XX_open                 
2000e5b9  I2C_transferTimeout              
2000e6db  TimerCC32XX_init                 
2000e6dd  UARTCC32XX_close                 
2000e91d  readTemp                         
2000ea3d  aligned_alloc                    
2000ea3d  memalign                         
2000eb3d  I2C_open                         
2000ec39  __aeabi_dmul                     
2000ed35  UARTCC32XX_control               
2000ee27  UARTCC32XX_init                  
2000ee29  free                             
2000ef0d  ldexp                            
2000ef0d  ldexpl                           
2000ef0d  scalbn                           
2000ef0d  scalbnl                          
2000efdd  UARTCC32XX_write                 
2000f0a7  _nop                             
2000f0a9  GPIO_init                        
2000f22d  UARTCC32XX_readPolling           
2000f7c1  IntEnable                        
2000f869  PowerCC32XX_configureWakeup      
2000fa55  SemaphoreP_pend                  
2000fb91  __aeabi_memcpy                   
2000fb91  __aeabi_memcpy4                  
2000fb91  __aeabi_memcpy8                  
2000fb91  memcpy                           
2000fcc5  __aeabi_uldivmod                 
2000fd5b  clkFxn                           
2000fded  HwiP_construct                   
2000fe79  IntPendSet                       
2000ff01  PinConfigSet                     
2000ff89  TimerCC32XX_setPeriod            
20010011  __aeabi_cdcmpeq                  
20010011  __aeabi_cdcmple                  
20010097  __aeabi_cdrcmple                 
2001011d  Power_init                       
20010225  Power_setDependency              
2001039b  __aeabi_fmul                     
20010415  __aeabi_memclr                   
20010415  __aeabi_memclr4                  
20010415  __aeabi_memclr8                  
20010417  __aeabi_memset                   
20010417  __aeabi_memset4                  
20010417  __aeabi_memset8                  
2001041d  memset                           
20010491  GPIO_hwiIntFxn                   
20010509  TimerCC32XX_start                
2001074b  I2CSupport_primeTransfer         
200107b5  __TI_decompress_lzss             
2001081d  UARTCC32XX_writeCancel           
20010885  PowerCC32XX_setParkState         
200108e9  UARTCC32XX_writePolling          
2001094d  PRCMSysResetCauseGet             
200109ad  GPIO_setCallback                 
20010a09  frexp                            
20010a09  frexpl                           
20010ac1  GPIO_write                       
20010b19  PRCMPeripheralReset              
20010b71  Power_releaseDependency          
20010bc9  TimerCC32XX_stop                 
20010c75  __TI_ltoa                        
20010cc9  initTimer                        
20010d71  PowerCC32XX_resumeLPDS           
20010e67  __aeabi_idiv0                    
20010e67  __aeabi_ldiv0                    
20010e69  ClockP_doTick                    
20010e69  ClockP_sysTickHandler            
20010eb9  SemaphoreP_construct             
20010f09  TimerCC32XX_allocateTimerResource
20010f59  GPIO_enableInt                   
20010ff1  PowerCC32XX_parkPin              
2001103d  atoi                             
200110d5  snprintf                         
20011121  FlashDisable                     
20011169  PRCMLPDSEnter                    
200111b1  PRCMPeripheralClkEnable          
200111f9  Power_releaseConstraint          
20011241  __aeabi_d2iz                     
20011289  RingBuf_put                      
20011315  ClockP_stop                      
20011359  PRCMLPDSRestoreInfoSet           
2001139d  PowerCC32XX_enterLPDS            
200113e1  SemaphoreP_post                  
20011425  SwiP_restore                     
20011469  Timer_init                       
200114ad  UART_init                        
200114f1  __TI_auto_init_nobinit_nopinit   
20011535  initUART                         
20011579  ClockP_construct                 
200115b9  PinModeSet                       
200115f9  RingBuf_get                      
20011639  Timer_open                       
20011679  UARTCC32XX_read                  
200116b9  UART_open                        
20011739  ClockP_destruct                  
20011775  Power_setConstraint              
200117b1  TimerCC32XX_close                
20011825  PRCMLPDSEnterKeepDebugIf         
200118cd  initVectors                      
2001193d  __aeabi_f2iz                     
20011975  __aeabi_i2f                      
200119ad  TimerControlStall                
200119e3  UARTCC32XX_readCancel            
20011a19  ClockP_getTicksUntilInterrupt    
20011a4d  ClockP_startup                   
20011a81  PinModeGet                       
20011ab5  PowerCC32XX_restoreParkState     
20011ae9  TimerCC32XX_freeTimerResource    
20011b51  ClockP_start                     
20011b81  PowerCC32XX_restoreParkedPin     
20011be1  __aeabi_i2d                      
20011c11  PowerCC32XX_getParkState         
20011c3d  HwiP_create                      
20011c67  TimerLoadSet                     
20011c91  TimerPrescaleSet                 
20011cbb  I2CFIFODataPutNonBlocking        
20011ce5  PRCMPeripheralClkDisable         
20011d0d  Power_registerNotify             
20011d5d  I2CFIFODataGetNonBlocking        
20011d83  I2C_cancel                       
20011da9  List_put                         
20011dcf  List_remove                      
20011df5  HwiP_dispatch                    
20011e19  PowerCC32XX_reset                
20011e3d  _c_int00_noargs                  
20011e61  I2CMasterSlaveAddrSet            
20011e83  HwiP_destruct                    
20011ea5  Power_unregisterNotify           
20011ec5  RingBuf_peek                     
20011f05  I2CMasterIntStatusEx             
20011f23  SemaphoreP_constructBinary       
20011f41  TimerDisable                     
20011f5f  TimerEnable                      
20011f7d  PinToPadGet                      
20011f99  SwiP_disable                     
20011fb5  __TI_zero_init_nomemset          
20011fed  memccpy                          
20012009  ClockP_create                    
20012023  SemaphoreP_createBinary          
2001203d  resetISR                         
20012050  resetVectorAddr                  
20012057  I2CMasterBusBusy                 
2001206f  I2CMasterIntDisableEx            
20012087  I2CMasterIntEnableEx             
2001209f  I2CRxFIFOFlush                   
200120b7  I2CTxFIFOFlush                   
200120d1  Power_getTransitionLatency       
200120e9  Power_idleFunc                   
20012101  TimerCC32XX_getCount             
20012119  TimerIntDisable                  
20012131  TimerIntEnable                   
20012149  UARTBusy                         
20012161  UARTIntEnable                    
20012179  UART_Params_init                 
200121a9  gpioButtonFxn0                   
200121c1  gpioButtonFxn1                   
200121d9  __aeabi_lmul                     
200121f1  timerCallback                    
20012209  I2CMasterBurstLengthSet          
2001221f  PRCMHIBRegRead                   
20012235  PRCMHIBRegWrite                  
2001224b  SemaphoreP_create                
20012261  strchr                           
20012277  CPUcpsid                         
2001228d  HwiP_inISR                       
200122a1  I2CSupport_masterFinish          
200122b5  I2C_transfer                     
200122c9  IntVTableBaseSet                 
200122dd  Power_disablePolicy              
200122f1  Power_getDependencyCount         
20012319  strlen                           
2001232d  HwiP_Params_init                 
2001233f  I2CMasterIntClearEx              
20012351  RingBuf_construct                
20012363  TimerIntClear                    
20012375  main                             
20012387  wcslen                           
20012399  Board_init                       
200123a9  ClockP_add                       
200123b9  ClockP_delete                    
200123c9  ClockP_getCpuFreq                
200123d9  ClockP_getSystemTicks            
200123e9  ClockP_setTicks                  
200123f9  HwiP_delete                      
20012409  HwiP_restore                     
20012419  I2CFIFOStatus                    
20012429  I2C_Params_init                  
20012439  Power_enablePolicy               
20012449  SemaphoreP_Params_init           
20012459  Timer_Params_init                
20012479  HwiP_clearInterrupt              
20012487  HwiP_disable                     
20012495  HwiP_disableInterrupt            
200124a3  HwiP_enable                      
200124a3  NoRTOS_start                     
200124b1  HwiP_enableInterrupt             
200124cd  RingBuf_isFull                   
200124db  __TI_decompress_none             
200124f5  Power_getConstraintMask          
20012501  copysign                         
20012501  copysignl                        
20012525  ClockP_Params_init               
2001252f  ClockP_isActive                  
20012539  IntMasterDisable                 
20012543  Timer_start                      
2001254d  UART_write                       
20012561  __aeabi_errno_addr               
20012569  malloc                           
20012581  I2CSupport_powerRelConstraint    
20012587  I2CSupport_powerSetConstraint    
2001258d  TimerCC32XX_control              
20012593  UtilsDelay                       
20012599  ClockP_setTimeout                
2001259d  HwiP_post                        
200125a1  SemaphoreP_delete                
200125a5  _system_pre_init                 
200125a9  C$$EXIT                          
200125a9  abort                            
200128b8  PowerCC32XX_module               
20012a24  parkInfo                         
20012b1c  gpioCallbackFunctions            
20012b28  gpioPinConfigs                   
20012b40  lButton                          
20012b44  rButton                          
20012b48  TimerFlag                        
20012b4c  _lock                            
20012b50  _unlock                          
20012b5c  SemaphoreP_defaultParams         
20012b64  HwiP_key                         
20012b68  HwiP_swiPIntNum                  
20012b6c  ClockP_tickPeriod                
20012b74  errno                            
20012b78  _ctypes_                         
20012e24  PowerCC32XX_config               
20012e68  UARTCC32XX_fxnTable              
20012e90  UART_defaultParams               
20012efc  TimerCC32XX_fxnTable             
20012f84  GPIOCC32XX_config                
20012fac  i2cCC32XXHWAttrs                 
20012fe8  I2C_defaultParams                
20013018  timerCC32XXHWAttrs               
20013034  Timer_config                     
20013040  UART_config                      
20013058  CONFIG_GPIO_BUTTON_0_CONST       
20013059  CONFIG_GPIO_BUTTON_1_CONST       
2001305a  CONFIG_GPIO_LED_0_CONST          
2001305b  CONFIG_I2C_0_CONST               
2001305c  I2C_count                        
2001305d  CONFIG_TIMER_0_CONST             
2001305e  Timer_count                      
2001305f  CONFIG_UART_0_CONST              
20013060  UART_count                       
20013064  I2C_config                       
2001306c  outPinTypes                      
20013082  inPinTypes                       
20013088  outPinStrengths                  
20013098  PowerCC32XX_contextSave          
200131c4  i2cCC32XXObjects                 
200132c0  uartCC32XXObjects0               
20013344  output                           
20013384  timerCC32XXObjects               
200133f8  i2cTransaction                   
20013430  ClockP_ctrl                      
20013458  i2c                              
2001345c  rxBuffer                         
20013460  timer0                           
20013464  txBuffer                         
20013468  uart                             
20013470  __TI_static_base__               
2001353c  __TI_Handler_Table_Base          
20013548  __TI_Handler_Table_Limit         
20013550  __TI_CINIT_Base                  
20013560  __TI_CINIT_Limit                 
ffffffff  __TI_pprof_out_hndl              
ffffffff  __TI_prof_data_size              
ffffffff  __TI_prof_data_start             
ffffffff  __binit__                        
ffffffff  __c_args__                       
ffffffff  binit                            
UNDEFED   ITM_flush                        
UNDEFED   ITM_restore                      
UNDEFED   __mpu_init                       
UNDEFED   _system_post_cinit               

[306 symbols]
