<?xml version="1.0" encoding="ISO-8859-1" ?>
<link_info>
   <banner>TI ARM Linker PC v20.2.7.LTS</banner>
   <copyright>Copyright (c) 1996-2018 Texas Instruments Incorporated</copyright>
   <link_time>0x66b93024</link_time>
   <link_errors>0x0</link_errors>
   <output_file>gpiointerrupt_CC3220S_LAUNCHXL_nortos_ccs.out</output_file>
   <entry_point>
      <name>resetISR</name>
      <address>0x20011df9</address>
   </entry_point>
   <input_file_list>
      <input_file id="fl-2">
         <path>.\</path>
         <kind>object</kind>
         <file>gpiointerrupt.obj</file>
         <name>gpiointerrupt.obj</name>
      </input_file>
      <input_file id="fl-3">
         <path>.\syscfg\</path>
         <kind>object</kind>
         <file>ti_drivers_config.obj</file>
         <name>ti_drivers_config.obj</name>
      </input_file>
      <input_file id="fl-4">
         <path>.\</path>
         <kind>object</kind>
         <file>main_nortos.obj</file>
         <name>main_nortos.obj</name>
      </input_file>
      <input_file id="fl-d">
         <kind>object</kind>
         <file>&lt;internal&gt;</file>
         <name>&lt;internal&gt;</name>
      </input_file>
      <input_file id="fl-e">
         <path>C:\ti\simplelink_cc32xx_sdk_4_30_00_06\source\ti\drivers\lib\ccs\m4\</path>
         <kind>archive</kind>
         <file>drivers_cc32xx.a</file>
         <name>I2C.oem4</name>
      </input_file>
      <input_file id="fl-f">
         <path>C:\ti\simplelink_cc32xx_sdk_4_30_00_06\source\ti\drivers\lib\ccs\m4\</path>
         <kind>archive</kind>
         <file>drivers_cc32xx.a</file>
         <name>Timer.oem4</name>
      </input_file>
      <input_file id="fl-10">
         <path>C:\ti\simplelink_cc32xx_sdk_4_30_00_06\source\ti\drivers\lib\ccs\m4\</path>
         <kind>archive</kind>
         <file>drivers_cc32xx.a</file>
         <name>UART.oem4</name>
      </input_file>
      <input_file id="fl-11">
         <path>C:\ti\simplelink_cc32xx_sdk_4_30_00_06\source\ti\drivers\lib\ccs\m4\</path>
         <kind>archive</kind>
         <file>drivers_cc32xx.a</file>
         <name>GPIOCC32XX.oem4</name>
      </input_file>
      <input_file id="fl-12">
         <path>C:\ti\simplelink_cc32xx_sdk_4_30_00_06\source\ti\drivers\lib\ccs\m4\</path>
         <kind>archive</kind>
         <file>drivers_cc32xx.a</file>
         <name>I2CCC32XX.oem4</name>
      </input_file>
      <input_file id="fl-13">
         <path>C:\ti\simplelink_cc32xx_sdk_4_30_00_06\source\ti\drivers\lib\ccs\m4\</path>
         <kind>archive</kind>
         <file>drivers_cc32xx.a</file>
         <name>PowerCC32XX.oem4</name>
      </input_file>
      <input_file id="fl-14">
         <path>C:\ti\simplelink_cc32xx_sdk_4_30_00_06\source\ti\drivers\lib\ccs\m4\</path>
         <kind>archive</kind>
         <file>drivers_cc32xx.a</file>
         <name>PowerCC32XX_asm.oem4</name>
      </input_file>
      <input_file id="fl-15">
         <path>C:\ti\simplelink_cc32xx_sdk_4_30_00_06\source\ti\drivers\lib\ccs\m4\</path>
         <kind>archive</kind>
         <file>drivers_cc32xx.a</file>
         <name>TimerCC32XX.oem4</name>
      </input_file>
      <input_file id="fl-16">
         <path>C:\ti\simplelink_cc32xx_sdk_4_30_00_06\source\ti\drivers\lib\ccs\m4\</path>
         <kind>archive</kind>
         <file>drivers_cc32xx.a</file>
         <name>UARTCC32XX.oem4</name>
      </input_file>
      <input_file id="fl-17">
         <path>C:\ti\simplelink_cc32xx_sdk_4_30_00_06\source\ti\drivers\lib\ccs\m4\</path>
         <kind>archive</kind>
         <file>drivers_cc32xx.a</file>
         <name>List.oem4</name>
      </input_file>
      <input_file id="fl-18">
         <path>C:\ti\simplelink_cc32xx_sdk_4_30_00_06\source\ti\drivers\lib\ccs\m4\</path>
         <kind>archive</kind>
         <file>drivers_cc32xx.a</file>
         <name>RingBuf.oem4</name>
      </input_file>
      <input_file id="fl-19">
         <path>C:\ti\simplelink_cc32xx_sdk_4_30_00_06\kernel\nortos\lib\ccs\m4\</path>
         <kind>archive</kind>
         <file>nortos_cc32xx.a</file>
         <name>NoRTOS.oem4</name>
      </input_file>
      <input_file id="fl-1a">
         <path>C:\ti\simplelink_cc32xx_sdk_4_30_00_06\kernel\nortos\lib\ccs\m4\</path>
         <kind>archive</kind>
         <file>nortos_cc32xx.a</file>
         <name>SemaphoreP_nortos.oem4</name>
      </input_file>
      <input_file id="fl-1b">
         <path>C:\ti\simplelink_cc32xx_sdk_4_30_00_06\kernel\nortos\lib\ccs\m4\</path>
         <kind>archive</kind>
         <file>nortos_cc32xx.a</file>
         <name>ClockPSysTick_nortos.oem4</name>
      </input_file>
      <input_file id="fl-1c">
         <path>C:\ti\simplelink_cc32xx_sdk_4_30_00_06\kernel\nortos\lib\ccs\m4\</path>
         <kind>archive</kind>
         <file>nortos_cc32xx.a</file>
         <name>HwiPCC32XX_nortos.oem4</name>
      </input_file>
      <input_file id="fl-1d">
         <path>C:\ti\simplelink_cc32xx_sdk_4_30_00_06\kernel\nortos\lib\ccs\m4\</path>
         <kind>archive</kind>
         <file>nortos_cc32xx.a</file>
         <name>PowerCC32XX_nortos.oem4</name>
      </input_file>
      <input_file id="fl-1e">
         <path>C:\ti\simplelink_cc32xx_sdk_4_30_00_06\kernel\nortos\lib\ccs\m4\</path>
         <kind>archive</kind>
         <file>nortos_cc32xx.a</file>
         <name>startup_cc32xx_ccs.oem4</name>
      </input_file>
      <input_file id="fl-1f">
         <path>C:\ti\simplelink_cc32xx_sdk_4_30_00_06\kernel\nortos\lib\ccs\m4\</path>
         <kind>archive</kind>
         <file>nortos_cc32xx.a</file>
         <name>SwiP_nortos.oem4</name>
      </input_file>
      <input_file id="fl-20">
         <path>C:\ti\simplelink_cc32xx_sdk_4_30_00_06\kernel\nortos\lib\ccs\m4\</path>
         <kind>archive</kind>
         <file>nortos_cc32xx.a</file>
         <name>QueueP_nortos.oem4</name>
      </input_file>
      <input_file id="fl-21">
         <path>C:\ti\simplelink_cc32xx_sdk_4_30_00_06\source\ti\devices\cc32xx\driverlib\ccs\Release\</path>
         <kind>archive</kind>
         <file>driverlib.a</file>
         <name>cpu.obj</name>
      </input_file>
      <input_file id="fl-22">
         <path>C:\ti\simplelink_cc32xx_sdk_4_30_00_06\source\ti\devices\cc32xx\driverlib\ccs\Release\</path>
         <kind>archive</kind>
         <file>driverlib.a</file>
         <name>i2c.obj</name>
      </input_file>
      <input_file id="fl-23">
         <path>C:\ti\simplelink_cc32xx_sdk_4_30_00_06\source\ti\devices\cc32xx\driverlib\ccs\Release\</path>
         <kind>archive</kind>
         <file>driverlib.a</file>
         <name>interrupt.obj</name>
      </input_file>
      <input_file id="fl-24">
         <path>C:\ti\simplelink_cc32xx_sdk_4_30_00_06\source\ti\devices\cc32xx\driverlib\ccs\Release\</path>
         <kind>archive</kind>
         <file>driverlib.a</file>
         <name>pin.obj</name>
      </input_file>
      <input_file id="fl-25">
         <path>C:\ti\simplelink_cc32xx_sdk_4_30_00_06\source\ti\devices\cc32xx\driverlib\ccs\Release\</path>
         <kind>archive</kind>
         <file>driverlib.a</file>
         <name>prcm.obj</name>
      </input_file>
      <input_file id="fl-26">
         <path>C:\ti\simplelink_cc32xx_sdk_4_30_00_06\source\ti\devices\cc32xx\driverlib\ccs\Release\</path>
         <kind>archive</kind>
         <file>driverlib.a</file>
         <name>timer.obj</name>
      </input_file>
      <input_file id="fl-27">
         <path>C:\ti\simplelink_cc32xx_sdk_4_30_00_06\source\ti\devices\cc32xx\driverlib\ccs\Release\</path>
         <kind>archive</kind>
         <file>driverlib.a</file>
         <name>uart.obj</name>
      </input_file>
      <input_file id="fl-28">
         <path>C:\ti\simplelink_cc32xx_sdk_4_30_00_06\source\ti\devices\cc32xx\driverlib\ccs\Release\</path>
         <kind>archive</kind>
         <file>driverlib.a</file>
         <name>utils.obj</name>
      </input_file>
      <input_file id="fl-29">
         <path>C:\ti\simplelink_cc32xx_sdk_4_30_00_06\source\ti\devices\cc32xx\driverlib\ccs\Release\</path>
         <kind>archive</kind>
         <file>driverlib.a</file>
         <name>flash.obj</name>
      </input_file>
      <input_file id="fl-df">
         <path>C:\ti\ccs1011\ccs\tools\compiler\ti-cgt-arm_20.2.7.LTS\lib\</path>
         <kind>archive</kind>
         <file>rtsv7M4_T_le_eabi.lib</file>
         <name>snprintf.c.obj</name>
      </input_file>
      <input_file id="fl-e0">
         <path>C:\ti\ccs1011\ccs\tools\compiler\ti-cgt-arm_20.2.7.LTS\lib\</path>
         <kind>archive</kind>
         <file>rtsv7M4_T_le_eabi.lib</file>
         <name>fs_mul_t2.asm.obj</name>
      </input_file>
      <input_file id="fl-e1">
         <path>C:\ti\ccs1011\ccs\tools\compiler\ti-cgt-arm_20.2.7.LTS\lib\</path>
         <kind>archive</kind>
         <file>rtsv7M4_T_le_eabi.lib</file>
         <name>fs_toi_t2.asm.obj</name>
      </input_file>
      <input_file id="fl-e2">
         <path>C:\ti\ccs1011\ccs\tools\compiler\ti-cgt-arm_20.2.7.LTS\lib\</path>
         <kind>archive</kind>
         <file>rtsv7M4_T_le_eabi.lib</file>
         <name>i_tofs_t2.asm.obj</name>
      </input_file>
      <input_file id="fl-e3">
         <path>C:\ti\ccs1011\ccs\tools\compiler\ti-cgt-arm_20.2.7.LTS\lib\</path>
         <kind>archive</kind>
         <file>rtsv7M4_T_le_eabi.lib</file>
         <name>ll_mul_t2.asm.obj</name>
      </input_file>
      <input_file id="fl-e4">
         <path>C:\ti\ccs1011\ccs\tools\compiler\ti-cgt-arm_20.2.7.LTS\lib\</path>
         <kind>archive</kind>
         <file>rtsv7M4_T_le_eabi.lib</file>
         <name>memcpy_t2.asm.obj</name>
      </input_file>
      <input_file id="fl-e5">
         <path>C:\ti\ccs1011\ccs\tools\compiler\ti-cgt-arm_20.2.7.LTS\lib\</path>
         <kind>archive</kind>
         <file>rtsv7M4_T_le_eabi.lib</file>
         <name>ull_div_t2.asm.obj</name>
      </input_file>
      <input_file id="fl-e6">
         <path>C:\ti\ccs1011\ccs\tools\compiler\ti-cgt-arm_20.2.7.LTS\lib\</path>
         <kind>archive</kind>
         <file>rtsv7M4_T_le_eabi.lib</file>
         <name>copy_zero_init.c.obj</name>
      </input_file>
      <input_file id="fl-e7">
         <path>C:\ti\ccs1011\ccs\tools\compiler\ti-cgt-arm_20.2.7.LTS\lib\</path>
         <kind>archive</kind>
         <file>rtsv7M4_T_le_eabi.lib</file>
         <name>copy_decompress_none.c.obj</name>
      </input_file>
      <input_file id="fl-e8">
         <path>C:\ti\ccs1011\ccs\tools\compiler\ti-cgt-arm_20.2.7.LTS\lib\</path>
         <kind>archive</kind>
         <file>rtsv7M4_T_le_eabi.lib</file>
         <name>copy_decompress_lzss.c.obj</name>
      </input_file>
      <input_file id="fl-e9">
         <path>C:\ti\ccs1011\ccs\tools\compiler\ti-cgt-arm_20.2.7.LTS\lib\</path>
         <kind>archive</kind>
         <file>rtsv7M4_T_le_eabi.lib</file>
         <name>memory.c.obj</name>
      </input_file>
      <input_file id="fl-ea">
         <path>C:\ti\ccs1011\ccs\tools\compiler\ti-cgt-arm_20.2.7.LTS\lib\</path>
         <kind>archive</kind>
         <file>rtsv7M4_T_le_eabi.lib</file>
         <name>boot_cortex_m.c.obj</name>
      </input_file>
      <input_file id="fl-eb">
         <path>C:\ti\ccs1011\ccs\tools\compiler\ti-cgt-arm_20.2.7.LTS\lib\</path>
         <kind>archive</kind>
         <file>rtsv7M4_T_le_eabi.lib</file>
         <name>_printfi.c.obj</name>
      </input_file>
      <input_file id="fl-ec">
         <path>C:\ti\ccs1011\ccs\tools\compiler\ti-cgt-arm_20.2.7.LTS\lib\</path>
         <kind>archive</kind>
         <file>rtsv7M4_T_le_eabi.lib</file>
         <name>div0.asm.obj</name>
      </input_file>
      <input_file id="fl-ed">
         <path>C:\ti\ccs1011\ccs\tools\compiler\ti-cgt-arm_20.2.7.LTS\lib\</path>
         <kind>archive</kind>
         <file>rtsv7M4_T_le_eabi.lib</file>
         <name>fd_add_t2.asm.obj</name>
      </input_file>
      <input_file id="fl-ee">
         <path>C:\ti\ccs1011\ccs\tools\compiler\ti-cgt-arm_20.2.7.LTS\lib\</path>
         <kind>archive</kind>
         <file>rtsv7M4_T_le_eabi.lib</file>
         <name>fd_cmp_t2.asm.obj</name>
      </input_file>
      <input_file id="fl-ef">
         <path>C:\ti\ccs1011\ccs\tools\compiler\ti-cgt-arm_20.2.7.LTS\lib\</path>
         <kind>archive</kind>
         <file>rtsv7M4_T_le_eabi.lib</file>
         <name>fd_div_t2.asm.obj</name>
      </input_file>
      <input_file id="fl-f0">
         <path>C:\ti\ccs1011\ccs\tools\compiler\ti-cgt-arm_20.2.7.LTS\lib\</path>
         <kind>archive</kind>
         <file>rtsv7M4_T_le_eabi.lib</file>
         <name>fd_mul_t2.asm.obj</name>
      </input_file>
      <input_file id="fl-f1">
         <path>C:\ti\ccs1011\ccs\tools\compiler\ti-cgt-arm_20.2.7.LTS\lib\</path>
         <kind>archive</kind>
         <file>rtsv7M4_T_le_eabi.lib</file>
         <name>fd_toi_t2.asm.obj</name>
      </input_file>
      <input_file id="fl-f2">
         <path>C:\ti\ccs1011\ccs\tools\compiler\ti-cgt-arm_20.2.7.LTS\lib\</path>
         <kind>archive</kind>
         <file>rtsv7M4_T_le_eabi.lib</file>
         <name>i_tofd_t2.asm.obj</name>
      </input_file>
      <input_file id="fl-f3">
         <path>C:\ti\ccs1011\ccs\tools\compiler\ti-cgt-arm_20.2.7.LTS\lib\</path>
         <kind>archive</kind>
         <file>rtsv7M4_T_le_eabi.lib</file>
         <name>memset_t2.asm.obj</name>
      </input_file>
      <input_file id="fl-f4">
         <path>C:\ti\ccs1011\ccs\tools\compiler\ti-cgt-arm_20.2.7.LTS\lib\</path>
         <kind>archive</kind>
         <file>rtsv7M4_T_le_eabi.lib</file>
         <name>autoinit.c.obj</name>
      </input_file>
      <input_file id="fl-f5">
         <path>C:\ti\ccs1011\ccs\tools\compiler\ti-cgt-arm_20.2.7.LTS\lib\</path>
         <kind>archive</kind>
         <file>rtsv7M4_T_le_eabi.lib</file>
         <name>pre_init.c.obj</name>
      </input_file>
      <input_file id="fl-f6">
         <path>C:\ti\ccs1011\ccs\tools\compiler\ti-cgt-arm_20.2.7.LTS\lib\</path>
         <kind>archive</kind>
         <file>rtsv7M4_T_le_eabi.lib</file>
         <name>cpy_tbl.c.obj</name>
      </input_file>
      <input_file id="fl-f7">
         <path>C:\ti\ccs1011\ccs\tools\compiler\ti-cgt-arm_20.2.7.LTS\lib\</path>
         <kind>archive</kind>
         <file>rtsv7M4_T_le_eabi.lib</file>
         <name>exit.c.obj</name>
      </input_file>
      <input_file id="fl-f8">
         <path>C:\ti\ccs1011\ccs\tools\compiler\ti-cgt-arm_20.2.7.LTS\lib\</path>
         <kind>archive</kind>
         <file>rtsv7M4_T_le_eabi.lib</file>
         <name>_lock.c.obj</name>
      </input_file>
      <input_file id="fl-f9">
         <path>C:\ti\ccs1011\ccs\tools\compiler\ti-cgt-arm_20.2.7.LTS\lib\</path>
         <kind>archive</kind>
         <file>rtsv7M4_T_le_eabi.lib</file>
         <name>_ltoa.c.obj</name>
      </input_file>
      <input_file id="fl-fa">
         <path>C:\ti\ccs1011\ccs\tools\compiler\ti-cgt-arm_20.2.7.LTS\lib\</path>
         <kind>archive</kind>
         <file>rtsv7M4_T_le_eabi.lib</file>
         <name>args_main.c.obj</name>
      </input_file>
      <input_file id="fl-fb">
         <path>C:\ti\ccs1011\ccs\tools\compiler\ti-cgt-arm_20.2.7.LTS\lib\</path>
         <kind>archive</kind>
         <file>rtsv7M4_T_le_eabi.lib</file>
         <name>atoi.c.obj</name>
      </input_file>
      <input_file id="fl-fc">
         <path>C:\ti\ccs1011\ccs\tools\compiler\ti-cgt-arm_20.2.7.LTS\lib\</path>
         <kind>archive</kind>
         <file>rtsv7M4_T_le_eabi.lib</file>
         <name>ctype.c.obj</name>
      </input_file>
      <input_file id="fl-fd">
         <path>C:\ti\ccs1011\ccs\tools\compiler\ti-cgt-arm_20.2.7.LTS\lib\</path>
         <kind>archive</kind>
         <file>rtsv7M4_T_le_eabi.lib</file>
         <name>memccpy.c.obj</name>
      </input_file>
      <input_file id="fl-fe">
         <path>C:\ti\ccs1011\ccs\tools\compiler\ti-cgt-arm_20.2.7.LTS\lib\</path>
         <kind>archive</kind>
         <file>rtsv7M4_T_le_eabi.lib</file>
         <name>strchr.c.obj</name>
      </input_file>
      <input_file id="fl-ff">
         <path>C:\ti\ccs1011\ccs\tools\compiler\ti-cgt-arm_20.2.7.LTS\lib\</path>
         <kind>archive</kind>
         <file>rtsv7M4_T_le_eabi.lib</file>
         <name>strlen.c.obj</name>
      </input_file>
      <input_file id="fl-100">
         <path>C:\ti\ccs1011\ccs\tools\compiler\ti-cgt-arm_20.2.7.LTS\lib\</path>
         <kind>archive</kind>
         <file>rtsv7M4_T_le_eabi.lib</file>
         <name>errno.c.obj</name>
      </input_file>
      <input_file id="fl-101">
         <path>C:\ti\ccs1011\ccs\tools\compiler\ti-cgt-arm_20.2.7.LTS\lib\</path>
         <kind>archive</kind>
         <file>rtsv7M4_T_le_eabi.lib</file>
         <name>wcslen.c.obj</name>
      </input_file>
      <input_file id="fl-102">
         <path>C:\ti\ccs1011\ccs\tools\compiler\ti-cgt-arm_20.2.7.LTS\lib\</path>
         <kind>archive</kind>
         <file>rtsv7M4_T_le_eabi.lib</file>
         <name>s_frexp.c.obj</name>
      </input_file>
      <input_file id="fl-103">
         <path>C:\ti\ccs1011\ccs\tools\compiler\ti-cgt-arm_20.2.7.LTS\lib\</path>
         <kind>archive</kind>
         <file>rtsv7M4_T_le_eabi.lib</file>
         <name>s_scalbn.c.obj</name>
      </input_file>
      <input_file id="fl-104">
         <path>C:\ti\ccs1011\ccs\tools\compiler\ti-cgt-arm_20.2.7.LTS\lib\</path>
         <kind>archive</kind>
         <file>rtsv7M4_T_le_eabi.lib</file>
         <name>s_copysign.c.obj</name>
      </input_file>
   </input_file_list>
   <object_component_list>
      <object_component id="oc-484">
         <name>.text:__TI_printfi</name>
         <load_address>0x2000c040</load_address>
         <run_address>0x2000c040</run_address>
         <size>0xa4e</size>
         <input_file_ref idref="fl-eb"/>
      </object_component>
      <object_component id="oc-1d9">
         <name>.text:Board_initHook</name>
         <load_address>0x2000ca8e</load_address>
         <run_address>0x2000ca8e</run_address>
         <size>0x2</size>
         <input_file_ref idref="fl-3"/>
      </object_component>
      <object_component id="oc-1cd">
         <name>.text:PRCMCC3200MCUInit</name>
         <load_address>0x2000ca90</load_address>
         <run_address>0x2000ca90</run_address>
         <size>0x42c</size>
         <input_file_ref idref="fl-25"/>
      </object_component>
      <object_component id="oc-72f">
         <name>.text:UARTCC32XX_open</name>
         <load_address>0x2000cebc</load_address>
         <run_address>0x2000cebc</run_address>
         <size>0x288</size>
         <input_file_ref idref="fl-16"/>
      </object_component>
      <object_component id="oc-5f5">
         <name>.text:_pconv_a</name>
         <load_address>0x2000d144</load_address>
         <run_address>0x2000d144</run_address>
         <size>0x268</size>
         <input_file_ref idref="fl-eb"/>
      </object_component>
      <object_component id="oc-205">
         <name>.text:initI2C</name>
         <load_address>0x2000d3ac</load_address>
         <run_address>0x2000d3ac</run_address>
         <size>0x250</size>
         <input_file_ref idref="fl-2"/>
      </object_component>
      <object_component id="oc-1e7">
         <name>.text:GPIO_setConfig</name>
         <load_address>0x2000d5fc</load_address>
         <run_address>0x2000d5fc</run_address>
         <size>0x1e4</size>
         <input_file_ref idref="fl-11"/>
      </object_component>
      <object_component id="oc-5e3">
         <name>.text:_pconv_g</name>
         <load_address>0x2000d7e0</load_address>
         <run_address>0x2000d7e0</run_address>
         <size>0x1cc</size>
         <input_file_ref idref="fl-eb"/>
      </object_component>
      <object_component id="oc-789">
         <name>.text</name>
         <load_address>0x2000d9ac</load_address>
         <run_address>0x2000d9ac</run_address>
         <size>0x1b6</size>
         <input_file_ref idref="fl-ed"/>
      </object_component>
      <object_component id="oc-34e">
         <name>.text:I2C_init</name>
         <load_address>0x2000db62</load_address>
         <run_address>0x2000db62</run_address>
         <size>0x2</size>
         <input_file_ref idref="fl-e"/>
      </object_component>
      <object_component id="oc-3d8">
         <name>.text:PowerCC32XX_sleepPolicy</name>
         <load_address>0x2000db64</load_address>
         <run_address>0x2000db64</run_address>
         <size>0x19c</size>
         <input_file_ref idref="fl-1d"/>
      </object_component>
      <object_component id="oc-4cb">
         <name>.text:I2CCC32XX_hwiFxn</name>
         <load_address>0x2000dd00</load_address>
         <run_address>0x2000dd00</run_address>
         <size>0x148</size>
         <input_file_ref idref="fl-12"/>
      </object_component>
      <object_component id="oc-6c4">
         <name>.text:parkPins</name>
         <load_address>0x2000de48</load_address>
         <run_address>0x2000de48</run_address>
         <size>0x148</size>
         <input_file_ref idref="fl-13"/>
      </object_component>
      <object_component id="oc-5ef">
         <name>.text:_pconv_e</name>
         <load_address>0x2000df90</load_address>
         <run_address>0x2000df90</run_address>
         <size>0x13c</size>
         <input_file_ref idref="fl-eb"/>
      </object_component>
      <object_component id="oc-548">
         <name>.text:Power_sleep</name>
         <load_address>0x2000e0cc</load_address>
         <run_address>0x2000e0cc</run_address>
         <size>0x138</size>
         <input_file_ref idref="fl-13"/>
      </object_component>
      <object_component id="oc-76f">
         <name>.text</name>
         <load_address>0x2000e204</load_address>
         <run_address>0x2000e204</run_address>
         <size>0x136</size>
         <input_file_ref idref="fl-ef"/>
      </object_component>
      <object_component id="oc-3d2">
         <name>.text:PowerCC32XX_initPolicy</name>
         <load_address>0x2000e33a</load_address>
         <run_address>0x2000e33a</run_address>
         <size>0x2</size>
         <input_file_ref idref="fl-1d"/>
      </object_component>
      <object_component id="oc-841">
         <name>.text:TimerCC32XX_open</name>
         <load_address>0x2000e33c</load_address>
         <run_address>0x2000e33c</run_address>
         <size>0x128</size>
         <input_file_ref idref="fl-15"/>
      </object_component>
      <object_component id="oc-4d9">
         <name>.text:I2C_transferTimeout</name>
         <load_address>0x2000e464</load_address>
         <run_address>0x2000e464</run_address>
         <size>0x122</size>
         <input_file_ref idref="fl-e"/>
      </object_component>
      <object_component id="oc-83b">
         <name>.text:TimerCC32XX_init</name>
         <load_address>0x2000e586</load_address>
         <run_address>0x2000e586</run_address>
         <size>0x2</size>
         <input_file_ref idref="fl-15"/>
      </object_component>
      <object_component id="oc-71d">
         <name>.text:UARTCC32XX_close</name>
         <load_address>0x2000e588</load_address>
         <run_address>0x2000e588</run_address>
         <size>0x120</size>
         <input_file_ref idref="fl-16"/>
      </object_component>
      <object_component id="oc-79b">
         <name>.text:fcvt</name>
         <load_address>0x2000e6a8</load_address>
         <run_address>0x2000e6a8</run_address>
         <size>0x120</size>
         <input_file_ref idref="fl-eb"/>
      </object_component>
      <object_component id="oc-5a7">
         <name>.text:aligned_alloc</name>
         <load_address>0x2000e7c8</load_address>
         <run_address>0x2000e7c8</run_address>
         <size>0x100</size>
         <input_file_ref idref="fl-e9"/>
      </object_component>
      <object_component id="oc-35a">
         <name>.text:I2C_open</name>
         <load_address>0x2000e8c8</load_address>
         <run_address>0x2000e8c8</run_address>
         <size>0xfc</size>
         <input_file_ref idref="fl-12"/>
      </object_component>
      <object_component id="oc-76a">
         <name>.text</name>
         <load_address>0x2000e9c4</load_address>
         <run_address>0x2000e9c4</run_address>
         <size>0xfc</size>
         <input_file_ref idref="fl-f0"/>
      </object_component>
      <object_component id="oc-723">
         <name>.text:UARTCC32XX_control</name>
         <load_address>0x2000eac0</load_address>
         <run_address>0x2000eac0</run_address>
         <size>0xf2</size>
         <input_file_ref idref="fl-16"/>
      </object_component>
      <object_component id="oc-729">
         <name>.text:UARTCC32XX_init</name>
         <load_address>0x2000ebb2</load_address>
         <run_address>0x2000ebb2</run_address>
         <size>0x2</size>
         <input_file_ref idref="fl-16"/>
      </object_component>
      <object_component id="oc-3f4">
         <name>.text:free</name>
         <load_address>0x2000ebb4</load_address>
         <run_address>0x2000ebb4</run_address>
         <size>0xe4</size>
         <input_file_ref idref="fl-e9"/>
      </object_component>
      <object_component id="oc-7af">
         <name>.text:scalbn</name>
         <load_address>0x2000ec98</load_address>
         <run_address>0x2000ec98</run_address>
         <size>0xd0</size>
         <input_file_ref idref="fl-103"/>
      </object_component>
      <object_component id="oc-747">
         <name>.text:UARTCC32XX_write</name>
         <load_address>0x2000ed68</load_address>
         <run_address>0x2000ed68</run_address>
         <size>0xca</size>
         <input_file_ref idref="fl-16"/>
      </object_component>
      <object_component id="oc-39a">
         <name>.text:_nop</name>
         <load_address>0x2000ee32</load_address>
         <run_address>0x2000ee32</run_address>
         <size>0x2</size>
         <input_file_ref idref="fl-f8"/>
      </object_component>
      <object_component id="oc-1e1">
         <name>.text:GPIO_init</name>
         <load_address>0x2000ee34</load_address>
         <run_address>0x2000ee34</run_address>
         <size>0xc4</size>
         <input_file_ref idref="fl-11"/>
      </object_component>
      <object_component id="oc-6e1">
         <name>.text:restoreParkedPins</name>
         <load_address>0x2000eef8</load_address>
         <run_address>0x2000eef8</run_address>
         <size>0xc0</size>
         <input_file_ref idref="fl-13"/>
      </object_component>
      <object_component id="oc-73b">
         <name>.text:UARTCC32XX_readPolling</name>
         <load_address>0x2000efb8</load_address>
         <run_address>0x2000efb8</run_address>
         <size>0xba</size>
         <input_file_ref idref="fl-16"/>
      </object_component>
      <object_component id="oc-73">
         <name>.text:busFaultHandler</name>
         <load_address>0x2000f072</load_address>
         <run_address>0x2000f072</run_address>
         <size>0x2</size>
         <input_file_ref idref="fl-1e"/>
      </object_component>
      <object_component id="oc-902">
         <name>.text:initHw</name>
         <load_address>0x2000f074</load_address>
         <run_address>0x2000f074</run_address>
         <size>0xb8</size>
         <input_file_ref idref="fl-16"/>
      </object_component>
      <object_component id="oc-a29">
         <name>.text:readTaskCallback</name>
         <load_address>0x2000f12c</load_address>
         <run_address>0x2000f12c</run_address>
         <size>0xb6</size>
         <input_file_ref idref="fl-16"/>
      </object_component>
      <object_component id="oc-65b">
         <name>.text:I2CCC32XX_completeTransfer</name>
         <load_address>0x2000f1e2</load_address>
         <run_address>0x2000f1e2</run_address>
         <size>0xb2</size>
         <input_file_ref idref="fl-12"/>
      </object_component>
      <object_component id="oc-5d8">
         <name>.text:_ltostr</name>
         <load_address>0x2000f294</load_address>
         <run_address>0x2000f294</run_address>
         <size>0xb1</size>
         <input_file_ref idref="fl-eb"/>
      </object_component>
      <object_component id="oc-a17">
         <name>.text:readTaskBlocking</name>
         <load_address>0x2000f346</load_address>
         <run_address>0x2000f346</run_address>
         <size>0xb0</size>
         <input_file_ref idref="fl-16"/>
      </object_component>
      <object_component id="oc-a1d">
         <name>.text:readIsrTextBlocking</name>
         <load_address>0x2000f3f6</load_address>
         <run_address>0x2000f3f6</run_address>
         <size>0xae</size>
         <input_file_ref idref="fl-16"/>
      </object_component>
      <object_component id="oc-649">
         <name>.text:I2CCC32XX_primeWriteBurst</name>
         <load_address>0x2000f4a4</load_address>
         <run_address>0x2000f4a4</run_address>
         <size>0xa8</size>
         <input_file_ref idref="fl-12"/>
      </object_component>
      <object_component id="oc-b5">
         <name>.text:IntEnable</name>
         <load_address>0x2000f54c</load_address>
         <run_address>0x2000f54c</run_address>
         <size>0xa8</size>
         <input_file_ref idref="fl-23"/>
      </object_component>
      <object_component id="oc-2a7">
         <name>.text:PowerCC32XX_configureWakeup</name>
         <load_address>0x2000f5f4</load_address>
         <run_address>0x2000f5f4</run_address>
         <size>0xa8</size>
         <input_file_ref idref="fl-13"/>
      </object_component>
      <object_component id="oc-a2f">
         <name>.text:readIsrTextCallback</name>
         <load_address>0x2000f69c</load_address>
         <run_address>0x2000f69c</run_address>
         <size>0xa2</size>
         <input_file_ref idref="fl-16"/>
      </object_component>
      <object_component id="oc-939">
         <name>.text:writeData</name>
         <load_address>0x2000f73e</load_address>
         <run_address>0x2000f73e</run_address>
         <size>0xa2</size>
         <input_file_ref idref="fl-16"/>
      </object_component>
      <object_component id="oc-2cd">
         <name>.text:SemaphoreP_pend</name>
         <load_address>0x2000f7e0</load_address>
         <run_address>0x2000f7e0</run_address>
         <size>0xa0</size>
         <input_file_ref idref="fl-1a"/>
      </object_component>
      <object_component id="oc-4b9">
         <name>.text:I2CCC32XX_initHw</name>
         <load_address>0x2000f880</load_address>
         <run_address>0x2000f880</run_address>
         <size>0x9c</size>
         <input_file_ref idref="fl-12"/>
      </object_component>
      <object_component id="oc-3b">
         <name>.text</name>
         <load_address>0x2000f91c</load_address>
         <run_address>0x2000f91c</run_address>
         <size>0x9c</size>
         <input_file_ref idref="fl-e4"/>
      </object_component>
      <object_component id="oc-2e9">
         <name>.text:powerNotifyFxn</name>
         <load_address>0x2000f9b8</load_address>
         <run_address>0x2000f9b8</run_address>
         <size>0x98</size>
         <input_file_ref idref="fl-11"/>
      </object_component>
      <object_component id="oc-543">
         <name>.text</name>
         <load_address>0x2000fa50</load_address>
         <run_address>0x2000fa50</run_address>
         <size>0x96</size>
         <input_file_ref idref="fl-e5"/>
      </object_component>
      <object_component id="oc-419">
         <name>.text:clkFxn</name>
         <load_address>0x2000fae6</load_address>
         <run_address>0x2000fae6</run_address>
         <size>0x2</size>
         <input_file_ref idref="fl-1a"/>
      </object_component>
      <object_component id="oc-6d5">
         <name>.text:restoreNVICRegs</name>
         <load_address>0x2000fae8</load_address>
         <run_address>0x2000fae8</run_address>
         <size>0x90</size>
         <input_file_ref idref="fl-13"/>
      </object_component>
      <object_component id="oc-455">
         <name>.text:HwiP_construct</name>
         <load_address>0x2000fb78</load_address>
         <run_address>0x2000fb78</run_address>
         <size>0x8c</size>
         <input_file_ref idref="fl-1c"/>
      </object_component>
      <object_component id="oc-8aa">
         <name>.text:IntPendSet</name>
         <load_address>0x2000fc04</load_address>
         <run_address>0x2000fc04</run_address>
         <size>0x88</size>
         <input_file_ref idref="fl-23"/>
      </object_component>
      <object_component id="oc-2f3">
         <name>.text:PinConfigSet</name>
         <load_address>0x2000fc8c</load_address>
         <run_address>0x2000fc8c</run_address>
         <size>0x88</size>
         <input_file_ref idref="fl-24"/>
      </object_component>
      <object_component id="oc-847">
         <name>.text:TimerCC32XX_setPeriod</name>
         <load_address>0x2000fd14</load_address>
         <run_address>0x2000fd14</run_address>
         <size>0x88</size>
         <input_file_ref idref="fl-15"/>
      </object_component>
      <object_component id="oc-5de">
         <name>.text:__aeabi_cdcmple</name>
         <load_address>0x2000fd9c</load_address>
         <run_address>0x2000fd9c</run_address>
         <size>0x86</size>
         <input_file_ref idref="fl-ee"/>
      </object_component>
      <object_component id="oc-774">
         <name>.text:__aeabi_cdrcmple</name>
         <load_address>0x2000fe22</load_address>
         <run_address>0x2000fe22</run_address>
         <size>0x86</size>
         <input_file_ref idref="fl-ee"/>
      </object_component>
      <object_component id="oc-1d3">
         <name>.text:Power_init</name>
         <load_address>0x2000fea8</load_address>
         <run_address>0x2000fea8</run_address>
         <size>0x84</size>
         <input_file_ref idref="fl-13"/>
      </object_component>
      <object_component id="oc-6ca">
         <name>.text:saveNVICRegs</name>
         <load_address>0x2000ff2c</load_address>
         <run_address>0x2000ff2c</run_address>
         <size>0x84</size>
         <input_file_ref idref="fl-13"/>
      </object_component>
      <object_component id="oc-2f9">
         <name>.text:Power_setDependency</name>
         <load_address>0x2000ffb0</load_address>
         <run_address>0x2000ffb0</run_address>
         <size>0x80</size>
         <input_file_ref idref="fl-13"/>
      </object_component>
      <object_component id="oc-a11">
         <name>.text:readIsrBinaryBlocking</name>
         <load_address>0x20010030</load_address>
         <run_address>0x20010030</run_address>
         <size>0x7c</size>
         <input_file_ref idref="fl-16"/>
      </object_component>
      <object_component id="oc-643">
         <name>.text:I2CCC32XX_primeReadBurst</name>
         <load_address>0x200100ac</load_address>
         <run_address>0x200100ac</run_address>
         <size>0x7a</size>
         <input_file_ref idref="fl-12"/>
      </object_component>
      <object_component id="oc-9d">
         <name>.text</name>
         <load_address>0x20010126</load_address>
         <run_address>0x20010126</run_address>
         <size>0x7a</size>
         <input_file_ref idref="fl-f3"/>
      </object_component>
      <object_component id="oc-31d">
         <name>.text:GPIO_hwiIntFxn</name>
         <load_address>0x200101a0</load_address>
         <run_address>0x200101a0</run_address>
         <size>0x78</size>
         <input_file_ref idref="fl-11"/>
      </object_component>
      <object_component id="oc-84d">
         <name>.text:TimerCC32XX_start</name>
         <load_address>0x20010218</load_address>
         <run_address>0x20010218</run_address>
         <size>0x78</size>
         <input_file_ref idref="fl-15"/>
      </object_component>
      <object_component id="oc-a23">
         <name>.text:readIsrBinaryCallback</name>
         <load_address>0x20010290</load_address>
         <run_address>0x20010290</run_address>
         <size>0x78</size>
         <input_file_ref idref="fl-16"/>
      </object_component>
      <object_component id="oc-911">
         <name>.text:UARTCC32XX_hwiIntFxn</name>
         <load_address>0x20010308</load_address>
         <run_address>0x20010308</run_address>
         <size>0x74</size>
         <input_file_ref idref="fl-16"/>
      </object_component>
      <object_component id="oc-711">
         <name>.text:split</name>
         <load_address>0x2001037c</load_address>
         <run_address>0x2001037c</run_address>
         <size>0x70</size>
         <input_file_ref idref="fl-e9"/>
      </object_component>
      <object_component id="oc-794">
         <name>.text:_mcpy</name>
         <load_address>0x200103ec</load_address>
         <run_address>0x200103ec</run_address>
         <size>0x6e</size>
         <input_file_ref idref="fl-eb"/>
      </object_component>
      <object_component id="oc-676">
         <name>.text:I2CSupport_primeTransfer</name>
         <load_address>0x2001045a</load_address>
         <run_address>0x2001045a</run_address>
         <size>0x6a</size>
         <input_file_ref idref="fl-12"/>
      </object_component>
      <object_component id="oc-14">
         <name>.text:decompress:lzss:__TI_decompress_lzss</name>
         <load_address>0x200104c4</load_address>
         <run_address>0x200104c4</run_address>
         <size>0x68</size>
         <input_file_ref idref="fl-e8"/>
      </object_component>
      <object_component id="oc-753">
         <name>.text:UARTCC32XX_writeCancel</name>
         <load_address>0x2001052c</load_address>
         <run_address>0x2001052c</run_address>
         <size>0x66</size>
         <input_file_ref idref="fl-16"/>
      </object_component>
      <object_component id="oc-6d">
         <name>.text:defaultHandler</name>
         <load_address>0x20010592</load_address>
         <run_address>0x20010592</run_address>
         <size>0x2</size>
         <input_file_ref idref="fl-1e"/>
      </object_component>
      <object_component id="oc-390">
         <name>.text:GPIO_toggle</name>
         <load_address>0x20010594</load_address>
         <run_address>0x20010594</run_address>
         <size>0x64</size>
         <input_file_ref idref="fl-11"/>
      </object_component>
      <object_component id="oc-443">
         <name>.text:PowerCC32XX_setParkState</name>
         <load_address>0x200105f8</load_address>
         <run_address>0x200105f8</run_address>
         <size>0x64</size>
         <input_file_ref idref="fl-13"/>
      </object_component>
      <object_component id="oc-15f">
         <name>.text:mainThread</name>
         <load_address>0x2001065c</load_address>
         <run_address>0x2001065c</run_address>
         <size>0x64</size>
         <input_file_ref idref="fl-2"/>
      </object_component>
      <object_component id="oc-74d">
         <name>.text:UARTCC32XX_writePolling</name>
         <load_address>0x200106c0</load_address>
         <run_address>0x200106c0</run_address>
         <size>0x62</size>
         <input_file_ref idref="fl-16"/>
      </object_component>
      <object_component id="oc-67">
         <name>.text:faultISR</name>
         <load_address>0x20010722</load_address>
         <run_address>0x20010722</run_address>
         <size>0x2</size>
         <input_file_ref idref="fl-1e"/>
      </object_component>
      <object_component id="oc-275">
         <name>.text:PRCMSysResetCauseGet</name>
         <load_address>0x20010724</load_address>
         <run_address>0x20010724</run_address>
         <size>0x60</size>
         <input_file_ref idref="fl-25"/>
      </object_component>
      <object_component id="oc-1f3">
         <name>.text:GPIO_setCallback</name>
         <load_address>0x20010784</load_address>
         <run_address>0x20010784</run_address>
         <size>0x5c</size>
         <input_file_ref idref="fl-11"/>
      </object_component>
      <object_component id="oc-7a9">
         <name>.text:frexp</name>
         <load_address>0x200107e0</load_address>
         <run_address>0x200107e0</run_address>
         <size>0x5c</size>
         <input_file_ref idref="fl-102"/>
      </object_component>
      <object_component id="oc-86a">
         <name>.text:sysTickInit</name>
         <load_address>0x2001083c</load_address>
         <run_address>0x2001083c</run_address>
         <size>0x5c</size>
         <input_file_ref idref="fl-1b"/>
      </object_component>
      <object_component id="oc-1ed">
         <name>.text:GPIO_write</name>
         <load_address>0x20010898</load_address>
         <run_address>0x20010898</run_address>
         <size>0x58</size>
         <input_file_ref idref="fl-11"/>
      </object_component>
      <object_component id="oc-28e">
         <name>.text:PRCMPeripheralReset</name>
         <load_address>0x200108f0</load_address>
         <run_address>0x200108f0</run_address>
         <size>0x58</size>
         <input_file_ref idref="fl-25"/>
      </object_component>
      <object_component id="oc-8c9">
         <name>.text:Power_releaseDependency</name>
         <load_address>0x20010948</load_address>
         <run_address>0x20010948</run_address>
         <size>0x58</size>
         <input_file_ref idref="fl-13"/>
      </object_component>
      <object_component id="oc-853">
         <name>.text:TimerCC32XX_stop</name>
         <load_address>0x200109a0</load_address>
         <run_address>0x200109a0</run_address>
         <size>0x56</size>
         <input_file_ref idref="fl-15"/>
      </object_component>
      <object_component id="oc-5e9">
         <name>.text:_pconv_f</name>
         <load_address>0x200109f6</load_address>
         <run_address>0x200109f6</run_address>
         <size>0x56</size>
         <input_file_ref idref="fl-eb"/>
      </object_component>
      <object_component id="oc-77e">
         <name>.text:__TI_ltoa</name>
         <load_address>0x20010a4c</load_address>
         <run_address>0x20010a4c</run_address>
         <size>0x54</size>
         <input_file_ref idref="fl-f9"/>
      </object_component>
      <object_component id="oc-20b">
         <name>.text:initTimerButtons</name>
         <load_address>0x20010aa0</load_address>
         <run_address>0x20010aa0</run_address>
         <size>0x54</size>
         <input_file_ref idref="fl-2"/>
      </object_component>
      <object_component id="oc-211">
         <name>.text:initTimerTemp</name>
         <load_address>0x20010af4</load_address>
         <run_address>0x20010af4</run_address>
         <size>0x54</size>
         <input_file_ref idref="fl-2"/>
      </object_component>
      <object_component id="oc-a9e">
         <name>.text:ringBufGet</name>
         <load_address>0x20010b48</load_address>
         <run_address>0x20010b48</run_address>
         <size>0x54</size>
         <input_file_ref idref="fl-16"/>
      </object_component>
      <object_component id="oc-887">
         <name>.text:PowerCC32XX_resumeLPDS</name>
         <load_address>0x20010b9c</load_address>
         <run_address>0x20010b9c</run_address>
         <size>0x52</size>
         <input_file_ref idref="fl-14"/>
      </object_component>
      <object_component id="oc-78e">
         <name>.text:_ecpy</name>
         <load_address>0x20010bee</load_address>
         <run_address>0x20010bee</run_address>
         <size>0x52</size>
         <input_file_ref idref="fl-eb"/>
      </object_component>
      <object_component id="oc-99e">
         <name>.text:initHw</name>
         <load_address>0x20010c40</load_address>
         <run_address>0x20010c40</run_address>
         <size>0x52</size>
         <input_file_ref idref="fl-15"/>
      </object_component>
      <object_component id="oc-61">
         <name>.text:nmiISR</name>
         <load_address>0x20010c92</load_address>
         <run_address>0x20010c92</run_address>
         <size>0x2</size>
         <input_file_ref idref="fl-1e"/>
      </object_component>
      <object_component id="oc-79">
         <name>.text:ClockP_sysTickHandler</name>
         <load_address>0x20010c94</load_address>
         <run_address>0x20010c94</run_address>
         <size>0x50</size>
         <input_file_ref idref="fl-1b"/>
      </object_component>
      <object_component id="oc-569">
         <name>.text:SemaphoreP_construct</name>
         <load_address>0x20010ce4</load_address>
         <run_address>0x20010ce4</run_address>
         <size>0x50</size>
         <input_file_ref idref="fl-1a"/>
      </object_component>
      <object_component id="oc-992">
         <name>.text:TimerCC32XX_allocateTimerResource</name>
         <load_address>0x20010d34</load_address>
         <run_address>0x20010d34</run_address>
         <size>0x50</size>
         <input_file_ref idref="fl-15"/>
      </object_component>
      <object_component id="oc-1f9">
         <name>.text:GPIO_enableInt</name>
         <load_address>0x20010d84</load_address>
         <run_address>0x20010d84</run_address>
         <size>0x4c</size>
         <input_file_ref idref="fl-11"/>
      </object_component>
      <object_component id="oc-637">
         <name>.text:I2CCC32XX_readRecieveFifo</name>
         <load_address>0x20010dd0</load_address>
         <run_address>0x20010dd0</run_address>
         <size>0x4c</size>
         <input_file_ref idref="fl-12"/>
      </object_component>
      <object_component id="oc-87e">
         <name>.text:PowerCC32XX_parkPin</name>
         <load_address>0x20010e1c</load_address>
         <run_address>0x20010e1c</run_address>
         <size>0x4c</size>
         <input_file_ref idref="fl-13"/>
      </object_component>
      <object_component id="oc-5d2">
         <name>.text:atoi</name>
         <load_address>0x20010e68</load_address>
         <run_address>0x20010e68</run_address>
         <size>0x4c</size>
         <input_file_ref idref="fl-fb"/>
      </object_component>
      <object_component id="oc-6db">
         <name>.text:restorePeriphClocks</name>
         <load_address>0x20010eb4</load_address>
         <run_address>0x20010eb4</run_address>
         <size>0x4c</size>
         <input_file_ref idref="fl-13"/>
      </object_component>
      <object_component id="oc-342">
         <name>.text:snprintf</name>
         <load_address>0x20010f00</load_address>
         <run_address>0x20010f00</run_address>
         <size>0x4c</size>
         <input_file_ref idref="fl-df"/>
      </object_component>
      <object_component id="oc-8a2">
         <name>.text:FlashDisable</name>
         <load_address>0x20010f4c</load_address>
         <run_address>0x20010f4c</run_address>
         <size>0x48</size>
         <input_file_ref idref="fl-29"/>
      </object_component>
      <object_component id="oc-6e7">
         <name>.text:PRCMLPDSEnter</name>
         <load_address>0x20010f94</load_address>
         <run_address>0x20010f94</run_address>
         <size>0x48</size>
         <input_file_ref idref="fl-25"/>
      </object_component>
      <object_component id="oc-288">
         <name>.text:PRCMPeripheralClkEnable</name>
         <load_address>0x20010fdc</load_address>
         <run_address>0x20010fdc</run_address>
         <size>0x48</size>
         <input_file_ref idref="fl-25"/>
      </object_component>
      <object_component id="oc-7fe">
         <name>.text:Power_releaseConstraint</name>
         <load_address>0x20011024</load_address>
         <run_address>0x20011024</run_address>
         <size>0x48</size>
         <input_file_ref idref="fl-13"/>
      </object_component>
      <object_component id="oc-779">
         <name>.text</name>
         <load_address>0x2001106c</load_address>
         <run_address>0x2001106c</run_address>
         <size>0x48</size>
         <input_file_ref idref="fl-f1"/>
      </object_component>
      <object_component id="oc-a8b">
         <name>.text:RingBuf_put</name>
         <load_address>0x200110b4</load_address>
         <run_address>0x200110b4</run_address>
         <size>0x46</size>
         <input_file_ref idref="fl-18"/>
      </object_component>
      <object_component id="oc-998">
         <name>.text:getPrescaler</name>
         <load_address>0x200110fa</load_address>
         <run_address>0x200110fa</run_address>
         <size>0x46</size>
         <input_file_ref idref="fl-15"/>
      </object_component>
      <object_component id="oc-591">
         <name>.text:ClockP_stop</name>
         <load_address>0x20011140</load_address>
         <run_address>0x20011140</run_address>
         <size>0x44</size>
         <input_file_ref idref="fl-1b"/>
      </object_component>
      <object_component id="oc-88c">
         <name>.text:PRCMLPDSRestoreInfoSet</name>
         <load_address>0x20011184</load_address>
         <run_address>0x20011184</run_address>
         <size>0x44</size>
         <input_file_ref idref="fl-25"/>
      </object_component>
      <object_component id="oc-6d0">
         <name>.text:PowerCC32XX_enterLPDS</name>
         <load_address>0x200111c8</load_address>
         <run_address>0x200111c8</run_address>
         <size>0x44</size>
         <input_file_ref idref="fl-14"/>
      </object_component>
      <object_component id="oc-2d9">
         <name>.text:SemaphoreP_post</name>
         <load_address>0x2001120c</load_address>
         <run_address>0x2001120c</run_address>
         <size>0x44</size>
         <input_file_ref idref="fl-1a"/>
      </object_component>
      <object_component id="oc-559">
         <name>.text:SwiP_restore</name>
         <load_address>0x20011250</load_address>
         <run_address>0x20011250</run_address>
         <size>0x44</size>
         <input_file_ref idref="fl-1f"/>
      </object_component>
      <object_component id="oc-36f">
         <name>.text:Timer_init</name>
         <load_address>0x20011294</load_address>
         <run_address>0x20011294</run_address>
         <size>0x44</size>
         <input_file_ref idref="fl-f"/>
      </object_component>
      <object_component id="oc-32e">
         <name>.text:UART_init</name>
         <load_address>0x200112d8</load_address>
         <run_address>0x200112d8</run_address>
         <size>0x44</size>
         <input_file_ref idref="fl-10"/>
      </object_component>
      <object_component id="oc-172">
         <name>.text:__TI_auto_init_nobinit_nopinit:__TI_auto_init_nobinit_nopinit</name>
         <load_address>0x2001131c</load_address>
         <run_address>0x2001131c</run_address>
         <size>0x44</size>
         <input_file_ref idref="fl-f4"/>
      </object_component>
      <object_component id="oc-1ff">
         <name>.text:initUART</name>
         <load_address>0x20011360</load_address>
         <run_address>0x20011360</run_address>
         <size>0x44</size>
         <input_file_ref idref="fl-2"/>
      </object_component>
      <object_component id="oc-a00">
         <name>.text:ClockP_construct</name>
         <load_address>0x200113a4</load_address>
         <run_address>0x200113a4</run_address>
         <size>0x40</size>
         <input_file_ref idref="fl-1b"/>
      </object_component>
      <object_component id="oc-2a0">
         <name>.text:PinModeSet</name>
         <load_address>0x200113e4</load_address>
         <run_address>0x200113e4</run_address>
         <size>0x40</size>
         <input_file_ref idref="fl-24"/>
      </object_component>
      <object_component id="oc-92b">
         <name>.text:RingBuf_get</name>
         <load_address>0x20011424</load_address>
         <run_address>0x20011424</run_address>
         <size>0x40</size>
         <input_file_ref idref="fl-18"/>
      </object_component>
      <object_component id="oc-37b">
         <name>.text:Timer_open</name>
         <load_address>0x20011464</load_address>
         <run_address>0x20011464</run_address>
         <size>0x40</size>
         <input_file_ref idref="fl-f"/>
      </object_component>
      <object_component id="oc-735">
         <name>.text:UARTCC32XX_read</name>
         <load_address>0x200114a4</load_address>
         <run_address>0x200114a4</run_address>
         <size>0x40</size>
         <input_file_ref idref="fl-16"/>
      </object_component>
      <object_component id="oc-33a">
         <name>.text:UART_open</name>
         <load_address>0x200114e4</load_address>
         <run_address>0x200114e4</run_address>
         <size>0x40</size>
         <input_file_ref idref="fl-10"/>
      </object_component>
      <object_component id="oc-7a1">
         <name>.text:_fcpy</name>
         <load_address>0x20011524</load_address>
         <run_address>0x20011524</run_address>
         <size>0x3e</size>
         <input_file_ref idref="fl-eb"/>
      </object_component>
      <object_component id="oc-6b8">
         <name>.text</name>
         <load_address>0x20011562</load_address>
         <run_address>0x20011562</run_address>
         <size>0x2</size>
         <input_file_ref idref="fl-ec"/>
      </object_component>
      <object_component id="oc-413">
         <name>.text:ClockP_destruct</name>
         <load_address>0x20011564</load_address>
         <run_address>0x20011564</run_address>
         <size>0x3c</size>
         <input_file_ref idref="fl-1b"/>
      </object_component>
      <object_component id="oc-805">
         <name>.text:Power_setConstraint</name>
         <load_address>0x200115a0</load_address>
         <run_address>0x200115a0</run_address>
         <size>0x3c</size>
         <input_file_ref idref="fl-13"/>
      </object_component>
      <object_component id="oc-829">
         <name>.text:TimerCC32XX_close</name>
         <load_address>0x200115dc</load_address>
         <run_address>0x200115dc</run_address>
         <size>0x3a</size>
         <input_file_ref idref="fl-15"/>
      </object_component>
      <object_component id="oc-53d">
         <name>.text:getCountsRTC</name>
         <load_address>0x20011616</load_address>
         <run_address>0x20011616</run_address>
         <size>0x3a</size>
         <input_file_ref idref="fl-1d"/>
      </object_component>
      <object_component id="oc-6ed">
         <name>.text:PRCMLPDSEnterKeepDebugIf</name>
         <load_address>0x20011650</load_address>
         <run_address>0x20011650</run_address>
         <size>0x38</size>
         <input_file_ref idref="fl-25"/>
      </object_component>
      <object_component id="oc-9aa">
         <name>.text:TimerCC32XX_hwiIntFunction</name>
         <load_address>0x20011688</load_address>
         <run_address>0x20011688</run_address>
         <size>0x38</size>
         <input_file_ref idref="fl-15"/>
      </object_component>
      <object_component id="oc-db">
         <name>.text:addToList</name>
         <load_address>0x200116c0</load_address>
         <run_address>0x200116c0</run_address>
         <size>0x38</size>
         <input_file_ref idref="fl-1b"/>
      </object_component>
      <object_component id="oc-59">
         <name>.text:initVectors</name>
         <load_address>0x200116f8</load_address>
         <run_address>0x200116f8</run_address>
         <size>0x38</size>
         <input_file_ref idref="fl-1e"/>
      </object_component>
      <object_component id="oc-6be">
         <name>.text:notify</name>
         <load_address>0x20011730</load_address>
         <run_address>0x20011730</run_address>
         <size>0x38</size>
         <input_file_ref idref="fl-13"/>
      </object_component>
      <object_component id="oc-a69">
         <name>.text:TimerControlStall</name>
         <load_address>0x20011768</load_address>
         <run_address>0x20011768</run_address>
         <size>0x36</size>
         <input_file_ref idref="fl-26"/>
      </object_component>
      <object_component id="oc-741">
         <name>.text:UARTCC32XX_readCancel</name>
         <load_address>0x2001179e</load_address>
         <run_address>0x2001179e</run_address>
         <size>0x36</size>
         <input_file_ref idref="fl-16"/>
      </object_component>
      <object_component id="oc-52b">
         <name>.text:ClockP_getTicksUntilInterrupt</name>
         <load_address>0x200117d4</load_address>
         <run_address>0x200117d4</run_address>
         <size>0x34</size>
         <input_file_ref idref="fl-1b"/>
      </object_component>
      <object_component id="oc-6af">
         <name>.text:ClockP_startup</name>
         <load_address>0x20011808</load_address>
         <run_address>0x20011808</run_address>
         <size>0x34</size>
         <input_file_ref idref="fl-1b"/>
      </object_component>
      <object_component id="oc-29a">
         <name>.text:PinModeGet</name>
         <load_address>0x2001183c</load_address>
         <run_address>0x2001183c</run_address>
         <size>0x34</size>
         <input_file_ref idref="fl-24"/>
      </object_component>
      <object_component id="oc-8cf">
         <name>.text:PowerCC32XX_restoreParkState</name>
         <load_address>0x20011870</load_address>
         <run_address>0x20011870</run_address>
         <size>0x34</size>
         <input_file_ref idref="fl-13"/>
      </object_component>
      <object_component id="oc-988">
         <name>.text:TimerCC32XX_freeTimerResource</name>
         <load_address>0x200118a4</load_address>
         <run_address>0x200118a4</run_address>
         <size>0x34</size>
         <input_file_ref idref="fl-15"/>
      </object_component>
      <object_component id="oc-a5d">
         <name>.text:getPowerMgrId</name>
         <load_address>0x200118d8</load_address>
         <run_address>0x200118d8</run_address>
         <size>0x34</size>
         <input_file_ref idref="fl-15"/>
      </object_component>
      <object_component id="oc-401">
         <name>.text:ClockP_start</name>
         <load_address>0x2001190c</load_address>
         <run_address>0x2001190c</run_address>
         <size>0x30</size>
         <input_file_ref idref="fl-1b"/>
      </object_component>
      <object_component id="oc-89b">
         <name>.text:PowerCC32XX_restoreParkedPin</name>
         <load_address>0x2001193c</load_address>
         <run_address>0x2001193c</run_address>
         <size>0x30</size>
         <input_file_ref idref="fl-13"/>
      </object_component>
      <object_component id="oc-48a">
         <name>.text:_outs</name>
         <load_address>0x2001196c</load_address>
         <run_address>0x2001196c</run_address>
         <size>0x30</size>
         <input_file_ref idref="fl-df"/>
      </object_component>
      <object_component id="oc-784">
         <name>.text</name>
         <load_address>0x2001199c</load_address>
         <run_address>0x2001199c</run_address>
         <size>0x2e</size>
         <input_file_ref idref="fl-f2"/>
      </object_component>
      <object_component id="oc-8f0">
         <name>.text:PowerCC32XX_getParkState</name>
         <load_address>0x200119cc</load_address>
         <run_address>0x200119cc</run_address>
         <size>0x2c</size>
         <input_file_ref idref="fl-13"/>
      </object_component>
      <object_component id="oc-305">
         <name>.text:HwiP_create</name>
         <load_address>0x200119f8</load_address>
         <run_address>0x200119f8</run_address>
         <size>0x2a</size>
         <input_file_ref idref="fl-1c"/>
      </object_component>
      <object_component id="oc-9b7">
         <name>.text:TimerLoadSet</name>
         <load_address>0x20011a22</load_address>
         <run_address>0x20011a22</run_address>
         <size>0x2a</size>
         <input_file_ref idref="fl-26"/>
      </object_component>
      <object_component id="oc-9b1">
         <name>.text:TimerPrescaleSet</name>
         <load_address>0x20011a4c</load_address>
         <run_address>0x20011a4c</run_address>
         <size>0x2a</size>
         <input_file_ref idref="fl-26"/>
      </object_component>
      <object_component id="oc-64f">
         <name>.text:I2CFIFODataPutNonBlocking</name>
         <load_address>0x20011a76</load_address>
         <run_address>0x20011a76</run_address>
         <size>0x28</size>
         <input_file_ref idref="fl-22"/>
      </object_component>
      <object_component id="oc-294">
         <name>.text:PRCMPeripheralClkDisable</name>
         <load_address>0x20011aa0</load_address>
         <run_address>0x20011aa0</run_address>
         <size>0x28</size>
         <input_file_ref idref="fl-25"/>
      </object_component>
      <object_component id="oc-2d3">
         <name>.text:Power_registerNotify</name>
         <load_address>0x20011ac8</load_address>
         <run_address>0x20011ac8</run_address>
         <size>0x28</size>
         <input_file_ref idref="fl-13"/>
      </object_component>
      <object_component id="oc-589">
         <name>.text:free_list_insert</name>
         <load_address>0x20011af0</load_address>
         <run_address>0x20011af0</run_address>
         <size>0x28</size>
         <input_file_ref idref="fl-e9"/>
      </object_component>
      <object_component id="oc-7da">
         <name>.text:I2CFIFODataGetNonBlocking</name>
         <load_address>0x20011b18</load_address>
         <run_address>0x20011b18</run_address>
         <size>0x26</size>
         <input_file_ref idref="fl-22"/>
      </object_component>
      <object_component id="oc-682">
         <name>.text:I2C_cancel</name>
         <load_address>0x20011b3e</load_address>
         <run_address>0x20011b3e</run_address>
         <size>0x26</size>
         <input_file_ref idref="fl-e"/>
      </object_component>
      <object_component id="oc-423">
         <name>.text:List_put</name>
         <load_address>0x20011b64</load_address>
         <run_address>0x20011b64</run_address>
         <size>0x26</size>
         <input_file_ref idref="fl-17"/>
      </object_component>
      <object_component id="oc-9f0">
         <name>.text:List_remove</name>
         <load_address>0x20011b8a</load_address>
         <run_address>0x20011b8a</run_address>
         <size>0x26</size>
         <input_file_ref idref="fl-17"/>
      </object_component>
      <object_component id="oc-5b1">
         <name>.text:HwiP_dispatch</name>
         <load_address>0x20011bb0</load_address>
         <run_address>0x20011bb0</run_address>
         <size>0x24</size>
         <input_file_ref idref="fl-1c"/>
      </object_component>
      <object_component id="oc-8ea">
         <name>.text:PowerCC32XX_reset</name>
         <load_address>0x20011bd4</load_address>
         <run_address>0x20011bd4</run_address>
         <size>0x24</size>
         <input_file_ref idref="fl-13"/>
      </object_component>
      <object_component id="oc-c5">
         <name>.text:_c_int00_noargs:_c_int00_noargs</name>
         <load_address>0x20011bf8</load_address>
         <run_address>0x20011bf8</run_address>
         <size>0x24</size>
         <input_file_ref idref="fl-ea"/>
      </object_component>
      <object_component id="oc-7e2">
         <name>.text:I2CMasterSlaveAddrSet</name>
         <load_address>0x20011c1c</load_address>
         <run_address>0x20011c1c</run_address>
         <size>0x22</size>
         <input_file_ref idref="fl-22"/>
      </object_component>
      <object_component id="oc-9e8">
         <name>.text:HwiP_destruct</name>
         <load_address>0x20011c3e</load_address>
         <run_address>0x20011c3e</run_address>
         <size>0x20</size>
         <input_file_ref idref="fl-1c"/>
      </object_component>
      <object_component id="oc-8c3">
         <name>.text:Power_unregisterNotify</name>
         <load_address>0x20011c60</load_address>
         <run_address>0x20011c60</run_address>
         <size>0x20</size>
         <input_file_ref idref="fl-13"/>
      </object_component>
      <object_component id="oc-8d6">
         <name>.text:RingBuf_peek</name>
         <load_address>0x20011c80</load_address>
         <run_address>0x20011c80</run_address>
         <size>0x20</size>
         <input_file_ref idref="fl-18"/>
      </object_component>
      <object_component id="oc-8e4">
         <name>.text:getPowerMgrId</name>
         <load_address>0x20011ca0</load_address>
         <run_address>0x20011ca0</run_address>
         <size>0x20</size>
         <input_file_ref idref="fl-16"/>
      </object_component>
      <object_component id="oc-62b">
         <name>.text:I2CMasterIntStatusEx</name>
         <load_address>0x20011cc0</load_address>
         <run_address>0x20011cc0</run_address>
         <size>0x1e</size>
         <input_file_ref idref="fl-22"/>
      </object_component>
      <object_component id="oc-4b3">
         <name>.text:SemaphoreP_constructBinary</name>
         <load_address>0x20011cde</load_address>
         <run_address>0x20011cde</run_address>
         <size>0x1e</size>
         <input_file_ref idref="fl-1a"/>
      </object_component>
      <object_component id="oc-9cb">
         <name>.text:TimerDisable</name>
         <load_address>0x20011cfc</load_address>
         <run_address>0x20011cfc</run_address>
         <size>0x1e</size>
         <input_file_ref idref="fl-26"/>
      </object_component>
      <object_component id="oc-9c4">
         <name>.text:TimerEnable</name>
         <load_address>0x20011d1a</load_address>
         <run_address>0x20011d1a</run_address>
         <size>0x1e</size>
         <input_file_ref idref="fl-26"/>
      </object_component>
      <object_component id="oc-878">
         <name>.text:PinToPadGet</name>
         <load_address>0x20011d38</load_address>
         <run_address>0x20011d38</run_address>
         <size>0x1c</size>
         <input_file_ref idref="fl-24"/>
      </object_component>
      <object_component id="oc-51f">
         <name>.text:SwiP_disable</name>
         <load_address>0x20011d54</load_address>
         <run_address>0x20011d54</run_address>
         <size>0x1c</size>
         <input_file_ref idref="fl-1f"/>
      </object_component>
      <object_component id="oc-47">
         <name>.text:decompress:ZI:__TI_zero_init_nomemset:__TI_zero_init_nomemset</name>
         <load_address>0x20011d70</load_address>
         <run_address>0x20011d70</run_address>
         <size>0x1c</size>
         <input_file_ref idref="fl-e6"/>
      </object_component>
      <object_component id="oc-583">
         <name>.text:free_list_remove</name>
         <load_address>0x20011d8c</load_address>
         <run_address>0x20011d8c</run_address>
         <size>0x1c</size>
         <input_file_ref idref="fl-e9"/>
      </object_component>
      <object_component id="oc-5fb">
         <name>.text:memccpy</name>
         <load_address>0x20011da8</load_address>
         <run_address>0x20011da8</run_address>
         <size>0x1c</size>
         <input_file_ref idref="fl-fd"/>
      </object_component>
      <object_component id="oc-8fc">
         <name>.text:ClockP_create</name>
         <load_address>0x20011dc4</load_address>
         <run_address>0x20011dc4</run_address>
         <size>0x1a</size>
         <input_file_ref idref="fl-1b"/>
      </object_component>
      <object_component id="oc-2b5">
         <name>.text:SemaphoreP_createBinary</name>
         <load_address>0x20011dde</load_address>
         <run_address>0x20011dde</run_address>
         <size>0x1a</size>
         <input_file_ref idref="fl-1a"/>
      </object_component>
      <object_component id="oc-21">
         <name>.text:resetISR</name>
         <load_address>0x20011df8</load_address>
         <run_address>0x20011df8</run_address>
         <size>0x1a</size>
         <input_file_ref idref="fl-1e"/>
      </object_component>
      <object_component id="oc-819">
         <name>.text:I2CMasterBusBusy</name>
         <load_address>0x20011e12</load_address>
         <run_address>0x20011e12</run_address>
         <size>0x18</size>
         <input_file_ref idref="fl-22"/>
      </object_component>
      <object_component id="oc-63d">
         <name>.text:I2CMasterIntDisableEx</name>
         <load_address>0x20011e2a</load_address>
         <run_address>0x20011e2a</run_address>
         <size>0x18</size>
         <input_file_ref idref="fl-22"/>
      </object_component>
      <object_component id="oc-7f4">
         <name>.text:I2CMasterIntEnableEx</name>
         <load_address>0x20011e42</load_address>
         <run_address>0x20011e42</run_address>
         <size>0x18</size>
         <input_file_ref idref="fl-22"/>
      </object_component>
      <object_component id="oc-813">
         <name>.text:I2CRxFIFOFlush</name>
         <load_address>0x20011e5a</load_address>
         <run_address>0x20011e5a</run_address>
         <size>0x18</size>
         <input_file_ref idref="fl-22"/>
      </object_component>
      <object_component id="oc-80d">
         <name>.text:I2CTxFIFOFlush</name>
         <load_address>0x20011e72</load_address>
         <run_address>0x20011e72</run_address>
         <size>0x18</size>
         <input_file_ref idref="fl-22"/>
      </object_component>
      <object_component id="oc-531">
         <name>.text:Power_getTransitionLatency</name>
         <load_address>0x20011e8c</load_address>
         <run_address>0x20011e8c</run_address>
         <size>0x18</size>
         <input_file_ref idref="fl-13"/>
      </object_component>
      <object_component id="oc-700">
         <name>.text:Power_idleFunc</name>
         <load_address>0x20011ea4</load_address>
         <run_address>0x20011ea4</run_address>
         <size>0x18</size>
         <input_file_ref idref="fl-13"/>
      </object_component>
      <object_component id="oc-835">
         <name>.text:TimerCC32XX_getCount</name>
         <load_address>0x20011ebc</load_address>
         <run_address>0x20011ebc</run_address>
         <size>0x18</size>
         <input_file_ref idref="fl-15"/>
      </object_component>
      <object_component id="oc-9d1">
         <name>.text:TimerIntDisable</name>
         <load_address>0x20011ed4</load_address>
         <run_address>0x20011ed4</run_address>
         <size>0x18</size>
         <input_file_ref idref="fl-26"/>
      </object_component>
      <object_component id="oc-9be">
         <name>.text:TimerIntEnable</name>
         <load_address>0x20011eec</load_address>
         <run_address>0x20011eec</run_address>
         <size>0x18</size>
         <input_file_ref idref="fl-26"/>
      </object_component>
      <object_component id="oc-933">
         <name>.text:UARTBusy</name>
         <load_address>0x20011f04</load_address>
         <run_address>0x20011f04</run_address>
         <size>0x18</size>
         <input_file_ref idref="fl-27"/>
      </object_component>
      <object_component id="oc-a44">
         <name>.text:UARTIntEnable</name>
         <load_address>0x20011f1c</load_address>
         <run_address>0x20011f1c</run_address>
         <size>0x18</size>
         <input_file_ref idref="fl-27"/>
      </object_component>
      <object_component id="oc-334">
         <name>.text:UART_Params_init</name>
         <load_address>0x20011f34</load_address>
         <run_address>0x20011f34</run_address>
         <size>0x18</size>
         <input_file_ref idref="fl-10"/>
      </object_component>
      <object_component id="oc-490">
         <name>.text:_outc</name>
         <load_address>0x20011f4c</load_address>
         <run_address>0x20011f4c</run_address>
         <size>0x18</size>
         <input_file_ref idref="fl-df"/>
      </object_component>
      <object_component id="oc-54e">
         <name>.text</name>
         <load_address>0x20011f64</load_address>
         <run_address>0x20011f64</run_address>
         <size>0x18</size>
         <input_file_ref idref="fl-e3"/>
      </object_component>
      <object_component id="oc-387">
         <name>.text:timerCallback</name>
         <load_address>0x20011f7c</load_address>
         <run_address>0x20011f7c</run_address>
         <size>0x18</size>
         <input_file_ref idref="fl-2"/>
      </object_component>
      <object_component id="oc-7ee">
         <name>.text:I2CMasterBurstLengthSet</name>
         <load_address>0x20011f94</load_address>
         <run_address>0x20011f94</run_address>
         <size>0x16</size>
         <input_file_ref idref="fl-22"/>
      </object_component>
      <object_component id="oc-282">
         <name>.text:PRCMHIBRegRead</name>
         <load_address>0x20011faa</load_address>
         <run_address>0x20011faa</run_address>
         <size>0x16</size>
         <input_file_ref idref="fl-25"/>
      </object_component>
      <object_component id="oc-27c">
         <name>.text:PRCMHIBRegWrite</name>
         <load_address>0x20011fc0</load_address>
         <run_address>0x20011fc0</run_address>
         <size>0x16</size>
         <input_file_ref idref="fl-25"/>
      </object_component>
      <object_component id="oc-3e9">
         <name>.text:SemaphoreP_create</name>
         <load_address>0x20011fd6</load_address>
         <run_address>0x20011fd6</run_address>
         <size>0x16</size>
         <input_file_ref idref="fl-1a"/>
      </object_component>
      <object_component id="oc-7b5">
         <name>.text:strchr</name>
         <load_address>0x20011fec</load_address>
         <run_address>0x20011fec</run_address>
         <size>0x16</size>
         <input_file_ref idref="fl-fe"/>
      </object_component>
      <object_component id="oc-a3">
         <name>.text:CPUcpsid</name>
         <load_address>0x20012002</load_address>
         <run_address>0x20012002</run_address>
         <size>0x14</size>
         <input_file_ref idref="fl-21"/>
      </object_component>
      <object_component id="oc-42a">
         <name>.text:HwiP_inISR</name>
         <load_address>0x20012018</load_address>
         <run_address>0x20012018</run_address>
         <size>0x14</size>
         <input_file_ref idref="fl-1c"/>
      </object_component>
      <object_component id="oc-821">
         <name>.text:I2CSupport_masterFinish</name>
         <load_address>0x2001202c</load_address>
         <run_address>0x2001202c</run_address>
         <size>0x14</size>
         <input_file_ref idref="fl-12"/>
      </object_component>
      <object_component id="oc-360">
         <name>.text:I2C_transfer</name>
         <load_address>0x20012040</load_address>
         <run_address>0x20012040</run_address>
         <size>0x14</size>
         <input_file_ref idref="fl-e"/>
      </object_component>
      <object_component id="oc-af">
         <name>.text:IntVTableBaseSet</name>
         <load_address>0x20012054</load_address>
         <run_address>0x20012054</run_address>
         <size>0x14</size>
         <input_file_ref idref="fl-23"/>
      </object_component>
      <object_component id="oc-430">
         <name>.text:Power_disablePolicy</name>
         <load_address>0x20012068</load_address>
         <run_address>0x20012068</run_address>
         <size>0x14</size>
         <input_file_ref idref="fl-13"/>
      </object_component>
      <object_component id="oc-894">
         <name>.text:Power_getDependencyCount</name>
         <load_address>0x2001207c</load_address>
         <run_address>0x2001207c</run_address>
         <size>0x14</size>
         <input_file_ref idref="fl-13"/>
      </object_component>
      <object_component id="oc-a3e">
         <name>.text:releasePowerConstraint</name>
         <load_address>0x20012090</load_address>
         <run_address>0x20012090</run_address>
         <size>0x14</size>
         <input_file_ref idref="fl-16"/>
      </object_component>
      <object_component id="oc-5cc">
         <name>.text:strlen</name>
         <load_address>0x200120a4</load_address>
         <run_address>0x200120a4</run_address>
         <size>0x14</size>
         <input_file_ref idref="fl-ff"/>
      </object_component>
      <object_component id="oc-2ff">
         <name>.text:HwiP_Params_init</name>
         <load_address>0x200120b8</load_address>
         <run_address>0x200120b8</run_address>
         <size>0x12</size>
         <input_file_ref idref="fl-1c"/>
      </object_component>
      <object_component id="oc-631">
         <name>.text:I2CMasterIntClearEx</name>
         <load_address>0x200120ca</load_address>
         <run_address>0x200120ca</run_address>
         <size>0x12</size>
         <input_file_ref idref="fl-22"/>
      </object_component>
      <object_component id="oc-8de">
         <name>.text:RingBuf_construct</name>
         <load_address>0x200120dc</load_address>
         <run_address>0x200120dc</run_address>
         <size>0x12</size>
         <input_file_ref idref="fl-18"/>
      </object_component>
      <object_component id="oc-a71">
         <name>.text:TimerIntClear</name>
         <load_address>0x200120ee</load_address>
         <run_address>0x200120ee</run_address>
         <size>0x12</size>
         <input_file_ref idref="fl-26"/>
      </object_component>
      <object_component id="oc-11a">
         <name>.text:main</name>
         <load_address>0x20012100</load_address>
         <run_address>0x20012100</run_address>
         <size>0x12</size>
         <input_file_ref idref="fl-4"/>
      </object_component>
      <object_component id="oc-601">
         <name>.text:wcslen</name>
         <load_address>0x20012112</load_address>
         <run_address>0x20012112</run_address>
         <size>0x12</size>
         <input_file_ref idref="fl-101"/>
      </object_component>
      <object_component id="oc-153">
         <name>.text:Board_init</name>
         <load_address>0x20012124</load_address>
         <run_address>0x20012124</run_address>
         <size>0x10</size>
         <input_file_ref idref="fl-3"/>
      </object_component>
      <object_component id="oc-3fb">
         <name>.text:ClockP_add</name>
         <load_address>0x20012134</load_address>
         <run_address>0x20012134</run_address>
         <size>0x10</size>
         <input_file_ref idref="fl-1b"/>
      </object_component>
      <object_component id="oc-8bd">
         <name>.text:ClockP_delete</name>
         <load_address>0x20012144</load_address>
         <run_address>0x20012144</run_address>
         <size>0x10</size>
         <input_file_ref idref="fl-1b"/>
      </object_component>
      <object_component id="oc-519">
         <name>.text:ClockP_getCpuFreq</name>
         <load_address>0x20012154</load_address>
         <run_address>0x20012154</run_address>
         <size>0x10</size>
         <input_file_ref idref="fl-1b"/>
      </object_component>
      <object_component id="oc-537">
         <name>.text:ClockP_getSystemTicks</name>
         <load_address>0x20012164</load_address>
         <run_address>0x20012164</run_address>
[...]
      <symbol id="sm-af0">
         <name>HwiP_post</name>
         <value>0x20012345</value>
         <object_component_ref idref="oc-6f6"/>
      </symbol>
      <symbol id="sm-af1">
         <name>HwiP_enable</name>
         <value>0x2001222f</value>
         <object_component_ref idref="oc-159"/>
      </symbol>
      <symbol id="sm-af2">
         <name>HwiP_restore</name>
         <value>0x20012195</value>
         <object_component_ref idref="oc-2c1"/>
      </symbol>
      <symbol id="sm-af3">
         <name>HwiP_disableInterrupt</name>
         <value>0x20012221</value>
         <object_component_ref idref="oc-670"/>
      </symbol>
      <symbol id="sm-b23">
         <name>PowerCC32XX_initPolicy</name>
         <value>0x2000e33b</value>
         <object_component_ref idref="oc-3d2"/>
      </symbol>
      <symbol id="sm-b24">
         <name>PowerCC32XX_sleepPolicy</name>
         <value>0x2000db65</value>
         <object_component_ref idref="oc-3d8"/>
      </symbol>
      <symbol id="sm-b79">
         <name>resetISR</name>
         <value>0x20011df9</value>
         <object_component_ref idref="oc-21"/>
      </symbol>
      <symbol id="sm-b7a">
         <name>resetVectorAddr</name>
         <value>0x20011e0c</value>
         <object_component_ref idref="oc-21"/>
      </symbol>
      <symbol id="sm-b7b">
         <name>initVectors</name>
         <value>0x200116f9</value>
         <object_component_ref idref="oc-59"/>
      </symbol>
      <symbol id="sm-b7c">
         <name>resetVectors</name>
         <value>0x20004000</value>
         <object_component_ref idref="oc-27"/>
      </symbol>
      <symbol id="sm-bac">
         <name>SwiP_disable</name>
         <value>0x20011d55</value>
         <object_component_ref idref="oc-51f"/>
      </symbol>
      <symbol id="sm-bad">
         <name>SwiP_restore</name>
         <value>0x20011251</value>
         <object_component_ref idref="oc-559"/>
      </symbol>
      <symbol id="sm-bb8">
         <name>CPUcpsid</name>
         <value>0x20012003</value>
         <object_component_ref idref="oc-a3"/>
      </symbol>
      <symbol id="sm-c25">
         <name>I2CRxFIFOFlush</name>
         <value>0x20011e5b</value>
         <object_component_ref idref="oc-813"/>
      </symbol>
      <symbol id="sm-c26">
         <name>I2CTxFIFOFlush</name>
         <value>0x20011e73</value>
         <object_component_ref idref="oc-80d"/>
      </symbol>
      <symbol id="sm-c27">
         <name>I2CFIFODataPutNonBlocking</name>
         <value>0x20011a77</value>
         <object_component_ref idref="oc-64f"/>
      </symbol>
      <symbol id="sm-c28">
         <name>I2CMasterBusBusy</name>
         <value>0x20011e13</value>
         <object_component_ref idref="oc-819"/>
      </symbol>
      <symbol id="sm-c29">
         <name>I2CMasterIntDisableEx</name>
         <value>0x20011e2b</value>
         <object_component_ref idref="oc-63d"/>
      </symbol>
      <symbol id="sm-c2a">
         <name>I2CMasterBurstLengthSet</name>
         <value>0x20011f95</value>
         <object_component_ref idref="oc-7ee"/>
      </symbol>
      <symbol id="sm-c2b">
         <name>I2CMasterIntClearEx</name>
         <value>0x200120cb</value>
         <object_component_ref idref="oc-631"/>
      </symbol>
      <symbol id="sm-c2c">
         <name>I2CMasterSlaveAddrSet</name>
         <value>0x20011c1d</value>
         <object_component_ref idref="oc-7e2"/>
      </symbol>
      <symbol id="sm-c2d">
         <name>I2CMasterIntEnableEx</name>
         <value>0x20011e43</value>
         <object_component_ref idref="oc-7f4"/>
      </symbol>
      <symbol id="sm-c2e">
         <name>I2CFIFOStatus</name>
         <value>0x200121a5</value>
         <object_component_ref idref="oc-655"/>
      </symbol>
      <symbol id="sm-c2f">
         <name>I2CMasterIntStatusEx</name>
         <value>0x20011cc1</value>
         <object_component_ref idref="oc-62b"/>
      </symbol>
      <symbol id="sm-c30">
         <name>I2CFIFODataGetNonBlocking</name>
         <value>0x20011b19</value>
         <object_component_ref idref="oc-7da"/>
      </symbol>
      <symbol id="sm-c75">
         <name>IntVTableBaseSet</name>
         <value>0x20012055</value>
         <object_component_ref idref="oc-af"/>
      </symbol>
      <symbol id="sm-c76">
         <name>IntEnable</name>
         <value>0x2000f54d</value>
         <object_component_ref idref="oc-b5"/>
      </symbol>
      <symbol id="sm-c77">
         <name>IntMasterDisable</name>
         <value>0x200122e1</value>
         <object_component_ref idref="oc-53"/>
      </symbol>
      <symbol id="sm-c78">
         <name>IntPendSet</name>
         <value>0x2000fc05</value>
         <object_component_ref idref="oc-8aa"/>
      </symbol>
      <symbol id="sm-cb2">
         <name>PinModeGet</name>
         <value>0x2001183d</value>
         <object_component_ref idref="oc-29a"/>
      </symbol>
      <symbol id="sm-cb3">
         <name>PinConfigSet</name>
         <value>0x2000fc8d</value>
         <object_component_ref idref="oc-2f3"/>
      </symbol>
      <symbol id="sm-cb4">
         <name>PinModeSet</name>
         <value>0x200113e5</value>
         <object_component_ref idref="oc-2a0"/>
      </symbol>
      <symbol id="sm-cb5">
         <name>PinToPadGet</name>
         <value>0x20011d39</value>
         <object_component_ref idref="oc-878"/>
      </symbol>
      <symbol id="sm-d7e">
         <name>PRCMLPDSRestoreInfoSet</name>
         <value>0x20011185</value>
         <object_component_ref idref="oc-88c"/>
      </symbol>
      <symbol id="sm-d7f">
         <name>PRCMPeripheralReset</name>
         <value>0x200108f1</value>
         <object_component_ref idref="oc-28e"/>
      </symbol>
      <symbol id="sm-d80">
         <name>PRCMLPDSEnter</name>
         <value>0x20010f95</value>
         <object_component_ref idref="oc-6e7"/>
      </symbol>
      <symbol id="sm-d81">
         <name>PRCMPeripheralClkEnable</name>
         <value>0x20010fdd</value>
         <object_component_ref idref="oc-288"/>
      </symbol>
      <symbol id="sm-d82">
         <name>PRCMLPDSEnterKeepDebugIf</name>
         <value>0x20011651</value>
         <object_component_ref idref="oc-6ed"/>
      </symbol>
      <symbol id="sm-d83">
         <name>PRCMCC3200MCUInit</name>
         <value>0x2000ca91</value>
         <object_component_ref idref="oc-1cd"/>
      </symbol>
      <symbol id="sm-d84">
         <name>PRCMHIBRegWrite</name>
         <value>0x20011fc1</value>
         <object_component_ref idref="oc-27c"/>
      </symbol>
      <symbol id="sm-d85">
         <name>PRCMSysResetCauseGet</name>
         <value>0x20010725</value>
         <object_component_ref idref="oc-275"/>
      </symbol>
      <symbol id="sm-d86">
         <name>PRCMPeripheralClkDisable</name>
         <value>0x20011aa1</value>
         <object_component_ref idref="oc-294"/>
      </symbol>
      <symbol id="sm-d87">
         <name>PRCMHIBRegRead</name>
         <value>0x20011fab</value>
         <object_component_ref idref="oc-282"/>
      </symbol>
      <symbol id="sm-dcf">
         <name>TimerLoadSet</name>
         <value>0x20011a23</value>
         <object_component_ref idref="oc-9b7"/>
      </symbol>
      <symbol id="sm-dd0">
         <name>TimerDisable</name>
         <value>0x20011cfd</value>
         <object_component_ref idref="oc-9cb"/>
      </symbol>
      <symbol id="sm-dd1">
         <name>TimerEnable</name>
         <value>0x20011d1b</value>
         <object_component_ref idref="oc-9c4"/>
      </symbol>
      <symbol id="sm-dd2">
         <name>TimerIntDisable</name>
         <value>0x20011ed5</value>
         <object_component_ref idref="oc-9d1"/>
      </symbol>
      <symbol id="sm-dd3">
         <name>TimerPrescaleSet</name>
         <value>0x20011a4d</value>
         <object_component_ref idref="oc-9b1"/>
      </symbol>
      <symbol id="sm-dd4">
         <name>TimerControlStall</name>
         <value>0x20011769</value>
         <object_component_ref idref="oc-a69"/>
      </symbol>
      <symbol id="sm-dd5">
         <name>TimerIntEnable</name>
         <value>0x20011eed</value>
         <object_component_ref idref="oc-9be"/>
      </symbol>
      <symbol id="sm-dd6">
         <name>TimerIntClear</name>
         <value>0x200120ef</value>
         <object_component_ref idref="oc-a71"/>
      </symbol>
      <symbol id="sm-dea">
         <name>UARTBusy</name>
         <value>0x20011f05</value>
         <object_component_ref idref="oc-933"/>
      </symbol>
      <symbol id="sm-deb">
         <name>UARTIntEnable</name>
         <value>0x20011f1d</value>
         <object_component_ref idref="oc-a44"/>
      </symbol>
      <symbol id="sm-def">
         <name>UtilsDelay</name>
         <value>0x2001233b</value>
         <object_component_ref idref="oc-27b"/>
      </symbol>
      <symbol id="sm-dff">
         <name>FlashDisable</name>
         <value>0x20010f4d</value>
         <object_component_ref idref="oc-8a2"/>
      </symbol>
      <symbol id="sm-e2e">
         <name>snprintf</name>
         <value>0x20010f01</value>
         <object_component_ref idref="oc-342"/>
      </symbol>
      <symbol id="sm-e3a">
         <name>__aeabi_lmul</name>
         <value>0x20011f65</value>
         <object_component_ref idref="oc-54e"/>
      </symbol>
      <symbol id="sm-e55">
         <name>memcpy</name>
         <value>0x2000f91d</value>
         <object_component_ref idref="oc-3b"/>
      </symbol>
      <symbol id="sm-e56">
         <name>__aeabi_memcpy</name>
         <value>0x2000f91d</value>
         <object_component_ref idref="oc-3b"/>
      </symbol>
      <symbol id="sm-e57">
         <name>__aeabi_memcpy8</name>
         <value>0x2000f91d</value>
         <object_component_ref idref="oc-3b"/>
      </symbol>
      <symbol id="sm-e58">
         <name>__aeabi_memcpy4</name>
         <value>0x2000f91d</value>
         <object_component_ref idref="oc-3b"/>
      </symbol>
      <symbol id="sm-e65">
         <name>__aeabi_uldivmod</name>
         <value>0x2000fa51</value>
         <object_component_ref idref="oc-543"/>
      </symbol>
      <symbol id="sm-e79">
         <name>__TI_zero_init_nomemset</name>
         <value>0x20011d71</value>
         <object_component_ref idref="oc-47"/>
      </symbol>
      <symbol id="sm-e90">
         <name>__TI_decompress_none</name>
         <value>0x20012267</value>
         <object_component_ref idref="oc-1a"/>
      </symbol>
      <symbol id="sm-eb3">
         <name>__TI_decompress_lzss</name>
         <value>0x200104c5</value>
         <object_component_ref idref="oc-14"/>
      </symbol>
      <symbol id="sm-f3c">
         <name>_sys_memory</name>
         <value>0x20004040</value>
         <object_component_ref idref="oc-2a"/>
      </symbol>
      <symbol id="sm-f3d">
         <name>free</name>
         <value>0x2000ebb5</value>
         <object_component_ref idref="oc-3f4"/>
      </symbol>
      <symbol id="sm-f3e">
         <name>memalign</name>
         <value>0x2000e7c9</value>
         <object_component_ref idref="oc-5a7"/>
      </symbol>
      <symbol id="sm-f3f">
         <name>malloc</name>
         <value>0x20012311</value>
         <object_component_ref idref="oc-44f"/>
      </symbol>
      <symbol id="sm-f40">
         <name>aligned_alloc</name>
         <value>0x2000e7c9</value>
         <object_component_ref idref="oc-5a7"/>
      </symbol>
      <symbol id="sm-f52">
         <name>__stack</name>
         <value>0x20003000</value>
         <object_component_ref idref="oc-2d"/>
      </symbol>
      <symbol id="sm-f53">
         <name>_c_int00_noargs</name>
         <value>0x20011bf9</value>
         <object_component_ref idref="oc-c5"/>
      </symbol>
      <symbol id="sm-10b8">
         <name>__TI_printfi</name>
         <value>0x2000c041</value>
         <object_component_ref idref="oc-484"/>
      </symbol>
      <symbol id="sm-10c2">
         <name>__aeabi_idiv0</name>
         <value>0x20011563</value>
         <object_component_ref idref="oc-6b8"/>
      </symbol>
      <symbol id="sm-10c3">
         <name>__aeabi_ldiv0</name>
         <value>0x20011563</value>
         <object_component_ref idref="oc-6b8"/>
      </symbol>
      <symbol id="sm-10da">
         <name>__aeabi_dsub</name>
         <value>0x2000d9ad</value>
         <object_component_ref idref="oc-789"/>
      </symbol>
      <symbol id="sm-10db">
         <name>__aeabi_dadd</name>
         <value>0x2000d9b7</value>
         <object_component_ref idref="oc-789"/>
      </symbol>
      <symbol id="sm-10fd">
         <name>__aeabi_cdcmpeq</name>
         <value>0x2000fd9d</value>
         <object_component_ref idref="oc-5de"/>
      </symbol>
      <symbol id="sm-10fe">
         <name>__aeabi_cdcmple</name>
         <value>0x2000fd9d</value>
         <object_component_ref idref="oc-5de"/>
      </symbol>
      <symbol id="sm-10ff">
         <name>__aeabi_cdrcmple</name>
         <value>0x2000fe23</value>
         <object_component_ref idref="oc-774"/>
      </symbol>
      <symbol id="sm-1113">
         <name>__aeabi_ddiv</name>
         <value>0x2000e205</value>
         <object_component_ref idref="oc-76f"/>
      </symbol>
      <symbol id="sm-111e">
         <name>__aeabi_dmul</name>
         <value>0x2000e9c5</value>
         <object_component_ref idref="oc-76a"/>
      </symbol>
      <symbol id="sm-1128">
         <name>__aeabi_d2iz</name>
         <value>0x2001106d</value>
         <object_component_ref idref="oc-779"/>
      </symbol>
      <symbol id="sm-1132">
         <name>__aeabi_i2d</name>
         <value>0x2001199d</value>
         <object_component_ref idref="oc-784"/>
      </symbol>
      <symbol id="sm-1141">
         <name>__aeabi_memset</name>
         <value>0x20010129</value>
         <object_component_ref idref="oc-9d"/>
      </symbol>
      <symbol id="sm-1142">
         <name>memset</name>
         <value>0x2001012f</value>
         <object_component_ref idref="oc-9d"/>
      </symbol>
      <symbol id="sm-1143">
         <name>__aeabi_memset8</name>
         <value>0x20010129</value>
         <object_component_ref idref="oc-9d"/>
      </symbol>
      <symbol id="sm-1144">
         <name>__aeabi_memset4</name>
         <value>0x20010129</value>
         <object_component_ref idref="oc-9d"/>
      </symbol>
      <symbol id="sm-1145">
         <name>__aeabi_memclr8</name>
         <value>0x20010127</value>
         <object_component_ref idref="oc-9d"/>
      </symbol>
      <symbol id="sm-1146">
         <name>__aeabi_memclr4</name>
         <value>0x20010127</value>
         <object_component_ref idref="oc-9d"/>
      </symbol>
      <symbol id="sm-1147">
         <name>__aeabi_memclr</name>
         <value>0x20010127</value>
         <object_component_ref idref="oc-9d"/>
      </symbol>
      <symbol id="sm-116f">
         <name>__TI_auto_init_nobinit_nopinit</name>
         <value>0x2001131d</value>
         <object_component_ref idref="oc-172"/>
      </symbol>
      <symbol id="sm-1179">
         <name>_system_pre_init</name>
         <value>0x2001234d</value>
         <object_component_ref idref="oc-114"/>
      </symbol>
      <symbol id="sm-1185">
         <name>C$$EXIT</name>
         <value>0x20012351</value>
         <object_component_ref idref="oc-166"/>
      </symbol>
      <symbol id="sm-1186">
         <name>abort</name>
         <value>0x20012351</value>
         <object_component_ref idref="oc-166"/>
      </symbol>
      <symbol id="sm-119b">
         <name>_nop</name>
         <value>0x2000ee33</value>
         <object_component_ref idref="oc-39a"/>
      </symbol>
      <symbol id="sm-119c">
         <name>_lock</name>
         <value>0x200128e8</value>
         <object_component_ref idref="oc-228"/>
      </symbol>
      <symbol id="sm-119d">
         <name>_unlock</name>
         <value>0x200128ec</value>
         <object_component_ref idref="oc-228"/>
      </symbol>
      <symbol id="sm-11ac">
         <name>__TI_ltoa</name>
         <value>0x20010a4d</value>
         <object_component_ref idref="oc-77e"/>
      </symbol>
      <symbol id="sm-11c3">
         <name>atoi</name>
         <value>0x20010e69</value>
         <object_component_ref idref="oc-5d2"/>
      </symbol>
      <symbol id="sm-11ce">
         <name>_ctypes_</name>
         <value>0x20012914</value>
         <object_component_ref idref="oc-763"/>
      </symbol>
      <symbol id="sm-11de">
         <name>memccpy</name>
         <value>0x20011da9</value>
         <object_component_ref idref="oc-5fb"/>
      </symbol>
      <symbol id="sm-11ee">
         <name>strchr</name>
         <value>0x20011fed</value>
         <object_component_ref idref="oc-7b5"/>
      </symbol>
      <symbol id="sm-11fc">
         <name>strlen</name>
         <value>0x200120a5</value>
         <object_component_ref idref="oc-5cc"/>
      </symbol>
      <symbol id="sm-1212">
         <name>__aeabi_errno_addr</name>
         <value>0x20012309</value>
         <object_component_ref idref="oc-607"/>
      </symbol>
      <symbol id="sm-1213">
         <name>errno</name>
         <value>0x20012910</value>
         <object_component_ref idref="oc-7c5"/>
      </symbol>
      <symbol id="sm-122c">
         <name>wcslen</name>
         <value>0x20012113</value>
         <object_component_ref idref="oc-601"/>
      </symbol>
      <symbol id="sm-124c">
         <name>frexpl</name>
         <value>0x200107e1</value>
         <object_component_ref idref="oc-7a9"/>
      </symbol>
      <symbol id="sm-124d">
         <name>frexp</name>
         <value>0x200107e1</value>
         <object_component_ref idref="oc-7a9"/>
      </symbol>
      <symbol id="sm-126b">
         <name>scalbn</name>
         <value>0x2000ec99</value>
         <object_component_ref idref="oc-7af"/>
      </symbol>
      <symbol id="sm-126c">
         <name>scalbnl</name>
         <value>0x2000ec99</value>
         <object_component_ref idref="oc-7af"/>
      </symbol>
      <symbol id="sm-126d">
         <name>ldexpl</name>
         <value>0x2000ec99</value>
         <object_component_ref idref="oc-7af"/>
      </symbol>
      <symbol id="sm-126e">
         <name>ldexp</name>
         <value>0x2000ec99</value>
         <object_component_ref idref="oc-7af"/>
      </symbol>
      <symbol id="sm-1278">
         <name>copysign</name>
         <value>0x2001229d</value>
         <object_component_ref idref="oc-960"/>
      </symbol>
      <symbol id="sm-1279">
         <name>copysignl</name>
         <value>0x2001229d</value>
         <object_component_ref idref="oc-960"/>
      </symbol>
      <symbol id="sm-127a">
         <name>__TI_static_base__</name>
         <value>0x20013208</value>
      </symbol>
      <symbol id="sm-127d">
         <name>ITM_flush</name>
         <value>0x0</value>
      </symbol>
      <symbol id="sm-127e">
         <name>ITM_restore</name>
         <value>0x0</value>
      </symbol>
      <symbol id="sm-127f">
         <name>__mpu_init</name>
         <value>0x0</value>
      </symbol>
      <symbol id="sm-1280">
         <name>_system_post_cinit</name>
         <value>0x0</value>
      </symbol>
      <symbol id="sm-1281">
         <name>NoRTOS_start</name>
         <value>0x2001222f</value>
      </symbol>
   </symbol_table>
   <title>Link successful</title>
</link_info>
