******************************************************************************
                  TI ARM Linker PC v20.2.7                     
******************************************************************************
>> Linked Sun Aug 11 15:41:56 2024

OUTPUT FILE NAME:   <gpiointerrupt_CC3220S_LAUNCHXL_nortos_ccs.out>
ENTRY POINT SYMBOL: "resetISR"  address: 20011df9


MEMORY CONFIGURATION

         name            origin    length      used     unused   attr    fill
----------------------  --------  ---------  --------  --------  ----  --------
  SRAM2                 20000000   00004000  0000130c  00002cf4  RW X
  SRAM                  20004000   0003c000  0000f2f2  0002cd0e  RW X
  LOG_DATA              90000000   00040000  00000000  00040000  R   


SEGMENT ALLOCATION MAP

run origin  load origin   length   init length attrs members
----------  ----------- ---------- ----------- ----- -------
20003000    20003000    00001000   00000000    rw-
  20003000    20003000    00001000   00000000    rw- .stack
20004000    20004000    00000040   00000040    r--
  20004000    20004000    00000040   00000040    r-- .resetVecs
20004040    20004040    00008000   00000000    rw-
  20004040    20004040    00008000   00000000    rw- .sysmem
2000c040    2000c040    00006314   00006314    r-x
  2000c040    2000c040    00006314   00006314    r-x .text
20012354    20012354    000005c0   00000000    rw-
  20012354    20012354    000005c0   00000000    rw- .data
20012914    20012914    0000051a   0000051a    r--
  20012914    20012914    0000051a   0000051a    r-- .const
20012e30    20012e30    000003d4   00000000    rw-
  20012e30    20012e30    000003d4   00000000    rw- .bss
20013208    20013208    000000f0   000000f0    r--
  20013208    20013208    000000f0   000000f0    r-- .cinit


SECTION ALLOCATION MAP

 output                                  attributes/
section   page    origin      length       input sections
--------  ----  ----------  ----------   ----------------
.text      0    2000c040    00006314     
                  2000c040    00000a4e     rtsv7M4_T_le_eabi.lib : _printfi.c.obj (.text:__TI_printfi)
                  2000ca8e    00000002     ti_drivers_config.obj (.text:Board_initHook)
                  2000ca90    0000042c     driverlib.a : prcm.obj (.text:PRCMCC3200MCUInit)
                  2000cebc    00000288     drivers_cc32xx.a : UARTCC32XX.oem4 (.text:UARTCC32XX_open)
                  2000d144    00000268     rtsv7M4_T_le_eabi.lib : _printfi.c.obj (.text:_pconv_a)
                  2000d3ac    00000250     gpiointerrupt.obj (.text:initI2C)
                  2000d5fc    000001e4     drivers_cc32xx.a : GPIOCC32XX.oem4 (.text:GPIO_setConfig)
                  2000d7e0    000001cc     rtsv7M4_T_le_eabi.lib : _printfi.c.obj (.text:_pconv_g)
                  2000d9ac    000001b6                           : fd_add_t2.asm.obj (.text)
                  2000db62    00000002     drivers_cc32xx.a : I2C.oem4 (.text:I2C_init)
                  2000db64    0000019c     nortos_cc32xx.a : PowerCC32XX_nortos.oem4 (.text:PowerCC32XX_sleepPolicy)
                  2000dd00    00000148     drivers_cc32xx.a : I2CCC32XX.oem4 (.text:I2CCC32XX_hwiFxn)
                  2000de48    00000148                      : PowerCC32XX.oem4 (.text:parkPins)
                  2000df90    0000013c     rtsv7M4_T_le_eabi.lib : _printfi.c.obj (.text:_pconv_e)
                  2000e0cc    00000138     drivers_cc32xx.a : PowerCC32XX.oem4 (.text:Power_sleep)
                  2000e204    00000136     rtsv7M4_T_le_eabi.lib : fd_div_t2.asm.obj (.text)
                  2000e33a    00000002     nortos_cc32xx.a : PowerCC32XX_nortos.oem4 (.text:PowerCC32XX_initPolicy)
                  2000e33c    00000128     drivers_cc32xx.a : TimerCC32XX.oem4 (.text:TimerCC32XX_open)
                  2000e464    00000122                      : I2C.oem4 (.text:I2C_transferTimeout)
                  2000e586    00000002                      : TimerCC32XX.oem4 (.text:TimerCC32XX_init)
                  2000e588    00000120                      : UARTCC32XX.oem4 (.text:UARTCC32XX_close)
                  2000e6a8    00000120     rtsv7M4_T_le_eabi.lib : _printfi.c.obj (.text:fcvt)
                  2000e7c8    00000100                           : memory.c.obj (.text:aligned_alloc)
                  2000e8c8    000000fc     drivers_cc32xx.a : I2CCC32XX.oem4 (.text:I2C_open)
                  2000e9c4    000000fc     rtsv7M4_T_le_eabi.lib : fd_mul_t2.asm.obj (.text)
                  2000eac0    000000f2     drivers_cc32xx.a : UARTCC32XX.oem4 (.text:UARTCC32XX_control)
                  2000ebb2    00000002                      : UARTCC32XX.oem4 (.text:UARTCC32XX_init)
                  2000ebb4    000000e4     rtsv7M4_T_le_eabi.lib : memory.c.obj (.text:free)
                  2000ec98    000000d0                           : s_scalbn.c.obj (.text:scalbn)
                  2000ed68    000000ca     drivers_cc32xx.a : UARTCC32XX.oem4 (.text:UARTCC32XX_write)
                  2000ee32    00000002     rtsv7M4_T_le_eabi.lib : _lock.c.obj (.text:_nop)
                  2000ee34    000000c4     drivers_cc32xx.a : GPIOCC32XX.oem4 (.text:GPIO_init)
                  2000eef8    000000c0                      : PowerCC32XX.oem4 (.text:restoreParkedPins)
                  2000efb8    000000ba                      : UARTCC32XX.oem4 (.text:UARTCC32XX_readPolling)
                  2000f072    00000002     nortos_cc32xx.a : startup_cc32xx_ccs.oem4 (.text:busFaultHandler)
                  2000f074    000000b8     drivers_cc32xx.a : UARTCC32XX.oem4 (.text:initHw)
                  2000f12c    000000b6                      : UARTCC32XX.oem4 (.text:readTaskCallback)
                  2000f1e2    000000b2                      : I2CCC32XX.oem4 (.text:I2CCC32XX_completeTransfer)
                  2000f294    000000b1     rtsv7M4_T_le_eabi.lib : _printfi.c.obj (.text:_ltostr)
                  2000f345    00000001     --HOLE-- [fill = 0]
                  2000f346    000000b0     drivers_cc32xx.a : UARTCC32XX.oem4 (.text:readTaskBlocking)
                  2000f3f6    000000ae                      : UARTCC32XX.oem4 (.text:readIsrTextBlocking)
                  2000f4a4    000000a8                      : I2CCC32XX.oem4 (.text:I2CCC32XX_primeWriteBurst)
                  2000f54c    000000a8     driverlib.a : interrupt.obj (.text:IntEnable)
                  2000f5f4    000000a8     drivers_cc32xx.a : PowerCC32XX.oem4 (.text:PowerCC32XX_configureWakeup)
                  2000f69c    000000a2                      : UARTCC32XX.oem4 (.text:readIsrTextCallback)
                  2000f73e    000000a2                      : UARTCC32XX.oem4 (.text:writeData)
                  2000f7e0    000000a0     nortos_cc32xx.a : SemaphoreP_nortos.oem4 (.text:SemaphoreP_pend)
                  2000f880    0000009c     drivers_cc32xx.a : I2CCC32XX.oem4 (.text:I2CCC32XX_initHw)
                  2000f91c    0000009c     rtsv7M4_T_le_eabi.lib : memcpy_t2.asm.obj (.text)
                  2000f9b8    00000098     drivers_cc32xx.a : GPIOCC32XX.oem4 (.text:powerNotifyFxn)
                  2000fa50    00000096     rtsv7M4_T_le_eabi.lib : ull_div_t2.asm.obj (.text)
                  2000fae6    00000002     nortos_cc32xx.a : SemaphoreP_nortos.oem4 (.text:clkFxn)
                  2000fae8    00000090     drivers_cc32xx.a : PowerCC32XX.oem4 (.text:restoreNVICRegs)
                  2000fb78    0000008c     nortos_cc32xx.a : HwiPCC32XX_nortos.oem4 (.text:HwiP_construct)
                  2000fc04    00000088     driverlib.a : interrupt.obj (.text:IntPendSet)
                  2000fc8c    00000088                 : pin.obj (.text:PinConfigSet)
                  2000fd14    00000088     drivers_cc32xx.a : TimerCC32XX.oem4 (.text:TimerCC32XX_setPeriod)
                  2000fd9c    00000086     rtsv7M4_T_le_eabi.lib : fd_cmp_t2.asm.obj (.text:__aeabi_cdcmple)
                  2000fe22    00000086                           : fd_cmp_t2.asm.obj (.text:__aeabi_cdrcmple)
                  2000fea8    00000084     drivers_cc32xx.a : PowerCC32XX.oem4 (.text:Power_init)
                  2000ff2c    00000084                      : PowerCC32XX.oem4 (.text:saveNVICRegs)
                  2000ffb0    00000080                      : PowerCC32XX.oem4 (.text:Power_setDependency)
                  20010030    0000007c                      : UARTCC32XX.oem4 (.text:readIsrBinaryBlocking)
                  200100ac    0000007a                      : I2CCC32XX.oem4 (.text:I2CCC32XX_primeReadBurst)
                  20010126    0000007a     rtsv7M4_T_le_eabi.lib : memset_t2.asm.obj (.text)
                  200101a0    00000078     drivers_cc32xx.a : GPIOCC32XX.oem4 (.text:GPIO_hwiIntFxn)
                  20010218    00000078                      : TimerCC32XX.oem4 (.text:TimerCC32XX_start)
                  20010290    00000078                      : UARTCC32XX.oem4 (.text:readIsrBinaryCallback)
                  20010308    00000074                      : UARTCC32XX.oem4 (.text:UARTCC32XX_hwiIntFxn)
                  2001037c    00000070     rtsv7M4_T_le_eabi.lib : memory.c.obj (.text:split)
                  200103ec    0000006e                           : _printfi.c.obj (.text:_mcpy)
                  2001045a    0000006a     drivers_cc32xx.a : I2CCC32XX.oem4 (.text:I2CSupport_primeTransfer)
                  200104c4    00000068     rtsv7M4_T_le_eabi.lib : copy_decompress_lzss.c.obj (.text:decompress:lzss:__TI_decompress_lzss)
                  2001052c    00000066     drivers_cc32xx.a : UARTCC32XX.oem4 (.text:UARTCC32XX_writeCancel)
                  20010592    00000002     nortos_cc32xx.a : startup_cc32xx_ccs.oem4 (.text:defaultHandler)
                  20010594    00000064     drivers_cc32xx.a : GPIOCC32XX.oem4 (.text:GPIO_toggle)
                  200105f8    00000064                      : PowerCC32XX.oem4 (.text:PowerCC32XX_setParkState)
                  2001065c    00000064     gpiointerrupt.obj (.text:mainThread)
                  200106c0    00000062     drivers_cc32xx.a : UARTCC32XX.oem4 (.text:UARTCC32XX_writePolling)
                  20010722    00000002     nortos_cc32xx.a : startup_cc32xx_ccs.oem4 (.text:faultISR)
                  20010724    00000060     driverlib.a : prcm.obj (.text:PRCMSysResetCauseGet)
                  20010784    0000005c     drivers_cc32xx.a : GPIOCC32XX.oem4 (.text:GPIO_setCallback)
                  200107e0    0000005c     rtsv7M4_T_le_eabi.lib : s_frexp.c.obj (.text:frexp)
                  2001083c    0000005c     nortos_cc32xx.a : ClockPSysTick_nortos.oem4 (.text:sysTickInit)
                  20010898    00000058     drivers_cc32xx.a : GPIOCC32XX.oem4 (.text:GPIO_write)
                  200108f0    00000058     driverlib.a : prcm.obj (.text:PRCMPeripheralReset)
                  20010948    00000058     drivers_cc32xx.a : PowerCC32XX.oem4 (.text:Power_releaseDependency)
                  200109a0    00000056                      : TimerCC32XX.oem4 (.text:TimerCC32XX_stop)
                  200109f6    00000056     rtsv7M4_T_le_eabi.lib : _printfi.c.obj (.text:_pconv_f)
                  20010a4c    00000054                           : _ltoa.c.obj (.text:__TI_ltoa)
                  20010aa0    00000054     gpiointerrupt.obj (.text:initTimerButtons)
                  20010af4    00000054     gpiointerrupt.obj (.text:initTimerTemp)
                  20010b48    00000054     drivers_cc32xx.a : UARTCC32XX.oem4 (.text:ringBufGet)
                  20010b9c    00000052                      : PowerCC32XX_asm.oem4 (.text:PowerCC32XX_resumeLPDS)
                  20010bee    00000052     rtsv7M4_T_le_eabi.lib : _printfi.c.obj (.text:_ecpy)
                  20010c40    00000052     drivers_cc32xx.a : TimerCC32XX.oem4 (.text:initHw)
                  20010c92    00000002     nortos_cc32xx.a : startup_cc32xx_ccs.oem4 (.text:nmiISR)
                  20010c94    00000050                     : ClockPSysTick_nortos.oem4 (.text:ClockP_sysTickHandler)
                  20010ce4    00000050                     : SemaphoreP_nortos.oem4 (.text:SemaphoreP_construct)
                  20010d34    00000050     drivers_cc32xx.a : TimerCC32XX.oem4 (.text:TimerCC32XX_allocateTimerResource)
                  20010d84    0000004c                      : GPIOCC32XX.oem4 (.text:GPIO_enableInt)
                  20010dd0    0000004c                      : I2CCC32XX.oem4 (.text:I2CCC32XX_readRecieveFifo)
                  20010e1c    0000004c                      : PowerCC32XX.oem4 (.text:PowerCC32XX_parkPin)
                  20010e68    0000004c     rtsv7M4_T_le_eabi.lib : atoi.c.obj (.text:atoi)
                  20010eb4    0000004c     drivers_cc32xx.a : PowerCC32XX.oem4 (.text:restorePeriphClocks)
                  20010f00    0000004c     rtsv7M4_T_le_eabi.lib : snprintf.c.obj (.text:snprintf)
                  20010f4c    00000048     driverlib.a : flash.obj (.text:FlashDisable)
                  20010f94    00000048                 : prcm.obj (.text:PRCMLPDSEnter)
                  20010fdc    00000048                 : prcm.obj (.text:PRCMPeripheralClkEnable)
                  20011024    00000048     drivers_cc32xx.a : PowerCC32XX.oem4 (.text:Power_releaseConstraint)
                  2001106c    00000048     rtsv7M4_T_le_eabi.lib : fd_toi_t2.asm.obj (.text)
                  200110b4    00000046     drivers_cc32xx.a : RingBuf.oem4 (.text:RingBuf_put)
                  200110fa    00000046                      : TimerCC32XX.oem4 (.text:getPrescaler)
                  20011140    00000044     nortos_cc32xx.a : ClockPSysTick_nortos.oem4 (.text:ClockP_stop)
                  20011184    00000044     driverlib.a : prcm.obj (.text:PRCMLPDSRestoreInfoSet)
                  200111c8    00000044     drivers_cc32xx.a : PowerCC32XX_asm.oem4 (.text:PowerCC32XX_enterLPDS)
                  2001120c    00000044     nortos_cc32xx.a : SemaphoreP_nortos.oem4 (.text:SemaphoreP_post)
                  20011250    00000044                     : SwiP_nortos.oem4 (.text:SwiP_restore)
                  20011294    00000044     drivers_cc32xx.a : Timer.oem4 (.text:Timer_init)
                  200112d8    00000044                      : UART.oem4 (.text:UART_init)
                  2001131c    00000044     rtsv7M4_T_le_eabi.lib : autoinit.c.obj (.text:__TI_auto_init_nobinit_nopinit:__TI_auto_init_nobinit_nopinit)
                  20011360    00000044     gpiointerrupt.obj (.text:initUART)
                  200113a4    00000040     nortos_cc32xx.a : ClockPSysTick_nortos.oem4 (.text:ClockP_construct)
                  200113e4    00000040     driverlib.a : pin.obj (.text:PinModeSet)
                  20011424    00000040     drivers_cc32xx.a : RingBuf.oem4 (.text:RingBuf_get)
                  20011464    00000040                      : Timer.oem4 (.text:Timer_open)
                  200114a4    00000040                      : UARTCC32XX.oem4 (.text:UARTCC32XX_read)
                  200114e4    00000040                      : UART.oem4 (.text:UART_open)
                  20011524    0000003e     rtsv7M4_T_le_eabi.lib : _printfi.c.obj (.text:_fcpy)
                  20011562    00000002                           : div0.asm.obj (.text)
                  20011564    0000003c     nortos_cc32xx.a : ClockPSysTick_nortos.oem4 (.text:ClockP_destruct)
                  200115a0    0000003c     drivers_cc32xx.a : PowerCC32XX.oem4 (.text:Power_setConstraint)
                  200115dc    0000003a                      : TimerCC32XX.oem4 (.text:TimerCC32XX_close)
                  20011616    0000003a     nortos_cc32xx.a : PowerCC32XX_nortos.oem4 (.text:getCountsRTC)
                  20011650    00000038     driverlib.a : prcm.obj (.text:PRCMLPDSEnterKeepDebugIf)
                  20011688    00000038     drivers_cc32xx.a : TimerCC32XX.oem4 (.text:TimerCC32XX_hwiIntFunction)
                  200116c0    00000038     nortos_cc32xx.a : ClockPSysTick_nortos.oem4 (.text:addToList)
                  200116f8    00000038                     : startup_cc32xx_ccs.oem4 (.text:initVectors)
                  20011730    00000038     drivers_cc32xx.a : PowerCC32XX.oem4 (.text:notify)
                  20011768    00000036     driverlib.a : timer.obj (.text:TimerControlStall)
                  2001179e    00000036     drivers_cc32xx.a : UARTCC32XX.oem4 (.text:UARTCC32XX_readCancel)
                  200117d4    00000034     nortos_cc32xx.a : ClockPSysTick_nortos.oem4 (.text:ClockP_getTicksUntilInterrupt)
                  20011808    00000034                     : ClockPSysTick_nortos.oem4 (.text:ClockP_startup)
                  2001183c    00000034     driverlib.a : pin.obj (.text:PinModeGet)
                  20011870    00000034     drivers_cc32xx.a : PowerCC32XX.oem4 (.text:PowerCC32XX_restoreParkState)
                  200118a4    00000034                      : TimerCC32XX.oem4 (.text:TimerCC32XX_freeTimerResource)
                  200118d8    00000034                      : TimerCC32XX.oem4 (.text:getPowerMgrId)
                  2001190c    00000030     nortos_cc32xx.a : ClockPSysTick_nortos.oem4 (.text:ClockP_start)
                  2001193c    00000030     drivers_cc32xx.a : PowerCC32XX.oem4 (.text:PowerCC32XX_restoreParkedPin)
                  2001196c    00000030     rtsv7M4_T_le_eabi.lib : snprintf.c.obj (.text:_outs)
                  2001199c    0000002e                           : i_tofd_t2.asm.obj (.text)
                  200119ca    00000002     --HOLE-- [fill = 0]
                  200119cc    0000002c     drivers_cc32xx.a : PowerCC32XX.oem4 (.text:PowerCC32XX_getParkState)
                  200119f8    0000002a     nortos_cc32xx.a : HwiPCC32XX_nortos.oem4 (.text:HwiP_create)
                  20011a22    0000002a     driverlib.a : timer.obj (.text:TimerLoadSet)
                  20011a4c    0000002a                 : timer.obj (.text:TimerPrescaleSet)
                  20011a76    00000028                 : i2c.obj (.text:I2CFIFODataPutNonBlocking)
                  20011a9e    00000002     --HOLE-- [fill = 0]
                  20011aa0    00000028                 : prcm.obj (.text:PRCMPeripheralClkDisable)
                  20011ac8    00000028     drivers_cc32xx.a : PowerCC32XX.oem4 (.text:Power_registerNotify)
                  20011af0    00000028     rtsv7M4_T_le_eabi.lib : memory.c.obj (.text:free_list_insert)
                  20011b18    00000026     driverlib.a : i2c.obj (.text:I2CFIFODataGetNonBlocking)
                  20011b3e    00000026     drivers_cc32xx.a : I2C.oem4 (.text:I2C_cancel)
                  20011b64    00000026                      : List.oem4 (.text:List_put)
                  20011b8a    00000026                      : List.oem4 (.text:List_remove)
                  20011bb0    00000024     nortos_cc32xx.a : HwiPCC32XX_nortos.oem4 (.text:HwiP_dispatch)
                  20011bd4    00000024     drivers_cc32xx.a : PowerCC32XX.oem4 (.text:PowerCC32XX_reset)
                  20011bf8    00000024     rtsv7M4_T_le_eabi.lib : boot_cortex_m.c.obj (.text:_c_int00_noargs:_c_int00_noargs)
                  20011c1c    00000022     driverlib.a : i2c.obj (.text:I2CMasterSlaveAddrSet)
                  20011c3e    00000020     nortos_cc32xx.a : HwiPCC32XX_nortos.oem4 (.text:HwiP_destruct)
                  20011c5e    00000002     --HOLE-- [fill = 0]
                  20011c60    00000020     drivers_cc32xx.a : PowerCC32XX.oem4 (.text:Power_unregisterNotify)
                  20011c80    00000020                      : RingBuf.oem4 (.text:RingBuf_peek)
                  20011ca0    00000020                      : UARTCC32XX.oem4 (.text:getPowerMgrId)
                  20011cc0    0000001e     driverlib.a : i2c.obj (.text:I2CMasterIntStatusEx)
                  20011cde    0000001e     nortos_cc32xx.a : SemaphoreP_nortos.oem4 (.text:SemaphoreP_constructBinary)
                  20011cfc    0000001e     driverlib.a : timer.obj (.text:TimerDisable)
                  20011d1a    0000001e                 : timer.obj (.text:TimerEnable)
                  20011d38    0000001c                 : pin.obj (.text:PinToPadGet)
                  20011d54    0000001c     nortos_cc32xx.a : SwiP_nortos.oem4 (.text:SwiP_disable)
                  20011d70    0000001c     rtsv7M4_T_le_eabi.lib : copy_zero_init.c.obj (.text:decompress:ZI:__TI_zero_init_nomemset:__TI_zero_init_nomemset)
                  20011d8c    0000001c                           : memory.c.obj (.text:free_list_remove)
                  20011da8    0000001c                           : memccpy.c.obj (.text:memccpy)
                  20011dc4    0000001a     nortos_cc32xx.a : ClockPSysTick_nortos.oem4 (.text:ClockP_create)
                  20011dde    0000001a                     : SemaphoreP_nortos.oem4 (.text:SemaphoreP_createBinary)
                  20011df8    0000001a                     : startup_cc32xx_ccs.oem4 (.text:resetISR)
                  20011e12    00000018     driverlib.a : i2c.obj (.text:I2CMasterBusBusy)
                  20011e2a    00000018                 : i2c.obj (.text:I2CMasterIntDisableEx)
                  20011e42    00000018                 : i2c.obj (.text:I2CMasterIntEnableEx)
                  20011e5a    00000018                 : i2c.obj (.text:I2CRxFIFOFlush)
                  20011e72    00000018                 : i2c.obj (.text:I2CTxFIFOFlush)
                  20011e8a    00000002     --HOLE-- [fill = 0]
                  20011e8c    00000018     drivers_cc32xx.a : PowerCC32XX.oem4 (.text:Power_getTransitionLatency)
                  20011ea4    00000018                      : PowerCC32XX.oem4 (.text:Power_idleFunc)
                  20011ebc    00000018                      : TimerCC32XX.oem4 (.text:TimerCC32XX_getCount)
                  20011ed4    00000018     driverlib.a : timer.obj (.text:TimerIntDisable)
                  20011eec    00000018                 : timer.obj (.text:TimerIntEnable)
                  20011f04    00000018                 : uart.obj (.text:UARTBusy)
                  20011f1c    00000018                 : uart.obj (.text:UARTIntEnable)
                  20011f34    00000018     drivers_cc32xx.a : UART.oem4 (.text:UART_Params_init)
                  20011f4c    00000018     rtsv7M4_T_le_eabi.lib : snprintf.c.obj (.text:_outc)
                  20011f64    00000018                           : ll_mul_t2.asm.obj (.text)
                  20011f7c    00000018     gpiointerrupt.obj (.text:timerCallback)
                  20011f94    00000016     driverlib.a : i2c.obj (.text:I2CMasterBurstLengthSet)
                  20011faa    00000016                 : prcm.obj (.text:PRCMHIBRegRead)
                  20011fc0    00000016                 : prcm.obj (.text:PRCMHIBRegWrite)
                  20011fd6    00000016     nortos_cc32xx.a : SemaphoreP_nortos.oem4 (.text:SemaphoreP_create)
                  20011fec    00000016     rtsv7M4_T_le_eabi.lib : strchr.c.obj (.text:strchr)
                  20012002    00000014     driverlib.a : cpu.obj (.text:CPUcpsid)
                  20012016    00000002     --HOLE-- [fill = 0]
                  20012018    00000014     nortos_cc32xx.a : HwiPCC32XX_nortos.oem4 (.text:HwiP_inISR)
                  2001202c    00000014     drivers_cc32xx.a : I2CCC32XX.oem4 (.text:I2CSupport_masterFinish)
                  20012040    00000014                      : I2C.oem4 (.text:I2C_transfer)
                  20012054    00000014     driverlib.a : interrupt.obj (.text:IntVTableBaseSet)
                  20012068    00000014     drivers_cc32xx.a : PowerCC32XX.oem4 (.text:Power_disablePolicy)
                  2001207c    00000014                      : PowerCC32XX.oem4 (.text:Power_getDependencyCount)
                  20012090    00000014                      : UARTCC32XX.oem4 (.text:releasePowerConstraint)
                  200120a4    00000014     rtsv7M4_T_le_eabi.lib : strlen.c.obj (.text:strlen)
                  200120b8    00000012     nortos_cc32xx.a : HwiPCC32XX_nortos.oem4 (.text:HwiP_Params_init)
                  200120ca    00000012     driverlib.a : i2c.obj (.text:I2CMasterIntClearEx)
                  200120dc    00000012     drivers_cc32xx.a : RingBuf.oem4 (.text:RingBuf_construct)
                  200120ee    00000012     driverlib.a : timer.obj (.text:TimerIntClear)
                  20012100    00000012     main_nortos.obj (.text:main)
                  20012112    00000012     rtsv7M4_T_le_eabi.lib : wcslen.c.obj (.text:wcslen)
                  20012124    00000010     ti_drivers_config.obj (.text:Board_init)
                  20012134    00000010     nortos_cc32xx.a : ClockPSysTick_nortos.oem4 (.text:ClockP_add)
                  20012144    00000010                     : ClockPSysTick_nortos.oem4 (.text:ClockP_delete)
                  20012154    00000010                     : ClockPSysTick_nortos.oem4 (.text:ClockP_getCpuFreq)
                  20012164    00000010                     : ClockPSysTick_nortos.oem4 (.text:ClockP_getSystemTicks)
                  20012174    00000010                     : ClockPSysTick_nortos.oem4 (.text:ClockP_setTicks)
                  20012184    00000010                     : HwiPCC32XX_nortos.oem4 (.text:HwiP_delete)
                  20012194    00000010                     : HwiPCC32XX_nortos.oem4 (.text:HwiP_restore)
                  200121a4    00000010     driverlib.a : i2c.obj (.text:I2CFIFOStatus)
                  200121b4    00000010     drivers_cc32xx.a : I2C.oem4 (.text:I2C_Params_init)
                  200121c4    00000010                      : PowerCC32XX.oem4 (.text:Power_enablePolicy)
                  200121d4    00000010     nortos_cc32xx.a : SemaphoreP_nortos.oem4 (.text:SemaphoreP_Params_init)
                  200121e4    00000010     drivers_cc32xx.a : Timer.oem4 (.text:Timer_Params_init)
                  200121f4    00000010                      : UARTCC32XX.oem4 (.text:readBlockingTimeout)
                  20012204    0000000e     nortos_cc32xx.a : HwiPCC32XX_nortos.oem4 (.text:HwiP_clearInterrupt)
                  20012212    0000000e                     : HwiPCC32XX_nortos.oem4 (.text:HwiP_disable)
                  20012220    0000000e                     : HwiPCC32XX_nortos.oem4 (.text:HwiP_disableInterrupt)
                  2001222e    0000000e                     : HwiPCC32XX_nortos.oem4 (.text:HwiP_enable)
                  2001223c    0000000e                     : HwiPCC32XX_nortos.oem4 (.text:HwiP_enableInterrupt)
                  2001224a    0000000e     drivers_cc32xx.a : I2CCC32XX.oem4 (.text:I2CCC32XX_updateReg)
                  20012258    0000000e                      : RingBuf.oem4 (.text:RingBuf_isFull)
                  20012266    0000000e     rtsv7M4_T_le_eabi.lib : copy_decompress_none.c.obj (.text:decompress:none:__TI_decompress_none)
                  20012274    0000000e     gpiointerrupt.obj (.text:gpioButtonFxn0)
                  20012282    0000000c     drivers_cc32xx.a : I2CCC32XX.oem4 (.text:I2CCC32XX_postNotify)
                  2001228e    00000002     --HOLE-- [fill = 0]
                  20012290    0000000c                      : PowerCC32XX.oem4 (.text:Power_getConstraintMask)
                  2001229c    0000000c     rtsv7M4_T_le_eabi.lib : s_copysign.c.obj (.text:copysign)
                  200122a8    0000000c     gpiointerrupt.obj (.text:gpioButtonFxn1)
                  200122b4    0000000c     drivers_cc32xx.a : TimerCC32XX.oem4 (.text:postNotifyFxn)
                  200122c0    0000000c                      : UARTCC32XX.oem4 (.text:postNotifyFxn)
                  200122cc    0000000a     nortos_cc32xx.a : ClockPSysTick_nortos.oem4 (.text:ClockP_Params_init)
                  200122d6    0000000a                     : ClockPSysTick_nortos.oem4 (.text:ClockP_isActive)
                  200122e0    0000000a     driverlib.a : interrupt.obj (.text:IntMasterDisable)
                  200122ea    0000000a     drivers_cc32xx.a : Timer.oem4 (.text:Timer_start)
                  200122f4    0000000a                      : UART.oem4 (.text:UART_write)
                  200122fe    00000008                      : I2CCC32XX.oem4 (.text:I2CCC32XX_blockingCallback)
                  20012306    00000002     --HOLE-- [fill = 0]
                  20012308    00000008     rtsv7M4_T_le_eabi.lib : errno.c.obj (.text:__aeabi_errno_addr)
                  20012310    00000008                           : memory.c.obj (.text:malloc)
                  20012318    00000008     drivers_cc32xx.a : UARTCC32XX.oem4 (.text:readSemCallback)
                  20012320    00000008                      : UARTCC32XX.oem4 (.text:writeSemCallback)
                  20012328    00000006                      : I2CCC32XX.oem4 (.text:I2CSupport_powerRelConstraint)
                  2001232e    00000006                      : I2CCC32XX.oem4 (.text:I2CSupport_powerSetConstraint)
                  20012334    00000006                      : TimerCC32XX.oem4 (.text:TimerCC32XX_control)
                  2001233a    00000006     driverlib.a : utils.obj (.text:UtilsDelay)
                  20012340    00000004     nortos_cc32xx.a : ClockPSysTick_nortos.oem4 (.text:ClockP_setTimeout)
                  20012344    00000004                     : HwiPCC32XX_nortos.oem4 (.text:HwiP_post)
                  20012348    00000004                     : SemaphoreP_nortos.oem4 (.text:SemaphoreP_delete)
                  2001234c    00000004     rtsv7M4_T_le_eabi.lib : pre_init.c.obj (.text:_system_pre_init)
                  20012350    00000004                           : exit.c.obj (.text:abort:abort)

.const     0    20012914    0000051a     
                  20012914    00000101     rtsv7M4_T_le_eabi.lib : ctype.c.obj (.const:.string:_ctypes_)
                  20012a15    00000003     --HOLE-- [fill = 0]
                  20012a18    00000100     driverlib.a : pin.obj (.const:g_ulPinToPadMap)
                  20012b18    000000a8                 : prcm.obj (.const:PRCM_PeriphRegsList)
                  20012bc0    00000044     ti_drivers_config.obj (.const:PowerCC32XX_config)
                  20012c04    00000028     drivers_cc32xx.a : UARTCC32XX.oem4 (.const:UARTCC32XX_fxnTable)
                  20012c2c    00000024                      : UART.oem4 (.const:UART_defaultParams)
                  20012c50    00000024     ti_drivers_config.obj (.const:uartCC32XXHWAttrs0)
                  20012c74    00000021     drivers_cc32xx.a : GPIOCC32XX.oem4 (.const:.string:pinTable)
                  20012c95    00000003     --HOLE-- [fill = 0]
                  20012c98    00000020                      : TimerCC32XX.oem4 (.const:TimerCC32XX_fxnTable)
                  20012cb8    00000020                      : UARTCC32XX.oem4 (.const:staticFxnTable)
                  20012cd8    00000018     driverlib.a : interrupt.obj (.const:g_pulEnRegs)
                  20012cf0    00000018                 : interrupt.obj (.const:g_pulPendRegs)
                  20012d08    00000018     gpiointerrupt.obj (.const:sensors)
                  20012d20    00000014     ti_drivers_config.obj (.const:GPIOCC32XX_config)
                  20012d34    00000014     drivers_cc32xx.a : GPIOCC32XX.oem4 (.const:gpioBaseAddresses)
                  20012d48    00000014     ti_drivers_config.obj (.const:i2cCC32XXHWAttrs)
                  20012d5c    00000014     drivers_cc32xx.a : UARTCC32XX.oem4 (.const:parityType)
                  20012d70    00000014                      : GPIOCC32XX.oem4 (.const:powerResources)
                  20012d84    00000010                      : I2C.oem4 (.const:I2C_defaultParams)
                  20012d94    00000010                      : I2CCC32XX.oem4 (.const:I2C_defaultParams)
                  20012da4    00000010                      : UARTCC32XX.oem4 (.const:dataLength)
                  20012db4    00000010     ti_drivers_config.obj (.const:timerCC32XXHWAttrs)
                  20012dc4    0000000c     gpiointerrupt.obj (.const:.string)
                  20012dd0    0000000c     ti_drivers_config.obj (.const:Timer_config)
                  20012ddc    0000000c     ti_drivers_config.obj (.const:UART_config)
                  20012de8    0000000c     drivers_cc32xx.a : Timer.oem4 (.const:defaultParams)
                  20012df4    00000009     ti_drivers_config.obj (.const)
                  20012dfd    00000003     --HOLE-- [fill = 0]
                  20012e00    00000008     ti_drivers_config.obj (.const:I2C_config)
                  20012e08    00000008     drivers_cc32xx.a : GPIOCC32XX.oem4 (.const:outPinTypes)
                  20012e10    00000008                      : UARTCC32XX.oem4 (.const:stopBits)
                  20012e18    00000006                      : GPIOCC32XX.oem4 (.const:.string:interruptType)
                  20012e1e    00000006                      : GPIOCC32XX.oem4 (.const:inPinTypes)
                  20012e24    00000006                      : GPIOCC32XX.oem4 (.const:outPinStrengths)
                  20012e2a    00000004                      : GPIOCC32XX.oem4 (.const:.string:portInterruptIds)

.cinit     0    20013208    000000f0     
                  20013208    000000ca     (.cinit..data.load) [load image, compression = lzss]
                  200132d2    00000002     --HOLE-- [fill = 0]
                  200132d4    0000000c     (__TI_handler_table)
                  200132e0    00000008     (.cinit..bss.load) [load image, compression = zero_init]
                  200132e8    00000010     (__TI_cinit_table)

.init_array 
*          0    20004000    00000000     UNINITIALIZED

.ramVecs   0    20000000    0000030c     NOLOAD SECTION
                  20000000    0000030c     nortos_cc32xx.a : startup_cc32xx_ccs.oem4 (.ramVecs)

.stack     0    20003000    00001000     UNINITIALIZED
                  20003000    00000004     rtsv7M4_T_le_eabi.lib : boot_cortex_m.c.obj (.stack)
                  20003004    00000ffc     --HOLE--

.resetVecs 
*          0    20004000    00000040     
                  20004000    00000040     nortos_cc32xx.a : startup_cc32xx_ccs.oem4 (.resetVecs:retain)

.sysmem    0    20004040    00008000     UNINITIALIZED
                  20004040    00000010     rtsv7M4_T_le_eabi.lib : memory.c.obj (.sysmem)
                  20004050    00007ff0     --HOLE--

.data      0    20012354    000005c0     UNINITIALIZED
                  20012354    0000030c     nortos_cc32xx.a : HwiPCC32XX_nortos.oem4 (.data:HwiP_dispatchTable)
                  20012660    0000016c     drivers_cc32xx.a : PowerCC32XX.oem4 (.data:PowerCC32XX_module)
                  200127cc    000000f8     ti_drivers_config.obj (.data:parkInfo)
                  200128c4    0000000c     ti_drivers_config.obj (.data:gpioCallbackFunctions)
                  200128d0    0000000c     ti_drivers_config.obj (.data:gpioPinConfigs)
                  200128dc    00000009     drivers_cc32xx.a : GPIOCC32XX.oem4 (.data)
                  200128e5    00000003     nortos_cc32xx.a : SemaphoreP_nortos.oem4 (.data)
                  200128e8    00000008     rtsv7M4_T_le_eabi.lib : _lock.c.obj (.data:$O1$$)
                  200128f0    00000008                           : memory.c.obj (.data:$O1$$)
                  200128f8    00000008     nortos_cc32xx.a : SemaphoreP_nortos.oem4 (.data:SemaphoreP_defaultParams)
                  20012900    00000008                     : HwiPCC32XX_nortos.oem4 (.data)
                  20012908    00000005                     : ClockPSysTick_nortos.oem4 (.data)
                  2001290d    00000001     drivers_cc32xx.a : Timer.oem4 (.data)
                  2001290e    00000001                      : UART.oem4 (.data)
                  2001290f    00000001     gpiointerrupt.obj (.data)
                  20012910    00000004     rtsv7M4_T_le_eabi.lib : errno.c.obj (.data)

.bss       0    20012e30    000003d4     UNINITIALIZED
                  20012e30    0000012c     (.common:PowerCC32XX_contextSave)
                  20012f5c    000000fc     (.common:i2cCC32XXObjects)
                  20013058    00000084     (.common:uartCC32XXObjects0)
                  200130dc    00000040     (.common:output)
                  2001311c    00000034     (.common:timerCC32XXObjects)
                  20013150    00000020     drivers_cc32xx.a : GPIOCC32XX.oem4 (.bss:gpioCallbackInfo)
                  20013170    00000020     ti_drivers_config.obj (.bss:uartCC32XXRingBuffer0)
                  20013190    00000020     (.common:i2cTransaction)
                  200131b0    00000014     drivers_cc32xx.a : GPIOCC32XX.oem4 (.bss:powerNotifyObj)
                  200131c4    00000004                      : GPIOCC32XX.oem4 (.bss)
                  200131c8    00000010     (.common:ClockP_ctrl)
                  200131d8    0000000d     nortos_cc32xx.a : SwiP_nortos.oem4 (.bss)
                  200131e5    00000003     --HOLE--
                  200131e8    00000004                     : ClockPSysTick_nortos.oem4 (.bss)
                  200131ec    00000004     drivers_cc32xx.a : TimerCC32XX.oem4 (.bss:timerState)
                  200131f0    00000004     (.common:i2c)
                  200131f4    00000004     (.common:rxBuffer)
                  200131f8    00000004     (.common:timer0)
                  200131fc    00000004     (.common:txBuffer)
                  20013200    00000004     (.common:uart)

.log_data 
*          0    90000000    00000000     COPY SECTION

__llvm_prf_cnts 
*          0    20004000    00000000     UNINITIALIZED

MODULE SUMMARY

       Module                       code    ro data   rw data
       ------                       ----    -------   -------
    .\
       gpiointerrupt.obj            978     36        117    
       main_nortos.obj              18      0         0      
    +--+----------------------------+-------+---------+---------+
       Total:                       996     36        117    
                                                             
    .\syscfg\
       ti_drivers_config.obj        18      201       740    
    +--+----------------------------+-------+---------+---------+
       Total:                       18      201       740    
                                                             
    C:/ti/simplelink_cc32xx_sdk_4_30_00_06/kernel/nortos/lib/ccs/m4/nortos_cc32xx.a
       HwiPCC32XX_nortos.oem4       394     0         788    
       startup_cc32xx_ccs.oem4      90      64        780    
       ClockPSysTick_nortos.oem4    702     0         25     
       PowerCC32XX_nortos.oem4      472     0         0      
       SemaphoreP_nortos.oem4       408     0         11     
       SwiP_nortos.oem4             96      0         13     
    +--+----------------------------+-------+---------+---------+
       Total:                       2162    64        1617   
                                                             
    C:/ti/simplelink_cc32xx_sdk_4_30_00_06/source/ti/devices/cc32xx/driverlib/ccs/Release/driverlib.a
       prcm.obj                     1604    168       0      
       pin.obj                      280     256       0      
       interrupt.obj                334     48        0      
       i2c.obj                      318     0         0      
       timer.obj                    264     0         0      
       flash.obj                    72      0         0      
       uart.obj                     48      0         0      
       cpu.obj                      20      0         0      
       utils.obj                    6       0         0      
    +--+----------------------------+-------+---------+---------+
       Total:                       2946    472       0      
                                                             
    C:/ti/simplelink_cc32xx_sdk_4_30_00_06/source/ti/drivers/lib/ccs/m4/drivers_cc32xx.a
       UARTCC32XX.oem4              3466    116       0      
       PowerCC32XX.oem4             2432    0         664    
       GPIOCC32XX.oem4              1308    103       65     
       I2CCC32XX.oem4               1452    16        0      
       TimerCC32XX.oem4             1132    32        4      
       I2C.oem4                     366     16        0      
       UART.oem4                    166     36        1      
       RingBuf.oem4                 198     0         0      
       Timer.oem4                   158     12        1      
       PowerCC32XX_asm.oem4         150     0         0      
       List.oem4                    76      0         0      
    +--+----------------------------+-------+---------+---------+
       Total:                       10904   331       735    
                                                             
    C:\ti\ccs1011\ccs\tools\compiler\ti-cgt-arm_20.2.7.LTS\lib\rtsv7M4_T_le_eabi.lib
       _printfi.c.obj               4835    0         0      
       memory.c.obj                 672     0         8      
       fd_add_t2.asm.obj            438     0         0      
       fd_div_t2.asm.obj            310     0         0      
       fd_cmp_t2.asm.obj            268     0         0      
       ctype.c.obj                  0       257       0      
       fd_mul_t2.asm.obj            252     0         0      
       s_scalbn.c.obj               208     0         0      
       memcpy_t2.asm.obj            156     0         0      
       ull_div_t2.asm.obj           150     0         0      
       snprintf.c.obj               148     0         0      
       memset_t2.asm.obj            122     0         0      
       copy_decompress_lzss.c.obj   104     0         0      
       s_frexp.c.obj                92      0         0      
       _ltoa.c.obj                  84      0         0      
       atoi.c.obj                   76      0         0      
       fd_toi_t2.asm.obj            72      0         0      
       autoinit.c.obj               68      0         0      
       i_tofd_t2.asm.obj            46      0         0      
       boot_cortex_m.c.obj          36      0         0      
       copy_zero_init.c.obj         28      0         0      
       memccpy.c.obj                28      0         0      
       ll_mul_t2.asm.obj            24      0         0      
       strchr.c.obj                 22      0         0      
       strlen.c.obj                 20      0         0      
       wcslen.c.obj                 18      0         0      
       copy_decompress_none.c.obj   14      0         0      
       errno.c.obj                  8       0         4      
       s_copysign.c.obj             12      0         0      
       _lock.c.obj                  2       0         8      
       exit.c.obj                   4       0         0      
       pre_init.c.obj               4       0         0      
       div0.asm.obj                 2       0         0      
    +--+----------------------------+-------+---------+---------+
       Total:                       8323    257       20     
                                                             
       Heap:                        0       0         32768  
       Stack:                       0       0         4096   
       Linker Generated:            0       238       0      
    +--+----------------------------+-------+---------+---------+
       Grand Total:                 25349   1599      40093  


LINKER GENERATED COPY TABLES

__TI_cinit_table @ 200132e8 records: 2, size/record: 8, table size: 16
	.data: load addr=20013208, load size=000000ca bytes, run addr=20012354, run size=000005c0 bytes, compression=lzss
	.bss: load addr=200132e0, load size=00000008 bytes, run addr=20012e30, run size=000003d4 bytes, compression=zero_init


LINKER GENERATED HANDLER TABLE

__TI_handler_table @ 200132d4 records: 3, size/record: 4, table size: 12
	index: 0, handler: __TI_decompress_lzss
	index: 1, handler: __TI_decompress_none
	index: 2, handler: __TI_zero_init


GLOBAL SYMBOLS: SORTED ALPHABETICALLY BY Name 

address   name                             
-------   ----                             
20012125  Board_init                       
2000ca8f  Board_initHook                   
20012351  C$$EXIT                          
20012df4  CONFIG_GPIO_BUTTON_0_CONST       
20012df5  CONFIG_GPIO_BUTTON_1_CONST       
20012df6  CONFIG_GPIO_LED_0_CONST          
20012df7  CONFIG_I2C_0_CONST               
20012df9  CONFIG_TIMER_0_CONST             
20012dfb  CONFIG_UART_0_CONST              
20012003  CPUcpsid                         
200122cd  ClockP_Params_init               
20012135  ClockP_add                       
200113a5  ClockP_construct                 
20011dc5  ClockP_create                    
200131c8  ClockP_ctrl                      
20012145  ClockP_delete                    
20011565  ClockP_destruct                  
20010c95  ClockP_doTick                    
20012155  ClockP_getCpuFreq                
20012165  ClockP_getSystemTicks            
200117d5  ClockP_getTicksUntilInterrupt    
200122d7  ClockP_isActive                  
20012175  ClockP_setTicks                  
20012341  ClockP_setTimeout                
2001190d  ClockP_start                     
20011809  ClockP_startup                   
20011141  ClockP_stop                      
20010c95  ClockP_sysTickHandler            
20012908  ClockP_tickPeriod                
20010f4d  FlashDisable                     
20012d20  GPIOCC32XX_config                
20010d85  GPIO_enableInt                   
200101a1  GPIO_hwiIntFxn                   
2000ee35  GPIO_init                        
20010785  GPIO_setCallback                 
2000d5fd  GPIO_setConfig                   
20010595  GPIO_toggle                      
20010899  GPIO_write                       
200120b9  HwiP_Params_init                 
20012205  HwiP_clearInterrupt              
2000fb79  HwiP_construct                   
200119f9  HwiP_create                      
20012185  HwiP_delete                      
20011c3f  HwiP_destruct                    
20012213  HwiP_disable                     
20012221  HwiP_disableInterrupt            
20011bb1  HwiP_dispatch                    
2001222f  HwiP_enable                      
2001223d  HwiP_enableInterrupt             
20012019  HwiP_inISR                       
20012900  HwiP_key                         
20012345  HwiP_post                        
20012195  HwiP_restore                     
20012904  HwiP_swiPIntNum                  
20011b19  I2CFIFODataGetNonBlocking        
20011a77  I2CFIFODataPutNonBlocking        
200121a5  I2CFIFOStatus                    
20011f95  I2CMasterBurstLengthSet          
20011e13  I2CMasterBusBusy                 
200120cb  I2CMasterIntClearEx              
20011e2b  I2CMasterIntDisableEx            
20011e43  I2CMasterIntEnableEx             
20011cc1  I2CMasterIntStatusEx             
20011c1d  I2CMasterSlaveAddrSet            
20011e5b  I2CRxFIFOFlush                   
2001202d  I2CSupport_masterFinish          
20012329  I2CSupport_powerRelConstraint    
2001232f  I2CSupport_powerSetConstraint    
2001045b  I2CSupport_primeTransfer         
20011e73  I2CTxFIFOFlush                   
200121b5  I2C_Params_init                  
20011b3f  I2C_cancel                       
20012e00  I2C_config                       
20012df8  I2C_count                        
20012d84  I2C_defaultParams                
2000db63  I2C_init                         
2000e8c9  I2C_open                         
20012041  I2C_transfer                     
2000e465  I2C_transferTimeout              
UNDEFED   ITM_flush                        
UNDEFED   ITM_restore                      
2000f54d  IntEnable                        
200122e1  IntMasterDisable                 
2000fc05  IntPendSet                       
20012055  IntVTableBaseSet                 
20011b65  List_put                         
20011b8b  List_remove                      
2001222f  NoRTOS_start                     
2000ca91  PRCMCC3200MCUInit                
20011fab  PRCMHIBRegRead                   
20011fc1  PRCMHIBRegWrite                  
20010f95  PRCMLPDSEnter                    
20011651  PRCMLPDSEnterKeepDebugIf         
20011185  PRCMLPDSRestoreInfoSet           
20011aa1  PRCMPeripheralClkDisable         
20010fdd  PRCMPeripheralClkEnable          
200108f1  PRCMPeripheralReset              
20010725  PRCMSysResetCauseGet             
2000fc8d  PinConfigSet                     
2001183d  PinModeGet                       
200113e5  PinModeSet                       
20011d39  PinToPadGet                      
20012bc0  PowerCC32XX_config               
2000f5f5  PowerCC32XX_configureWakeup      
20012e30  PowerCC32XX_contextSave          
200111c9  PowerCC32XX_enterLPDS            
200119cd  PowerCC32XX_getParkState         
2000e33b  PowerCC32XX_initPolicy           
20012660  PowerCC32XX_module               
20010e1d  PowerCC32XX_parkPin              
20011bd5  PowerCC32XX_reset                
20011871  PowerCC32XX_restoreParkState     
2001193d  PowerCC32XX_restoreParkedPin     
20010b9d  PowerCC32XX_resumeLPDS           
200105f9  PowerCC32XX_setParkState         
2000db65  PowerCC32XX_sleepPolicy          
20012069  Power_disablePolicy              
200121c5  Power_enablePolicy               
20012291  Power_getConstraintMask          
2001207d  Power_getDependencyCount         
20011e8d  Power_getTransitionLatency       
20011ea5  Power_idleFunc                   
2000fea9  Power_init                       
20011ac9  Power_registerNotify             
20011025  Power_releaseConstraint          
20010949  Power_releaseDependency          
200115a1  Power_setConstraint              
2000ffb1  Power_setDependency              
2000e0cd  Power_sleep                      
20011c61  Power_unregisterNotify           
200120dd  RingBuf_construct                
20011425  RingBuf_get                      
20012259  RingBuf_isFull                   
20011c81  RingBuf_peek                     
200110b5  RingBuf_put                      
200121d5  SemaphoreP_Params_init           
20010ce5  SemaphoreP_construct             
20011cdf  SemaphoreP_constructBinary       
20011fd7  SemaphoreP_create                
20011ddf  SemaphoreP_createBinary          
200128f8  SemaphoreP_defaultParams         
20012349  SemaphoreP_delete                
2000f7e1  SemaphoreP_pend                  
2001120d  SemaphoreP_post                  
20011d55  SwiP_disable                     
20011251  SwiP_restore                     
20010d35  TimerCC32XX_allocateTimerResource
200115dd  TimerCC32XX_close                
20012335  TimerCC32XX_control              
200118a5  TimerCC32XX_freeTimerResource    
20012c98  TimerCC32XX_fxnTable             
20011ebd  TimerCC32XX_getCount             
2000e587  TimerCC32XX_init                 
2000e33d  TimerCC32XX_open                 
2000fd15  TimerCC32XX_setPeriod            
20010219  TimerCC32XX_start                
200109a1  TimerCC32XX_stop                 
20011769  TimerControlStall                
20011cfd  TimerDisable                     
20011d1b  TimerEnable                      
2001290f  TimerFlag                        
200120ef  TimerIntClear                    
20011ed5  TimerIntDisable                  
20011eed  TimerIntEnable                   
20011a23  TimerLoadSet                     
20011a4d  TimerPrescaleSet                 
200121e5  Timer_Params_init                
20012dd0  Timer_config                     
20012dfa  Timer_count                      
20011295  Timer_init                       
20011465  Timer_open                       
200122eb  Timer_start                      
20011f05  UARTBusy                         
2000e589  UARTCC32XX_close                 
2000eac1  UARTCC32XX_control               
20012c04  UARTCC32XX_fxnTable              
2000ebb3  UARTCC32XX_init                  
2000cebd  UARTCC32XX_open                  
200114a5  UARTCC32XX_read                  
2001179f  UARTCC32XX_readCancel            
2000efb9  UARTCC32XX_readPolling           
2000ed69  UARTCC32XX_write                 
2001052d  UARTCC32XX_writeCancel           
200106c1  UARTCC32XX_writePolling          
20011f1d  UARTIntEnable                    
20011f35  UART_Params_init                 
20012ddc  UART_config                      
20012dfc  UART_count                       
20012c2c  UART_defaultParams               
200112d9  UART_init                        
200114e5  UART_open                        
200122f5  UART_write                       
2001233b  UtilsDelay                       
20004000  __STACK_END                      
00001000  __STACK_SIZE                     
00008000  __SYSMEM_SIZE                    
200132e8  __TI_CINIT_Base                  
200132f8  __TI_CINIT_Limit                 
200132d4  __TI_Handler_Table_Base          
200132e0  __TI_Handler_Table_Limit         
2001131d  __TI_auto_init_nobinit_nopinit   
200104c5  __TI_decompress_lzss             
20012267  __TI_decompress_none             
20010a4d  __TI_ltoa                        
ffffffff  __TI_pprof_out_hndl              
2000c041  __TI_printfi                     
ffffffff  __TI_prof_data_size              
ffffffff  __TI_prof_data_start             
20013208  __TI_static_base__               
20011d71  __TI_zero_init_nomemset          
2000fd9d  __aeabi_cdcmpeq                  
2000fd9d  __aeabi_cdcmple                  
2000fe23  __aeabi_cdrcmple                 
2001106d  __aeabi_d2iz                     
2000d9b7  __aeabi_dadd                     
2000e205  __aeabi_ddiv                     
2000e9c5  __aeabi_dmul                     
2000d9ad  __aeabi_dsub                     
20012309  __aeabi_errno_addr               
2001199d  __aeabi_i2d                      
20011563  __aeabi_idiv0                    
20011563  __aeabi_ldiv0                    
20011f65  __aeabi_lmul                     
20010127  __aeabi_memclr                   
20010127  __aeabi_memclr4                  
20010127  __aeabi_memclr8                  
2000f91d  __aeabi_memcpy                   
2000f91d  __aeabi_memcpy4                  
2000f91d  __aeabi_memcpy8                  
20010129  __aeabi_memset                   
20010129  __aeabi_memset4                  
20010129  __aeabi_memset8                  
2000fa51  __aeabi_uldivmod                 
ffffffff  __binit__                        
ffffffff  __c_args__                       
UNDEFED   __mpu_init                       
20003000  __stack                          
20004000  __start___llvm_prf_cnts          
20004000  __stop___llvm_prf_cnts           
20011bf9  _c_int00_noargs                  
20012914  _ctypes_                         
200128e8  _lock                            
2000ee33  _nop                             
20004040  _sys_memory                      
UNDEFED   _system_post_cinit               
2001234d  _system_pre_init                 
200128ec  _unlock                          
20012351  abort                            
2000e7c9  aligned_alloc                    
20010e69  atoi                             
ffffffff  binit                            
2000fae7  clkFxn                           
2001229d  copysign                         
2001229d  copysignl                        
20012910  errno                            
2000ebb5  free                             
200107e1  frexp                            
200107e1  frexpl                           
20012275  gpioButtonFxn0                   
200122a9  gpioButtonFxn1                   
200128c4  gpioCallbackFunctions            
200128d0  gpioPinConfigs                   
200131f0  i2c                              
20012d48  i2cCC32XXHWAttrs                 
20012f5c  i2cCC32XXObjects                 
20013190  i2cTransaction                   
20012e1e  inPinTypes                       
2000d3ad  initI2C                          
20010aa1  initTimerButtons                 
20010af5  initTimerTemp                    
20011361  initUART                         
200116f9  initVectors                      
2000ec99  ldexp                            
2000ec99  ldexpl                           
20012101  main                             
2001065d  mainThread                       
20012311  malloc                           
2000e7c9  memalign                         
20011da9  memccpy                          
2000f91d  memcpy                           
2001012f  memset                           
20012e24  outPinStrengths                  
20012e08  outPinTypes                      
200130dc  output                           
200127cc  parkInfo                         
20011df9  resetISR                         
20011e0c  resetVectorAddr                  
20004000  resetVectors                     
200131f4  rxBuffer                         
2000ec99  scalbn                           
2000ec99  scalbnl                          
20010f01  snprintf                         
20011fed  strchr                           
200120a5  strlen                           
200131f8  timer0                           
20012db4  timerCC32XXHWAttrs               
2001311c  timerCC32XXObjects               
20011f7d  timerCallback                    
200131fc  txBuffer                         
20013200  uart                             
20013058  uartCC32XXObjects0               
20012113  wcslen                           


GLOBAL SYMBOLS: SORTED BY Symbol Address 

address   name                             
-------   ----                             
00001000  __STACK_SIZE                     
00008000  __SYSMEM_SIZE                    
20003000  __stack                          
20004000  __STACK_END                      
20004000  __start___llvm_prf_cnts          
20004000  __stop___llvm_prf_cnts           
20004000  resetVectors                     
20004040  _sys_memory                      
2000c041  __TI_printfi                     
2000ca8f  Board_initHook                   
2000ca91  PRCMCC3200MCUInit                
2000cebd  UARTCC32XX_open                  
2000d3ad  initI2C                          
2000d5fd  GPIO_setConfig                   
2000d9ad  __aeabi_dsub                     
2000d9b7  __aeabi_dadd                     
2000db63  I2C_init                         
2000db65  PowerCC32XX_sleepPolicy          
2000e0cd  Power_sleep                      
2000e205  __aeabi_ddiv                     
2000e33b  PowerCC32XX_initPolicy           
2000e33d  TimerCC32XX_open                 
2000e465  I2C_transferTimeout              
2000e587  TimerCC32XX_init                 
2000e589  UARTCC32XX_close                 
2000e7c9  aligned_alloc                    
2000e7c9  memalign                         
2000e8c9  I2C_open                         
2000e9c5  __aeabi_dmul                     
2000eac1  UARTCC32XX_control               
2000ebb3  UARTCC32XX_init                  
2000ebb5  free                             
2000ec99  ldexp                            
2000ec99  ldexpl                           
2000ec99  scalbn                           
2000ec99  scalbnl                          
2000ed69  UARTCC32XX_write                 
2000ee33  _nop                             
2000ee35  GPIO_init                        
2000efb9  UARTCC32XX_readPolling           
2000f54d  IntEnable                        
2000f5f5  PowerCC32XX_configureWakeup      
2000f7e1  SemaphoreP_pend                  
2000f91d  __aeabi_memcpy                   
2000f91d  __aeabi_memcpy4                  
2000f91d  __aeabi_memcpy8                  
2000f91d  memcpy                           
2000fa51  __aeabi_uldivmod                 
2000fae7  clkFxn                           
2000fb79  HwiP_construct                   
2000fc05  IntPendSet                       
2000fc8d  PinConfigSet                     
2000fd15  TimerCC32XX_setPeriod            
2000fd9d  __aeabi_cdcmpeq                  
2000fd9d  __aeabi_cdcmple                  
2000fe23  __aeabi_cdrcmple                 
2000fea9  Power_init                       
2000ffb1  Power_setDependency              
20010127  __aeabi_memclr                   
20010127  __aeabi_memclr4                  
20010127  __aeabi_memclr8                  
20010129  __aeabi_memset                   
20010129  __aeabi_memset4                  
20010129  __aeabi_memset8                  
2001012f  memset                           
200101a1  GPIO_hwiIntFxn                   
20010219  TimerCC32XX_start                
2001045b  I2CSupport_primeTransfer         
200104c5  __TI_decompress_lzss             
2001052d  UARTCC32XX_writeCancel           
20010595  GPIO_toggle                      
200105f9  PowerCC32XX_setParkState         
2001065d  mainThread                       
200106c1  UARTCC32XX_writePolling          
20010725  PRCMSysResetCauseGet             
20010785  GPIO_setCallback                 
200107e1  frexp                            
200107e1  frexpl                           
20010899  GPIO_write                       
200108f1  PRCMPeripheralReset              
20010949  Power_releaseDependency          
200109a1  TimerCC32XX_stop                 
20010a4d  __TI_ltoa                        
20010aa1  initTimerButtons                 
20010af5  initTimerTemp                    
20010b9d  PowerCC32XX_resumeLPDS           
20010c95  ClockP_doTick                    
20010c95  ClockP_sysTickHandler            
20010ce5  SemaphoreP_construct             
20010d35  TimerCC32XX_allocateTimerResource
20010d85  GPIO_enableInt                   
20010e1d  PowerCC32XX_parkPin              
20010e69  atoi                             
20010f01  snprintf                         
20010f4d  FlashDisable                     
20010f95  PRCMLPDSEnter                    
20010fdd  PRCMPeripheralClkEnable          
20011025  Power_releaseConstraint          
2001106d  __aeabi_d2iz                     
200110b5  RingBuf_put                      
20011141  ClockP_stop                      
20011185  PRCMLPDSRestoreInfoSet           
200111c9  PowerCC32XX_enterLPDS            
2001120d  SemaphoreP_post                  
20011251  SwiP_restore                     
20011295  Timer_init                       
200112d9  UART_init                        
2001131d  __TI_auto_init_nobinit_nopinit   
20011361  initUART                         
200113a5  ClockP_construct                 
200113e5  PinModeSet                       
20011425  RingBuf_get                      
20011465  Timer_open                       
200114a5  UARTCC32XX_read                  
200114e5  UART_open                        
20011563  __aeabi_idiv0                    
20011563  __aeabi_ldiv0                    
20011565  ClockP_destruct                  
200115a1  Power_setConstraint              
200115dd  TimerCC32XX_close                
20011651  PRCMLPDSEnterKeepDebugIf         
200116f9  initVectors                      
20011769  TimerControlStall                
2001179f  UARTCC32XX_readCancel            
200117d5  ClockP_getTicksUntilInterrupt    
20011809  ClockP_startup                   
2001183d  PinModeGet                       
20011871  PowerCC32XX_restoreParkState     
200118a5  TimerCC32XX_freeTimerResource    
2001190d  ClockP_start                     
2001193d  PowerCC32XX_restoreParkedPin     
2001199d  __aeabi_i2d                      
200119cd  PowerCC32XX_getParkState         
200119f9  HwiP_create                      
20011a23  TimerLoadSet                     
20011a4d  TimerPrescaleSet                 
20011a77  I2CFIFODataPutNonBlocking        
20011aa1  PRCMPeripheralClkDisable         
20011ac9  Power_registerNotify             
20011b19  I2CFIFODataGetNonBlocking        
20011b3f  I2C_cancel                       
20011b65  List_put                         
20011b8b  List_remove                      
20011bb1  HwiP_dispatch                    
20011bd5  PowerCC32XX_reset                
20011bf9  _c_int00_noargs                  
20011c1d  I2CMasterSlaveAddrSet            
20011c3f  HwiP_destruct                    
20011c61  Power_unregisterNotify           
20011c81  RingBuf_peek                     
20011cc1  I2CMasterIntStatusEx             
20011cdf  SemaphoreP_constructBinary       
20011cfd  TimerDisable                     
20011d1b  TimerEnable                      
20011d39  PinToPadGet                      
20011d55  SwiP_disable                     
20011d71  __TI_zero_init_nomemset          
20011da9  memccpy                          
20011dc5  ClockP_create                    
20011ddf  SemaphoreP_createBinary          
20011df9  resetISR                         
20011e0c  resetVectorAddr                  
20011e13  I2CMasterBusBusy                 
20011e2b  I2CMasterIntDisableEx            
20011e43  I2CMasterIntEnableEx             
20011e5b  I2CRxFIFOFlush                   
20011e73  I2CTxFIFOFlush                   
20011e8d  Power_getTransitionLatency       
20011ea5  Power_idleFunc                   
20011ebd  TimerCC32XX_getCount             
20011ed5  TimerIntDisable                  
20011eed  TimerIntEnable                   
20011f05  UARTBusy                         
20011f1d  UARTIntEnable                    
20011f35  UART_Params_init                 
20011f65  __aeabi_lmul                     
20011f7d  timerCallback                    
20011f95  I2CMasterBurstLengthSet          
20011fab  PRCMHIBRegRead                   
20011fc1  PRCMHIBRegWrite                  
20011fd7  SemaphoreP_create                
20011fed  strchr                           
20012003  CPUcpsid                         
20012019  HwiP_inISR                       
2001202d  I2CSupport_masterFinish          
20012041  I2C_transfer                     
20012055  IntVTableBaseSet                 
20012069  Power_disablePolicy              
2001207d  Power_getDependencyCount         
200120a5  strlen                           
200120b9  HwiP_Params_init                 
200120cb  I2CMasterIntClearEx              
200120dd  RingBuf_construct                
200120ef  TimerIntClear                    
20012101  main                             
20012113  wcslen                           
20012125  Board_init                       
20012135  ClockP_add                       
20012145  ClockP_delete                    
20012155  ClockP_getCpuFreq                
20012165  ClockP_getSystemTicks            
20012175  ClockP_setTicks                  
20012185  HwiP_delete                      
20012195  HwiP_restore                     
200121a5  I2CFIFOStatus                    
200121b5  I2C_Params_init                  
200121c5  Power_enablePolicy               
200121d5  SemaphoreP_Params_init           
200121e5  Timer_Params_init                
20012205  HwiP_clearInterrupt              
20012213  HwiP_disable                     
20012221  HwiP_disableInterrupt            
2001222f  HwiP_enable                      
2001222f  NoRTOS_start                     
2001223d  HwiP_enableInterrupt             
20012259  RingBuf_isFull                   
20012267  __TI_decompress_none             
20012275  gpioButtonFxn0                   
20012291  Power_getConstraintMask          
2001229d  copysign                         
2001229d  copysignl                        
200122a9  gpioButtonFxn1                   
200122cd  ClockP_Params_init               
200122d7  ClockP_isActive                  
200122e1  IntMasterDisable                 
200122eb  Timer_start                      
200122f5  UART_write                       
20012309  __aeabi_errno_addr               
20012311  malloc                           
20012329  I2CSupport_powerRelConstraint    
2001232f  I2CSupport_powerSetConstraint    
20012335  TimerCC32XX_control              
2001233b  UtilsDelay                       
20012341  ClockP_setTimeout                
20012345  HwiP_post                        
20012349  SemaphoreP_delete                
2001234d  _system_pre_init                 
20012351  C$$EXIT                          
20012351  abort                            
20012660  PowerCC32XX_module               
200127cc  parkInfo                         
200128c4  gpioCallbackFunctions            
200128d0  gpioPinConfigs                   
200128e8  _lock                            
200128ec  _unlock                          
200128f8  SemaphoreP_defaultParams         
20012900  HwiP_key                         
20012904  HwiP_swiPIntNum                  
20012908  ClockP_tickPeriod                
2001290f  TimerFlag                        
20012910  errno                            
20012914  _ctypes_                         
20012bc0  PowerCC32XX_config               
20012c04  UARTCC32XX_fxnTable              
20012c2c  UART_defaultParams               
20012c98  TimerCC32XX_fxnTable             
20012d20  GPIOCC32XX_config                
20012d48  i2cCC32XXHWAttrs                 
20012d84  I2C_defaultParams                
20012db4  timerCC32XXHWAttrs               
20012dd0  Timer_config                     
20012ddc  UART_config                      
20012df4  CONFIG_GPIO_BUTTON_0_CONST       
20012df5  CONFIG_GPIO_BUTTON_1_CONST       
20012df6  CONFIG_GPIO_LED_0_CONST          
20012df7  CONFIG_I2C_0_CONST               
20012df8  I2C_count                        
20012df9  CONFIG_TIMER_0_CONST             
20012dfa  Timer_count                      
20012dfb  CONFIG_UART_0_CONST              
20012dfc  UART_count                       
20012e00  I2C_config                       
20012e08  outPinTypes                      
20012e1e  inPinTypes                       
20012e24  outPinStrengths                  
20012e30  PowerCC32XX_contextSave          
20012f5c  i2cCC32XXObjects                 
20013058  uartCC32XXObjects0               
200130dc  output                           
2001311c  timerCC32XXObjects               
20013190  i2cTransaction                   
200131c8  ClockP_ctrl                      
200131f0  i2c                              
200131f4  rxBuffer                         
200131f8  timer0                           
200131fc  txBuffer                         
20013200  uart                             
20013208  __TI_static_base__               
200132d4  __TI_Handler_Table_Base          
200132e0  __TI_Handler_Table_Limit         
200132e8  __TI_CINIT_Base                  
200132f8  __TI_CINIT_Limit                 
ffffffff  __TI_pprof_out_hndl              
ffffffff  __TI_prof_data_size              
ffffffff  __TI_prof_data_start             
ffffffff  __binit__                        
ffffffff  __c_args__                       
ffffffff  binit                            
UNDEFED   ITM_flush                        
UNDEFED   ITM_restore                      
UNDEFED   __mpu_init                       
UNDEFED   _system_post_cinit               

[302 symbols]
